<html>
<body>
<pre>
<h1>µVision Build Log</h1>
<h2>Project:</h2>
N:\MTE - 241\Project2\Project2.uvproj
Project File Date:  10/10/2015

<h2>Output:</h2>
Rebuild target 'Target 1'
assembling startup_LPC17xx.s...
compiling system_LPC17xx.c...
compiling GLCD_Scroll.c...
compiling GLCD_SPI_LPC1700.c...
compiling Retarget.c...
compiling half_fit.c...
compiling half_fit_test_lcd.c...
linking...
Program Size: Code=8214 RO-data=6538 RW-data=52 ZI-data=41532  
"Project2.axf" - 0 Error(s), 0 Warning(s).
Load "N:\\MTE - 241\\Project2\\Project2.AXF" 
Erase Done.
Programming Done.
Verify OK.
