<html>
<body>
<pre>
<h1>µVision Build Log</h1>
<h2>Project:</h2>
C:\Users\pshering\Downloads\Project4_Clean (1)\Project4_Clean\Project4_Pavel.uvproj
Project File Date:  11/24/2015

<h2>Output:</h2>
Rebuild target 'Target 1'
assembling startup_LPC17xx.s...
compiling system_LPC17xx.c...
compiling Retarget.c...
compiling uart.c...
compiling main.c...
main.c(237): warning:  #177-D: variable "x" was declared but never referenced
main.c(237): warning:  #177-D: variable "y" was declared but never referenced
main.c(239): warning:  #550-D: variable "radius" was set but never used
main.c(380): warning:  #177-D: variable "i" was declared but never referenced
main.c(381): warning:  #550-D: variable "debounced" was set but never used
main.c(453): warning:  #167-D: argument of type "volatile bool *" is incompatible with parameter of type "bool *"
compiling RTX_Conf_CM.c...
compiling INT0.c...
compiling LED.c...
compiling Potentiometer.c...
compiling KBD.c...
compiling GLCD_SPI_LPC1700.c...
compiling GLCD_Scroll.c...
linking...
Program Size: Code=11988 RO-data=6616 RW-data=968 ZI-data=29232  
"Project3.axf" - 0 Error(s), 6 Warning(s).
Load "C:\\Users\\pshering\\Downloads\\Project4_Clean (1)\\Project4_Clean\\Project3.AXF" 
Erase Done.
Programming Done.
Verify OK.
Rebuild target 'Target 1'
assembling startup_LPC17xx.s...
compiling system_LPC17xx.c...
compiling Retarget.c...
compiling uart.c...
compiling main.c...
main.c(237): warning:  #177-D: variable "x" was declared but never referenced
main.c(237): warning:  #177-D: variable "y" was declared but never referenced
main.c(239): warning:  #550-D: variable "radius" was set but never used
main.c(380): warning:  #177-D: variable "i" was declared but never referenced
main.c(381): warning:  #550-D: variable "debounced" was set but never used
main.c(448): warning:  #167-D: argument of type "volatile bool *" is incompatible with parameter of type "bool *"
compiling RTX_Conf_CM.c...
compiling INT0.c...
compiling LED.c...
compiling Potentiometer.c...
compiling KBD.c...
compiling GLCD_SPI_LPC1700.c...
compiling GLCD_Scroll.c...
linking...
Program Size: Code=11960 RO-data=6616 RW-data=968 ZI-data=29232  
"Project3.axf" - 0 Error(s), 6 Warning(s).
Load "C:\\Users\\pshering\\Downloads\\Project4_Clean (1)\\Project4_Clean\\Project3.AXF" 
Erase Done.
Programming Done.
Verify OK.
Rebuild target 'Target 1'
assembling startup_LPC17xx.s...
compiling system_LPC17xx.c...
compiling Retarget.c...
compiling uart.c...
compiling main.c...
main.c(237): warning:  #177-D: variable "x" was declared but never referenced
main.c(237): warning:  #177-D: variable "y" was declared but never referenced
main.c(239): warning:  #550-D: variable "radius" was set but never used
main.c(378): warning:  #177-D: variable "i" was declared but never referenced
main.c(379): warning:  #550-D: variable "debounced" was set but never used
main.c(446): warning:  #167-D: argument of type "volatile bool *" is incompatible with parameter of type "bool *"
compiling RTX_Conf_CM.c...
compiling INT0.c...
compiling LED.c...
compiling Potentiometer.c...
compiling KBD.c...
compiling GLCD_SPI_LPC1700.c...
compiling GLCD_Scroll.c...
linking...
Program Size: Code=11728 RO-data=6616 RW-data=968 ZI-data=29232  
"Project3.axf" - 0 Error(s), 6 Warning(s).
Load "C:\\Users\\pshering\\Downloads\\Project4_Clean (1)\\Project4_Clean\\Project3.AXF" 
Erase Done.
Programming Done.
Verify OK.
Load "C:\\Users\\pshering\\Downloads\\Project4_Clean (1)\\Project4_Clean\\Project3.AXF" 
Erase Done.
Programming Done.
Verify OK.
Rebuild target 'Target 1'
assembling startup_LPC17xx.s...
compiling system_LPC17xx.c...
compiling Retarget.c...
compiling uart.c...
compiling main.c...
main.c(237): warning:  #177-D: variable "x" was declared but never referenced
main.c(237): warning:  #177-D: variable "y" was declared but never referenced
main.c(239): warning:  #550-D: variable "radius" was set but never used
main.c(378): warning:  #177-D: variable "i" was declared but never referenced
main.c(379): warning:  #550-D: variable "debounced" was set but never used
main.c(446): warning:  #167-D: argument of type "volatile bool *" is incompatible with parameter of type "bool *"
compiling RTX_Conf_CM.c...
compiling INT0.c...
compiling LED.c...
compiling Potentiometer.c...
compiling KBD.c...
compiling GLCD_SPI_LPC1700.c...
compiling GLCD_Scroll.c...
linking...
Program Size: Code=11960 RO-data=6616 RW-data=968 ZI-data=29232  
"Project3.axf" - 0 Error(s), 6 Warning(s).
Load "C:\\Users\\pshering\\Downloads\\Project4_Clean (1)\\Project4_Clean\\Project3.AXF" 
Erase Done.
Programming Done.
Verify OK.
Rebuild target 'Target 1'
assembling startup_LPC17xx.s...
compiling system_LPC17xx.c...
compiling Retarget.c...
compiling uart.c...
compiling main.c...
main.c(237): warning:  #177-D: variable "x" was declared but never referenced
main.c(237): warning:  #177-D: variable "y" was declared but never referenced
main.c(239): warning:  #550-D: variable "radius" was set but never used
main.c(380): warning:  #177-D: variable "i" was declared but never referenced
main.c(381): warning:  #550-D: variable "debounced" was set but never used
main.c(448): warning:  #167-D: argument of type "volatile bool *" is incompatible with parameter of type "bool *"
compiling RTX_Conf_CM.c...
compiling INT0.c...
compiling LED.c...
compiling Potentiometer.c...
compiling KBD.c...
compiling GLCD_SPI_LPC1700.c...
compiling GLCD_Scroll.c...
linking...
Program Size: Code=11972 RO-data=6616 RW-data=968 ZI-data=29232  
"Project3.axf" - 0 Error(s), 6 Warning(s).
Load "C:\\Users\\pshering\\Downloads\\Project4_Clean (1)\\Project4_Clean\\Project3.AXF" 
Erase Done.
Programming Done.
Verify OK.
Load "C:\\Users\\pshering\\Downloads\\Project4_Clean (1)\\Project4_Clean\\Project3.AXF" 
Erase Done.
Programming Done.
Verify OK.
Rebuild target 'Target 1'
assembling startup_LPC17xx.s...
compiling system_LPC17xx.c...
compiling Retarget.c...
compiling uart.c...
compiling main.c...
main.c(237): warning:  #177-D: variable "x" was declared but never referenced
main.c(237): warning:  #177-D: variable "y" was declared but never referenced
main.c(239): warning:  #550-D: variable "radius" was set but never used
main.c(380): warning:  #177-D: variable "i" was declared but never referenced
main.c(381): warning:  #550-D: variable "debounced" was set but never used
main.c(448): warning:  #167-D: argument of type "volatile bool *" is incompatible with parameter of type "bool *"
compiling RTX_Conf_CM.c...
compiling INT0.c...
compiling LED.c...
compiling Potentiometer.c...
compiling KBD.c...
compiling GLCD_SPI_LPC1700.c...
compiling GLCD_Scroll.c...
linking...
Program Size: Code=11956 RO-data=6616 RW-data=968 ZI-data=29232  
"Project3.axf" - 0 Error(s), 6 Warning(s).
Load "C:\\Users\\pshering\\Downloads\\Project4_Clean (1)\\Project4_Clean\\Project3.AXF" 
Erase Done.
Programming Done.
Verify OK.
Rebuild target 'Target 1'
assembling startup_LPC17xx.s...
compiling system_LPC17xx.c...
compiling Retarget.c...
compiling uart.c...
compiling main.c...
main.c(237): warning:  #177-D: variable "x" was declared but never referenced
main.c(237): warning:  #177-D: variable "y" was declared but never referenced
main.c(239): warning:  #550-D: variable "radius" was set but never used
main.c(380): warning:  #177-D: variable "i" was declared but never referenced
main.c(381): warning:  #550-D: variable "debounced" was set but never used
main.c(448): warning:  #167-D: argument of type "volatile bool *" is incompatible with parameter of type "bool *"
compiling RTX_Conf_CM.c...
compiling INT0.c...
compiling LED.c...
compiling Potentiometer.c...
compiling KBD.c...
compiling GLCD_SPI_LPC1700.c...
compiling GLCD_Scroll.c...
linking...
Program Size: Code=11972 RO-data=6616 RW-data=968 ZI-data=29232  
"Project3.axf" - 0 Error(s), 6 Warning(s).
Rebuild target 'Target 1'
assembling startup_LPC17xx.s...
compiling system_LPC17xx.c...
compiling Retarget.c...
compiling uart.c...
compiling main.c...
main.c(237): warning:  #177-D: variable "x" was declared but never referenced
main.c(237): warning:  #177-D: variable "y" was declared but never referenced
main.c(239): warning:  #550-D: variable "radius" was set but never used
main.c(380): warning:  #177-D: variable "i" was declared but never referenced
main.c(448): warning:  #167-D: argument of type "volatile bool *" is incompatible with parameter of type "bool *"
compiling RTX_Conf_CM.c...
compiling INT0.c...
compiling LED.c...
compiling Potentiometer.c...
compiling KBD.c...
compiling GLCD_SPI_LPC1700.c...
compiling GLCD_Scroll.c...
linking...
Program Size: Code=11976 RO-data=6616 RW-data=968 ZI-data=29232  
"Project3.axf" - 0 Error(s), 5 Warning(s).
Load "C:\\Users\\pshering\\Downloads\\Project4_Clean (1)\\Project4_Clean\\Project3.AXF" 
Erase Done.
Programming Done.
Verify OK.
Rebuild target 'Target 1'
assembling startup_LPC17xx.s...
compiling system_LPC17xx.c...
compiling Retarget.c...
compiling uart.c...
compiling main.c...
main.c(237): warning:  #177-D: variable "x" was declared but never referenced
main.c(237): warning:  #177-D: variable "y" was declared but never referenced
main.c(239): warning:  #550-D: variable "radius" was set but never used
main.c(380): warning:  #177-D: variable "i" was declared but never referenced
main.c(448): warning:  #167-D: argument of type "volatile bool *" is incompatible with parameter of type "bool *"
compiling RTX_Conf_CM.c...
compiling INT0.c...
compiling LED.c...
compiling Potentiometer.c...
compiling KBD.c...
compiling GLCD_SPI_LPC1700.c...
compiling GLCD_Scroll.c...
linking...
Program Size: Code=11976 RO-data=6616 RW-data=968 ZI-data=29232  
"Project3.axf" - 0 Error(s), 5 Warning(s).
Load "C:\\Users\\pshering\\Downloads\\Project4_Clean (1)\\Project4_Clean\\Project3.AXF" 
Erase Done.
Programming Done.
Verify OK.
Rebuild target 'Target 1'
assembling startup_LPC17xx.s...
compiling system_LPC17xx.c...
compiling Retarget.c...
compiling uart.c...
compiling main.c...
main.c(237): warning:  #177-D: variable "x" was declared but never referenced
main.c(237): warning:  #177-D: variable "y" was declared but never referenced
main.c(239): warning:  #550-D: variable "radius" was set but never used
main.c(381): warning:  #177-D: variable "i" was declared but never referenced
main.c(449): warning:  #167-D: argument of type "volatile bool *" is incompatible with parameter of type "bool *"
compiling RTX_Conf_CM.c...
compiling INT0.c...
compiling LED.c...
compiling Potentiometer.c...
compiling KBD.c...
compiling GLCD_SPI_LPC1700.c...
compiling GLCD_Scroll.c...
linking...
Program Size: Code=12004 RO-data=6616 RW-data=968 ZI-data=29232  
"Project3.axf" - 0 Error(s), 5 Warning(s).
Load "C:\\Users\\pshering\\Downloads\\Project4_Clean (1)\\Project4_Clean\\Project3.AXF" 
Erase Done.
Programming Done.
Verify OK.
Rebuild target 'Target 1'
assembling startup_LPC17xx.s...
compiling system_LPC17xx.c...
compiling Retarget.c...
compiling uart.c...
compiling main.c...
main.c(237): warning:  #177-D: variable "x" was declared but never referenced
main.c(237): warning:  #177-D: variable "y" was declared but never referenced
main.c(239): warning:  #550-D: variable "radius" was set but never used
main.c(380): warning:  #177-D: variable "i" was declared but never referenced
main.c(449): warning:  #167-D: argument of type "volatile bool *" is incompatible with parameter of type "bool *"
compiling RTX_Conf_CM.c...
compiling INT0.c...
compiling LED.c...
compiling Potentiometer.c...
compiling KBD.c...
compiling GLCD_SPI_LPC1700.c...
compiling GLCD_Scroll.c...
linking...
Program Size: Code=11968 RO-data=6616 RW-data=968 ZI-data=29232  
"Project3.axf" - 0 Error(s), 5 Warning(s).
Load "C:\\Users\\pshering\\Downloads\\Project4_Clean (1)\\Project4_Clean\\Project3.AXF" 
Erase Done.
Programming Done.
Verify OK.
Rebuild target 'Target 1'
assembling startup_LPC17xx.s...
compiling system_LPC17xx.c...
compiling Retarget.c...
compiling uart.c...
compiling main.c...
main.c(246): error:  #20: identifier "radius" is undefined
main.c(447): warning:  #167-D: argument of type "volatile bool *" is incompatible with parameter of type "bool *"
compiling RTX_Conf_CM.c...
compiling INT0.c...
compiling LED.c...
compiling Potentiometer.c...
compiling KBD.c...
compiling GLCD_SPI_LPC1700.c...
compiling GLCD_Scroll.c...
Target not created
Rebuild target 'Target 1'
assembling startup_LPC17xx.s...
compiling system_LPC17xx.c...
compiling Retarget.c...
compiling uart.c...
compiling main.c...
main.c(446): warning:  #167-D: argument of type "volatile bool *" is incompatible with parameter of type "bool *"
compiling RTX_Conf_CM.c...
compiling INT0.c...
compiling LED.c...
compiling Potentiometer.c...
compiling KBD.c...
compiling GLCD_SPI_LPC1700.c...
compiling GLCD_Scroll.c...
linking...
Program Size: Code=11964 RO-data=6616 RW-data=968 ZI-data=29232  
"Project3.axf" - 0 Error(s), 1 Warning(s).
Rebuild target 'Target 1'
assembling startup_LPC17xx.s...
compiling system_LPC17xx.c...
compiling Retarget.c...
compiling uart.c...
compiling main.c...
compiling RTX_Conf_CM.c...
compiling INT0.c...
compiling LED.c...
compiling Potentiometer.c...
compiling KBD.c...
compiling GLCD_SPI_LPC1700.c...
compiling GLCD_Scroll.c...
linking...
Program Size: Code=11964 RO-data=6616 RW-data=968 ZI-data=29232  
"Project3.axf" - 0 Error(s), 0 Warning(s).
Rebuild target 'Target 1'
assembling startup_LPC17xx.s...
compiling system_LPC17xx.c...
compiling Retarget.c...
compiling uart.c...
compiling main.c...
main.c(446): warning:  #167-D: argument of type "volatile bool *" is incompatible with parameter of type "bool *"
compiling RTX_Conf_CM.c...
compiling INT0.c...
INT0.c(12): error:  #147-D: declaration is incompatible with "void INT0Init(bool *)" (declared at line 6 of "INT0.h")
compiling LED.c...
compiling Potentiometer.c...
compiling KBD.c...
compiling GLCD_SPI_LPC1700.c...
compiling GLCD_Scroll.c...
Target not created
Rebuild target 'Target 1'
assembling startup_LPC17xx.s...
compiling system_LPC17xx.c...
compiling Retarget.c...
compiling uart.c...
compiling main.c...
compiling RTX_Conf_CM.c...
compiling INT0.c...
compiling LED.c...
compiling Potentiometer.c...
compiling KBD.c...
compiling GLCD_SPI_LPC1700.c...
compiling GLCD_Scroll.c...
linking...
Program Size: Code=11964 RO-data=6616 RW-data=968 ZI-data=29232  
"Project3.axf" - 0 Error(s), 0 Warning(s).
Load "C:\\Users\\pshering\\Downloads\\Project4_Clean (1)\\Project4_Clean\\Project3.AXF" 
Erase Done.
Programming Done.
Verify OK.
Rebuild target 'Target 1'
assembling startup_LPC17xx.s...
compiling system_LPC17xx.c...
compiling Retarget.c...
compiling uart.c...
compiling main.c...
compiling RTX_Conf_CM.c...
compiling INT0.c...
compiling LED.c...
compiling Potentiometer.c...
compiling KBD.c...
compiling GLCD_SPI_LPC1700.c...
compiling GLCD_Scroll.c...
linking...
Program Size: Code=11964 RO-data=6616 RW-data=968 ZI-data=29232  
"Project3.axf" - 0 Error(s), 0 Warning(s).
Load "C:\\Users\\pshering\\Downloads\\Project4_Clean (1)\\Project4_Clean\\Project3.AXF" 
Erase Done.
Programming Done.
Verify OK.
Rebuild target 'Target 1'
assembling startup_LPC17xx.s...
compiling system_LPC17xx.c...
compiling Retarget.c...
compiling uart.c...
compiling main.c...
main.c(479): warning:  #140-D: too many arguments in function call
compiling RTX_Conf_CM.c...
compiling INT0.c...
compiling LED.c...
compiling Potentiometer.c...
compiling KBD.c...
compiling GLCD_SPI_LPC1700.c...
compiling GLCD_Scroll.c...
linking...
Program Size: Code=11940 RO-data=6616 RW-data=964 ZI-data=29236  
"Project3.axf" - 0 Error(s), 1 Warning(s).
Load "C:\\Users\\pshering\\Downloads\\Project4_Clean (1)\\Project4_Clean\\Project3.AXF" 
Erase Done.
Programming Done.
Verify OK.
Rebuild target 'Target 1'
assembling startup_LPC17xx.s...
compiling system_LPC17xx.c...
compiling Retarget.c...
compiling uart.c...
compiling main.c...
compiling RTX_Conf_CM.c...
compiling INT0.c...
compiling LED.c...
compiling Potentiometer.c...
compiling KBD.c...
compiling GLCD_SPI_LPC1700.c...
compiling GLCD_Scroll.c...
linking...
Program Size: Code=11936 RO-data=6616 RW-data=964 ZI-data=29236  
"Project3.axf" - 0 Error(s), 0 Warning(s).
Load "C:\\Users\\pshering\\Downloads\\Project4_Clean (1)\\Project4_Clean\\Project3.AXF" 
Erase Done.
Programming Done.
Verify OK.
Rebuild target 'Target 1'
assembling startup_LPC17xx.s...
compiling system_LPC17xx.c...
compiling Retarget.c...
compiling uart.c...
compiling main.c...
compiling RTX_Conf_CM.c...
compiling INT0.c...
compiling LED.c...
compiling Potentiometer.c...
compiling KBD.c...
compiling GLCD_SPI_LPC1700.c...
compiling GLCD_Scroll.c...
linking...
Program Size: Code=11936 RO-data=6616 RW-data=964 ZI-data=29236  
"Project3.axf" - 0 Error(s), 0 Warning(s).
Load "C:\\Users\\pshering\\Downloads\\Project4_Clean (1)\\Project4_Clean\\Project3.AXF" 
Erase Done.
Programming Done.
Verify OK.
Rebuild target 'Target 1'
assembling startup_LPC17xx.s...
compiling system_LPC17xx.c...
compiling Retarget.c...
compiling uart.c...
compiling main.c...
main.c(275): warning:  #223-D: function "checkCollision" declared implicitly
main.c(345): error:  #159: declaration is incompatible with previous "checkCollision" (declared at line 275)
compiling RTX_Conf_CM.c...
compiling INT0.c...
compiling LED.c...
compiling Potentiometer.c...
compiling KBD.c...
compiling GLCD_SPI_LPC1700.c...
compiling GLCD_Scroll.c...
Target not created
Rebuild target 'Target 1'
assembling startup_LPC17xx.s...
compiling system_LPC17xx.c...
compiling Retarget.c...
compiling uart.c...
compiling main.c...
compiling RTX_Conf_CM.c...
compiling INT0.c...
compiling LED.c...
compiling Potentiometer.c...
compiling KBD.c...
compiling GLCD_SPI_LPC1700.c...
compiling GLCD_Scroll.c...
linking...
Program Size: Code=11960 RO-data=6616 RW-data=964 ZI-data=29236  
"Project3.axf" - 0 Error(s), 0 Warning(s).
Load "C:\\Users\\pshering\\Downloads\\Project4_Clean (1)\\Project4_Clean\\Project3.AXF" 
Erase Done.
Programming Done.
Verify OK.
Rebuild target 'Target 1'
assembling startup_LPC17xx.s...
compiling system_LPC17xx.c...
compiling Retarget.c...
compiling uart.c...
compiling main.c...
compiling RTX_Conf_CM.c...
compiling INT0.c...
compiling LED.c...
compiling Potentiometer.c...
compiling KBD.c...
compiling GLCD_SPI_LPC1700.c...
compiling GLCD_Scroll.c...
linking...
Program Size: Code=11936 RO-data=6616 RW-data=964 ZI-data=29236  
"Project3.axf" - 0 Error(s), 0 Warning(s).
Load "C:\\Users\\pshering\\Downloads\\Project4_Clean (1)\\Project4_Clean\\Project3.AXF" 
Erase Done.
Programming Done.
Verify OK.
Rebuild target 'Target 1'
assembling startup_LPC17xx.s...
compiling system_LPC17xx.c...
compiling Retarget.c...
compiling uart.c...
compiling main.c...
compiling RTX_Conf_CM.c...
compiling INT0.c...
compiling LED.c...
compiling Potentiometer.c...
compiling KBD.c...
compiling GLCD_SPI_LPC1700.c...
compiling GLCD_Scroll.c...
linking...
Program Size: Code=11916 RO-data=6616 RW-data=964 ZI-data=29236  
"Project3.axf" - 0 Error(s), 0 Warning(s).
Load "C:\\Users\\pshering\\Downloads\\Project4_Clean (1)\\Project4_Clean\\Project3.AXF" 
Erase Done.
Programming Done.
Verify OK.
Rebuild target 'Target 1'
assembling startup_LPC17xx.s...
compiling system_LPC17xx.c...
compiling Retarget.c...
compiling uart.c...
compiling main.c...
compiling RTX_Conf_CM.c...
compiling INT0.c...
compiling LED.c...
compiling Potentiometer.c...
compiling KBD.c...
compiling GLCD_SPI_LPC1700.c...
compiling GLCD_Scroll.c...
linking...
Program Size: Code=11936 RO-data=6616 RW-data=964 ZI-data=29236  
"Project3.axf" - 0 Error(s), 0 Warning(s).
Load "C:\\Users\\pshering\\Downloads\\Project4_Clean (1)\\Project4_Clean\\Project3.AXF" 
Erase Done.
Programming Done.
Verify OK.
Rebuild target 'Target 1'
assembling startup_LPC17xx.s...
compiling system_LPC17xx.c...
compiling Retarget.c...
compiling uart.c...
compiling main.c...
compiling RTX_Conf_CM.c...
compiling INT0.c...
compiling LED.c...
compiling Potentiometer.c...
compiling KBD.c...
compiling GLCD_SPI_LPC1700.c...
compiling GLCD_Scroll.c...
linking...
Program Size: Code=11924 RO-data=6616 RW-data=964 ZI-data=29236  
"Project3.axf" - 0 Error(s), 0 Warning(s).
Load "C:\\Users\\pshering\\Downloads\\Project4_Clean (1)\\Project4_Clean\\Project3.AXF" 
Erase Done.
Programming Done.
Verify OK.
Rebuild target 'Target 1'
assembling startup_LPC17xx.s...
compiling system_LPC17xx.c...
compiling Retarget.c...
compiling uart.c...
compiling main.c...
compiling RTX_Conf_CM.c...
compiling INT0.c...
compiling LED.c...
compiling Potentiometer.c...
compiling KBD.c...
compiling GLCD_SPI_LPC1700.c...
compiling GLCD_Scroll.c...
linking...
Program Size: Code=11912 RO-data=6616 RW-data=964 ZI-data=29236  
"Project3.axf" - 0 Error(s), 0 Warning(s).
Load "C:\\Users\\pshering\\Downloads\\Project4_Clean (1)\\Project4_Clean\\Project3.AXF" 
Erase Done.
Programming Done.
Verify OK.
Rebuild target 'Target 1'
assembling startup_LPC17xx.s...
compiling system_LPC17xx.c...
compiling Retarget.c...
compiling uart.c...
compiling main.c...
compiling RTX_Conf_CM.c...
compiling INT0.c...
compiling LED.c...
compiling Potentiometer.c...
compiling KBD.c...
compiling GLCD_SPI_LPC1700.c...
compiling GLCD_Scroll.c...
linking...
Program Size: Code=11920 RO-data=6616 RW-data=964 ZI-data=29236  
"Project3.axf" - 0 Error(s), 0 Warning(s).
Load "C:\\Users\\pshering\\Downloads\\Project4_Clean (1)\\Project4_Clean\\Project3.AXF" 
Erase Done.
Programming Done.
Verify OK.
Rebuild target 'Target 1'
assembling startup_LPC17xx.s...
compiling system_LPC17xx.c...
compiling Retarget.c...
compiling uart.c...
compiling main.c...
compiling RTX_Conf_CM.c...
compiling INT0.c...
compiling LED.c...
compiling Potentiometer.c...
compiling KBD.c...
compiling GLCD_SPI_LPC1700.c...
compiling GLCD_Scroll.c...
linking...
Program Size: Code=11912 RO-data=6616 RW-data=964 ZI-data=29236  
"Project3.axf" - 0 Error(s), 0 Warning(s).
Load "C:\\Users\\pshering\\Downloads\\Project4_Clean (1)\\Project4_Clean\\Project3.AXF" 
Erase Done.
Programming Done.
Verify OK.
Rebuild target 'Target 1'
assembling startup_LPC17xx.s...
compiling system_LPC17xx.c...
compiling Retarget.c...
compiling uart.c...
compiling main.c...
main.c(378): warning:  #177-D: variable "wait" was declared but never referenced
compiling RTX_Conf_CM.c...
compiling INT0.c...
compiling LED.c...
compiling Potentiometer.c...
compiling KBD.c...
compiling GLCD_SPI_LPC1700.c...
compiling GLCD_Scroll.c...
linking...
Program Size: Code=11960 RO-data=6616 RW-data=964 ZI-data=29236  
"Project3.axf" - 0 Error(s), 1 Warning(s).
Load "C:\\Users\\pshering\\Downloads\\Project4_Clean (1)\\Project4_Clean\\Project3.AXF" 
Erase Done.
Programming Done.
Verify OK.
Rebuild target 'Target 1'
assembling startup_LPC17xx.s...
compiling system_LPC17xx.c...
compiling Retarget.c...
compiling uart.c...
compiling main.c...
main.c(378): warning:  #177-D: variable "wait" was declared but never referenced
compiling RTX_Conf_CM.c...
compiling INT0.c...
compiling LED.c...
compiling Potentiometer.c...
compiling KBD.c...
compiling GLCD_SPI_LPC1700.c...
compiling GLCD_Scroll.c...
linking...
Program Size: Code=11972 RO-data=6616 RW-data=964 ZI-data=29236  
"Project3.axf" - 0 Error(s), 1 Warning(s).
Load "C:\\Users\\pshering\\Downloads\\Project4_Clean (1)\\Project4_Clean\\Project3.AXF" 
Erase Done.
Programming Done.
Verify OK.
Rebuild target 'Target 1'
assembling startup_LPC17xx.s...
compiling system_LPC17xx.c...
compiling Retarget.c...
compiling uart.c...
compiling main.c...
main.c(378): warning:  #177-D: variable "wait" was declared but never referenced
compiling RTX_Conf_CM.c...
compiling INT0.c...
compiling LED.c...
compiling Potentiometer.c...
compiling KBD.c...
compiling GLCD_SPI_LPC1700.c...
compiling GLCD_Scroll.c...
linking...
Program Size: Code=11972 RO-data=6616 RW-data=964 ZI-data=29236  
"Project3.axf" - 0 Error(s), 1 Warning(s).
Rebuild target 'Target 1'
assembling startup_LPC17xx.s...
compiling system_LPC17xx.c...
compiling Retarget.c...
compiling uart.c...
compiling main.c...
compiling RTX_Conf_CM.c...
compiling INT0.c...
compiling LED.c...
compiling Potentiometer.c...
compiling KBD.c...
compiling GLCD_SPI_LPC1700.c...
compiling GLCD_Scroll.c...
linking...
Program Size: Code=11984 RO-data=6616 RW-data=964 ZI-data=29268  
"Project3.axf" - 0 Error(s), 0 Warning(s).
Load "C:\\Users\\pshering\\Downloads\\Project4_Clean (1)\\Project4_Clean\\Project3.AXF" 
Erase Done.
Programming Done.
Verify OK.
Rebuild target 'Target 1'
assembling startup_LPC17xx.s...
compiling system_LPC17xx.c...
compiling Retarget.c...
compiling uart.c...
compiling main.c...
compiling RTX_Conf_CM.c...
compiling INT0.c...
compiling LED.c...
compiling Potentiometer.c...
compiling KBD.c...
compiling GLCD_SPI_LPC1700.c...
compiling GLCD_Scroll.c...
linking...
Program Size: Code=11984 RO-data=6616 RW-data=964 ZI-data=29268  
"Project3.axf" - 0 Error(s), 0 Warning(s).
Load "C:\\Users\\pshering\\Downloads\\Project4_Clean (1)\\Project4_Clean\\Project3.AXF" 
Erase Done.
Programming Done.
Verify OK.
Rebuild target 'Target 1'
assembling startup_LPC17xx.s...
compiling system_LPC17xx.c...
compiling Retarget.c...
compiling uart.c...
compiling main.c...
compiling RTX_Conf_CM.c...
compiling INT0.c...
compiling LED.c...
compiling Potentiometer.c...
compiling KBD.c...
compiling GLCD_SPI_LPC1700.c...
compiling GLCD_Scroll.c...
linking...
Program Size: Code=11992 RO-data=6616 RW-data=964 ZI-data=29268  
"Project3.axf" - 0 Error(s), 0 Warning(s).
Load "C:\\Users\\pshering\\Downloads\\Project4_Clean (1)\\Project4_Clean\\Project3.AXF" 
Erase Done.
Programming Done.
Verify OK.
Rebuild target 'Target 1'
assembling startup_LPC17xx.s...
compiling system_LPC17xx.c...
compiling Retarget.c...
compiling uart.c...
compiling main.c...
compiling RTX_Conf_CM.c...
compiling INT0.c...
compiling LED.c...
compiling Potentiometer.c...
compiling KBD.c...
compiling GLCD_SPI_LPC1700.c...
compiling GLCD_Scroll.c...
linking...
Program Size: Code=11940 RO-data=6616 RW-data=964 ZI-data=29268  
"Project3.axf" - 0 Error(s), 0 Warning(s).
Rebuild target 'Target 1'
assembling startup_LPC17xx.s...
compiling system_LPC17xx.c...
compiling Retarget.c...
compiling uart.c...
compiling main.c...
main.c(378): warning:  #177-D: variable "wait" was declared but never referenced
compiling RTX_Conf_CM.c...
compiling INT0.c...
compiling LED.c...
compiling Potentiometer.c...
compiling KBD.c...
compiling GLCD_SPI_LPC1700.c...
compiling GLCD_Scroll.c...
linking...
Program Size: Code=11972 RO-data=6616 RW-data=964 ZI-data=29236  
"Project3.axf" - 0 Error(s), 1 Warning(s).
Load "C:\\Users\\pshering\\Downloads\\Project4_Clean (1)\\Project4_Clean\\Project3.AXF" 
Erase Done.
Programming Done.
Verify OK.
Load "C:\\Users\\pshering\\Downloads\\Project4_Clean (1)\\Project4_Clean\\Project3.AXF" 
Erase Done.
Programming Done.
Verify OK.
Rebuild target 'Target 1'
assembling startup_LPC17xx.s...
compiling system_LPC17xx.c...
compiling Retarget.c...
compiling uart.c...
compiling main.c...
main.c(384): warning:  #177-D: variable "wait" was declared but never referenced
compiling RTX_Conf_CM.c...
compiling INT0.c...
compiling LED.c...
compiling Potentiometer.c...
compiling KBD.c...
compiling GLCD_SPI_LPC1700.c...
compiling GLCD_Scroll.c...
linking...
Program Size: Code=12148 RO-data=6616 RW-data=964 ZI-data=29236  
"Project3.axf" - 0 Error(s), 1 Warning(s).
Load "C:\\Users\\pshering\\Downloads\\Project4_Clean (1)\\Project4_Clean\\Project3.AXF" 
Erase Done.
Programming Done.
Verify OK.
Rebuild target 'Target 1'
assembling startup_LPC17xx.s...
compiling system_LPC17xx.c...
compiling Retarget.c...
compiling uart.c...
compiling main.c...
compiling RTX_Conf_CM.c...
compiling INT0.c...
compiling LED.c...
compiling Potentiometer.c...
compiling KBD.c...
compiling GLCD_SPI_LPC1700.c...
compiling GLCD_Scroll.c...
linking...
Program Size: Code=12104 RO-data=6616 RW-data=964 ZI-data=29236  
"Project3.axf" - 0 Error(s), 0 Warning(s).
Rebuild target 'Target 1'
assembling startup_LPC17xx.s...
compiling system_LPC17xx.c...
compiling Retarget.c...
compiling uart.c...
compiling main.c...
compiling RTX_Conf_CM.c...
compiling INT0.c...
compiling LED.c...
compiling Potentiometer.c...
compiling KBD.c...
compiling GLCD_SPI_LPC1700.c...
compiling GLCD_Scroll.c...
linking...
Program Size: Code=12480 RO-data=6616 RW-data=964 ZI-data=29236  
"Project3.axf" - 0 Error(s), 0 Warning(s).
Load "C:\\Users\\pshering\\Downloads\\Project4_Clean (1)\\Project4_Clean\\Project3.AXF" 
Erase Done.
Programming Done.
Verify OK.
Rebuild target 'Target 1'
assembling startup_LPC17xx.s...
compiling system_LPC17xx.c...
compiling Retarget.c...
compiling uart.c...
compiling main.c...
compiling RTX_Conf_CM.c...
compiling INT0.c...
compiling LED.c...
compiling Potentiometer.c...
compiling KBD.c...
compiling GLCD_SPI_LPC1700.c...
compiling GLCD_Scroll.c...
linking...
Program Size: Code=12288 RO-data=6616 RW-data=964 ZI-data=29236  
"Project3.axf" - 0 Error(s), 0 Warning(s).
Load "C:\\Users\\pshering\\Downloads\\Project4_Clean (1)\\Project4_Clean\\Project3.AXF" 
Erase Done.
Programming Done.
Verify OK.
Rebuild target 'Target 1'
assembling startup_LPC17xx.s...
compiling system_LPC17xx.c...
compiling Retarget.c...
compiling uart.c...
compiling main.c...
compiling RTX_Conf_CM.c...
compiling INT0.c...
compiling LED.c...
compiling Potentiometer.c...
compiling KBD.c...
compiling GLCD_SPI_LPC1700.c...
compiling GLCD_Scroll.c...
linking...
Program Size: Code=12388 RO-data=6616 RW-data=964 ZI-data=29236  
"Project3.axf" - 0 Error(s), 0 Warning(s).
Load "C:\\Users\\pshering\\Downloads\\Project4_Clean (1)\\Project4_Clean\\Project3.AXF" 
Erase Done.
Programming Done.
Verify OK.
Rebuild target 'Target 1'
assembling startup_LPC17xx.s...
compiling system_LPC17xx.c...
compiling Retarget.c...
compiling uart.c...
compiling main.c...
compiling RTX_Conf_CM.c...
compiling INT0.c...
compiling LED.c...
compiling Potentiometer.c...
compiling KBD.c...
compiling GLCD_SPI_LPC1700.c...
compiling GLCD_Scroll.c...
linking...
Program Size: Code=11924 RO-data=6616 RW-data=964 ZI-data=29236  
"Project3.axf" - 0 Error(s), 0 Warning(s).
Load "C:\\Users\\pshering\\Downloads\\Project4_Clean (1)\\Project4_Clean\\Project3.AXF" 
Erase Done.
Programming Done.
Verify OK.
Rebuild target 'Target 1'
assembling startup_LPC17xx.s...
compiling system_LPC17xx.c...
compiling Retarget.c...
compiling uart.c...
compiling main.c...
compiling RTX_Conf_CM.c...
compiling INT0.c...
compiling LED.c...
compiling Potentiometer.c...
compiling KBD.c...
compiling GLCD_SPI_LPC1700.c...
compiling GLCD_Scroll.c...
linking...
Program Size: Code=11924 RO-data=6616 RW-data=964 ZI-data=29236  
"Project3.axf" - 0 Error(s), 0 Warning(s).
Load "C:\\Users\\pshering\\Downloads\\Project4_Clean (1)\\Project4_Clean\\Project3.AXF" 
Erase Done.
Programming Done.
Verify OK.
Rebuild target 'Target 1'
assembling startup_LPC17xx.s...
compiling system_LPC17xx.c...
compiling Retarget.c...
compiling uart.c...
compiling main.c...
main.c(278): error:  #20: identifier "old_x" is undefined
main.c(278): error:  #20: identifier "old_y" is undefined
main.c(301): error:  #20: identifier "old_x" is undefined
compiling RTX_Conf_CM.c...
compiling INT0.c...
compiling LED.c...
compiling Potentiometer.c...
compiling KBD.c...
compiling GLCD_SPI_LPC1700.c...
compiling GLCD_Scroll.c...
Target not created
Rebuild target 'Target 1'
assembling startup_LPC17xx.s...
compiling system_LPC17xx.c...
compiling Retarget.c...
compiling uart.c...
compiling main.c...
compiling RTX_Conf_CM.c...
compiling INT0.c...
compiling LED.c...
compiling Potentiometer.c...
compiling KBD.c...
compiling GLCD_SPI_LPC1700.c...
compiling GLCD_Scroll.c...
linking...
Program Size: Code=11924 RO-data=6616 RW-data=964 ZI-data=29236  
"Project3.axf" - 0 Error(s), 0 Warning(s).
Rebuild target 'Target 1'
assembling startup_LPC17xx.s...
compiling system_LPC17xx.c...
compiling Retarget.c...
compiling uart.c...
compiling main.c...
compiling RTX_Conf_CM.c...
compiling INT0.c...
compiling LED.c...
compiling Potentiometer.c...
compiling KBD.c...
compiling GLCD_SPI_LPC1700.c...
compiling GLCD_Scroll.c...
linking...
Program Size: Code=11936 RO-data=6616 RW-data=964 ZI-data=29268  
"Project3.axf" - 0 Error(s), 0 Warning(s).
Rebuild target 'Target 1'
assembling startup_LPC17xx.s...
compiling system_LPC17xx.c...
compiling Retarget.c...
compiling uart.c...
compiling main.c...
main.c(219): error:  #268: declaration may not appear after executable statement in block
main.c(219): error:  #79: expected a type specifier
main.c(219): error:  #757: variable "tasks" is not a type name
main.c(219): error:  #28: expression must have a constant value
main.c(219): error:  #159: declaration is incompatible with previous "_os_tsk_delete" (declared at line 248 of "C:\Software\Keil\ARM\RV31\INC\RTL.h")
main.c(220): error:  #268: declaration may not appear after executable statement in block
main.c(220): error:  #79: expected a type specifier
main.c(220): error:  #757: variable "tasks" is not a type name
main.c(220): error:  #28: expression must have a constant value
compiling RTX_Conf_CM.c...
compiling INT0.c...
compiling LED.c...
compiling Potentiometer.c...
compiling KBD.c...
compiling GLCD_SPI_LPC1700.c...
compiling GLCD_Scroll.c...
Target not created
Load "C:\\Users\\pshering\\Downloads\\Project4_Clean (1)\\Project4_Clean\\Project3.AXF" 
_____^
*** error 56: cannot open file
Rebuild target 'Target 1'
assembling startup_LPC17xx.s...
compiling system_LPC17xx.c...
compiling Retarget.c...
compiling uart.c...
compiling main.c...
compiling RTX_Conf_CM.c...
compiling INT0.c...
compiling LED.c...
compiling Potentiometer.c...
compiling KBD.c...
compiling GLCD_SPI_LPC1700.c...
compiling GLCD_Scroll.c...
linking...
Program Size: Code=12148 RO-data=6616 RW-data=964 ZI-data=29268  
"Project3.axf" - 0 Error(s), 0 Warning(s).
Build target 'Target 1'
compiling main.c...
main.c(157): warning:  #111-D: statement is unreachable
linking...
Program Size: Code=12036 RO-data=6616 RW-data=964 ZI-data=29268  
"Project3.axf" - 0 Error(s), 1 Warning(s).
Load "C:\\Users\\pshering\\Downloads\\Project4_Clean (1)\\Project4_Clean\\Project3.AXF" 
Erase Done.
Programming Done.
Verify OK.
Rebuild target 'Target 1'
assembling startup_LPC17xx.s...
compiling system_LPC17xx.c...
compiling Retarget.c...
compiling uart.c...
compiling main.c...
main.c(157): warning:  #111-D: statement is unreachable
compiling RTX_Conf_CM.c...
compiling INT0.c...
compiling LED.c...
compiling Potentiometer.c...
compiling KBD.c...
compiling GLCD_SPI_LPC1700.c...
compiling GLCD_Scroll.c...
linking...
Program Size: Code=12056 RO-data=6616 RW-data=964 ZI-data=29268  
"Project3.axf" - 0 Error(s), 1 Warning(s).
Load "C:\\Users\\pshering\\Downloads\\Project4_Clean (1)\\Project4_Clean\\Project3.AXF" 
Erase Done.
Programming Done.
Verify OK.
Load "C:\\Users\\pshering\\Downloads\\Project4_Clean (1)\\Project4_Clean\\Project3.AXF" 
Erase Done.
Programming Done.
Verify OK.
Build target 'Target 1'
compiling main.c...
main.c(157): warning:  #111-D: statement is unreachable
linking...
Program Size: Code=12068 RO-data=6616 RW-data=964 ZI-data=29268  
"Project3.axf" - 0 Error(s), 1 Warning(s).
Load "C:\\Users\\pshering\\Downloads\\Project4_Clean (1)\\Project4_Clean\\Project3.AXF" 
Erase Done.
Programming Done.
Verify OK.
Rebuild target 'Target 1'
assembling startup_LPC17xx.s...
compiling system_LPC17xx.c...
compiling Retarget.c...
compiling uart.c...
compiling main.c...
compiling RTX_Conf_CM.c...
compiling INT0.c...
compiling LED.c...
compiling Potentiometer.c...
compiling KBD.c...
compiling GLCD_SPI_LPC1700.c...
compiling GLCD_Scroll.c...
linking...
Program Size: Code=11924 RO-data=6616 RW-data=964 ZI-data=29236  
"Project3.axf" - 0 Error(s), 0 Warning(s).
Load "C:\\Users\\pshering\\Downloads\\Project4_Clean (1)\\Project4_Clean\\Project3.AXF" 
Erase Done.
Programming Done.
Verify OK.
Rebuild target 'Target 1'
assembling startup_LPC17xx.s...
compiling system_LPC17xx.c...
compiling Retarget.c...
compiling uart.c...
compiling main.c...
compiling RTX_Conf_CM.c...
compiling INT0.c...
compiling LED.c...
compiling Potentiometer.c...
compiling KBD.c...
compiling GLCD_SPI_LPC1700.c...
compiling GLCD_Scroll.c...
linking...
Program Size: Code=11932 RO-data=6616 RW-data=964 ZI-data=29236  
"Project3.axf" - 0 Error(s), 0 Warning(s).
Load "C:\\Users\\pshering\\Downloads\\Project4_Clean (1)\\Project4_Clean\\Project3.AXF" 
Erase Done.
Programming Done.
Verify OK.
Rebuild target 'Target 1'
assembling startup_LPC17xx.s...
compiling system_LPC17xx.c...
compiling Retarget.c...
compiling uart.c...
compiling main.c...
main.c(327): warning:  #177-D: variable "i" was declared but never referenced
compiling RTX_Conf_CM.c...
compiling INT0.c...
compiling LED.c...
compiling Potentiometer.c...
compiling KBD.c...
compiling GLCD_SPI_LPC1700.c...
compiling GLCD_Scroll.c...
linking...
Program Size: Code=11924 RO-data=6616 RW-data=964 ZI-data=29236  
"Project3.axf" - 0 Error(s), 1 Warning(s).
Rebuild target 'Target 1'
assembling startup_LPC17xx.s...
compiling system_LPC17xx.c...
compiling Retarget.c...
compiling uart.c...
compiling main.c...
main.c(329): warning:  #177-D: variable "i" was declared but never referenced
compiling RTX_Conf_CM.c...
compiling INT0.c...
compiling LED.c...
compiling Potentiometer.c...
compiling KBD.c...
compiling GLCD_SPI_LPC1700.c...
compiling GLCD_Scroll.c...
linking...
Program Size: Code=11936 RO-data=6616 RW-data=964 ZI-data=29236  
"Project3.axf" - 0 Error(s), 1 Warning(s).
Load "C:\\Users\\pshering\\Downloads\\Project4_Clean (1)\\Project4_Clean\\Project3.AXF" 
Erase Done.
Programming Done.
Verify OK.
Rebuild target 'Target 1'
assembling startup_LPC17xx.s...
compiling system_LPC17xx.c...
compiling Retarget.c...
compiling uart.c...
compiling main.c...
main.c(329): warning:  #177-D: variable "i" was declared but never referenced
compiling RTX_Conf_CM.c...
compiling INT0.c...
compiling LED.c...
compiling Potentiometer.c...
compiling KBD.c...
compiling GLCD_SPI_LPC1700.c...
compiling GLCD_Scroll.c...
linking...
Program Size: Code=11948 RO-data=6616 RW-data=964 ZI-data=29236  
"Project3.axf" - 0 Error(s), 1 Warning(s).
Load "C:\\Users\\pshering\\Downloads\\Project4_Clean (1)\\Project4_Clean\\Project3.AXF" 
Erase Done.
Programming Done.
Verify OK.
Rebuild target 'Target 1'
assembling startup_LPC17xx.s...
compiling system_LPC17xx.c...
compiling Retarget.c...
compiling uart.c...
compiling main.c...
main.c(156): warning:  #167-D: argument of type "bounceBall *" is incompatible with parameter of type "void *"
main.c(331): warning:  #177-D: variable "i" was declared but never referenced
compiling RTX_Conf_CM.c...
compiling INT0.c...
compiling LED.c...
compiling Potentiometer.c...
compiling KBD.c...
compiling GLCD_SPI_LPC1700.c...
compiling GLCD_Scroll.c...
linking...
Program Size: Code=12032 RO-data=6616 RW-data=964 ZI-data=29236  
"Project3.axf" - 0 Error(s), 2 Warning(s).
Rebuild target 'Target 1'
assembling startup_LPC17xx.s...
compiling system_LPC17xx.c...
compiling Retarget.c...
compiling uart.c...
compiling main.c...
main.c(163): warning:  #167-D: argument of type "bounceBall *" is incompatible with parameter of type "void *"
main.c(333): warning:  #177-D: variable "i" was declared but never referenced
compiling RTX_Conf_CM.c...
compiling INT0.c...
compiling LED.c...
compiling Potentiometer.c...
compiling KBD.c...
compiling GLCD_SPI_LPC1700.c...
compiling GLCD_Scroll.c...
linking...
Program Size: Code=12032 RO-data=6616 RW-data=964 ZI-data=29236  
"Project3.axf" - 0 Error(s), 2 Warning(s).
Load "C:\\Users\\pshering\\Downloads\\Project4_Clean (1)\\Project4_Clean\\Project3.AXF" 
Erase Done.
Programming Done.
Verify OK.
Rebuild target 'Target 1'
assembling startup_LPC17xx.s...
compiling system_LPC17xx.c...
compiling Retarget.c...
compiling uart.c...
compiling main.c...
compiling RTX_Conf_CM.c...
compiling INT0.c...
compiling LED.c...
compiling Potentiometer.c...
compiling KBD.c...
compiling GLCD_SPI_LPC1700.c...
compiling GLCD_Scroll.c...
linking...
Program Size: Code=11932 RO-data=6616 RW-data=964 ZI-data=29236  
"Project3.axf" - 0 Error(s), 0 Warning(s).
Load "C:\\Users\\pshering\\Downloads\\Project4_Clean (1)\\Project4_Clean\\Project3.AXF" 
Erase Done.
Programming Done.
Verify OK.
Rebuild target 'Target 1'
assembling startup_LPC17xx.s...
compiling system_LPC17xx.c...
compiling Retarget.c...
compiling uart.c...
compiling main.c...
compiling RTX_Conf_CM.c...
compiling INT0.c...
compiling LED.c...
compiling Potentiometer.c...
compiling KBD.c...
compiling GLCD_SPI_LPC1700.c...
compiling GLCD_Scroll.c...
linking...
Program Size: Code=11680 RO-data=6616 RW-data=964 ZI-data=29236  
"Project3.axf" - 0 Error(s), 0 Warning(s).
Load "C:\\Users\\pshering\\Downloads\\Project4_Clean (1)\\Project4_Clean\\Project3.AXF" 
Erase Done.
Programming Done.
Verify OK.
Rebuild target 'Target 1'
assembling startup_LPC17xx.s...
compiling system_LPC17xx.c...
compiling Retarget.c...
compiling uart.c...
compiling main.c...
main.c(249): error:  #20: identifier "ball" is undefined
main.c(281): error:  #20: identifier "balls" is undefined
compiling RTX_Conf_CM.c...
compiling INT0.c...
compiling LED.c...
compiling Potentiometer.c...
compiling KBD.c...
compiling GLCD_SPI_LPC1700.c...
compiling GLCD_Scroll.c...
Target not created
Rebuild target 'Target 1'
assembling startup_LPC17xx.s...
compiling system_LPC17xx.c...
compiling Retarget.c...
compiling uart.c...
compiling main.c...
main.c(307): error:  #169: expected a declaration
main.c(355): warning:  #12-D: parsing restarts here after previous syntax error
main.c(356): error:  #169: expected a declaration
main.c(358): error:  #79: expected a type specifier
main.c(358): error:  #757: function "init_task" is not a type name
main.c(358): error:  #79: expected a type specifier
main.c(358): error:  #79: expected a type specifier
main.c(358): warning:  #77-D: this declaration has no storage class or type specifier
main.c(358): error:  #147: declaration is incompatible with "void _os_sys_init(U32, void (*)(void), U32, void *)__svc(2147483648)" (declared at line 239 of "C:\Software\Keil\ARM\RV31\INC\RTL.h")
main.c(359): error:  #169: expected a declaration
compiling RTX_Conf_CM.c...
compiling INT0.c...
compiling LED.c...
compiling Potentiometer.c...
compiling KBD.c...
compiling GLCD_SPI_LPC1700.c...
compiling GLCD_Scroll.c...
Target not created
Rebuild target 'Target 1'
assembling startup_LPC17xx.s...
compiling system_LPC17xx.c...
compiling Retarget.c...
compiling uart.c...
compiling main.c...
compiling RTX_Conf_CM.c...
compiling INT0.c...
compiling LED.c...
compiling Potentiometer.c...
compiling KBD.c...
compiling GLCD_SPI_LPC1700.c...
compiling GLCD_Scroll.c...
linking...
Program Size: Code=11940 RO-data=6616 RW-data=964 ZI-data=29236  
"Project3.axf" - 0 Error(s), 0 Warning(s).
Load "C:\\Users\\pshering\\Downloads\\Project4_Clean (1)\\Project4_Clean\\Project3.AXF" 
Erase Done.
Programming Done.
Verify OK.
Rebuild target 'Target 1'
assembling startup_LPC17xx.s...
compiling system_LPC17xx.c...
compiling Retarget.c...
compiling uart.c...
compiling main.c...
main.c(137): error:  #140: too many arguments in function call
compiling RTX_Conf_CM.c...
compiling INT0.c...
compiling LED.c...
compiling Potentiometer.c...
compiling KBD.c...
compiling GLCD_SPI_LPC1700.c...
compiling GLCD_Scroll.c...
Target not created
Rebuild target 'Target 1'
assembling startup_LPC17xx.s...
compiling system_LPC17xx.c...
compiling Retarget.c...
compiling uart.c...
compiling main.c...
main.c(140): error:  #65: expected a ";"
main.c(127): warning:  #550-D: variable "old_y" was set but never used
compiling RTX_Conf_CM.c...
compiling INT0.c...
compiling LED.c...
compiling Potentiometer.c...
compiling KBD.c...
compiling GLCD_SPI_LPC1700.c...
compiling GLCD_Scroll.c...
Target not created
Load "C:\\Users\\pshering\\Downloads\\Project4_Clean (1)\\Project4_Clean\\Project3.AXF" 
_____^
*** error 56: cannot open file
Build target 'Target 1'
compiling main.c...
linking...
Program Size: Code=11924 RO-data=6616 RW-data=960 ZI-data=29232  
"Project3.axf" - 0 Error(s), 0 Warning(s).
Load "C:\\Users\\pshering\\Downloads\\Project4_Clean (1)\\Project4_Clean\\Project3.AXF" 
Erase Done.
Programming Done.
Verify OK.
Build target 'Target 1'
compiling main.c...
linking...
Program Size: Code=12272 RO-data=6616 RW-data=960 ZI-data=29232  
"Project3.axf" - 0 Error(s), 0 Warning(s).
Load "C:\\Users\\pshering\\Downloads\\Project4_Clean (1)\\Project4_Clean\\Project3.AXF" 
Erase Done.
Programming Done.
Verify OK.
Build target 'Target 1'
compiling main.c...
linking...
Program Size: Code=14032 RO-data=6616 RW-data=960 ZI-data=29232  
"Project3.axf" - 0 Error(s), 0 Warning(s).
Load "C:\\Users\\pshering\\Downloads\\Project4_Clean (1)\\Project4_Clean\\Project3.AXF" 
Erase Done.
Programming Done.
Verify OK.
Build target 'Target 1'
compiling main.c...
linking...
Program Size: Code=14024 RO-data=6616 RW-data=960 ZI-data=29232  
"Project3.axf" - 0 Error(s), 0 Warning(s).
Load "C:\\Users\\pshering\\Downloads\\Project4_Clean (1)\\Project4_Clean\\Project3.AXF" 
Erase Done.
Programming Done.
Verify OK.
Rebuild target 'Target 1'
assembling startup_LPC17xx.s...
compiling system_LPC17xx.c...
compiling Retarget.c...
compiling uart.c...
compiling main.c...
compiling RTX_Conf_CM.c...
compiling INT0.c...
compiling LED.c...
compiling Potentiometer.c...
compiling KBD.c...
compiling GLCD_SPI_LPC1700.c...
compiling GLCD_Scroll.c...
linking...
Program Size: Code=13620 RO-data=6616 RW-data=960 ZI-data=29232  
"Project3.axf" - 0 Error(s), 0 Warning(s).
Load "C:\\Users\\pshering\\Downloads\\Project4_Clean (1)\\Project4_Clean\\Project3.AXF" 
Erase Done.
Programming Done.
Verify OK.
Rebuild target 'Target 1'
assembling startup_LPC17xx.s...
compiling system_LPC17xx.c...
compiling Retarget.c...
compiling uart.c...
compiling main.c...
compiling RTX_Conf_CM.c...
compiling INT0.c...
compiling LED.c...
compiling Potentiometer.c...
compiling KBD.c...
compiling GLCD_SPI_LPC1700.c...
compiling GLCD_Scroll.c...
linking...
Program Size: Code=12608 RO-data=6616 RW-data=960 ZI-data=29232  
"Project3.axf" - 0 Error(s), 0 Warning(s).
Load "C:\\Users\\pshering\\Downloads\\Project4_Clean (1)\\Project4_Clean\\Project3.AXF" 
Erase Done.
Programming Done.
Verify OK.
Rebuild target 'Target 1'
assembling startup_LPC17xx.s...
compiling system_LPC17xx.c...
compiling Retarget.c...
compiling uart.c...
compiling main.c...
compiling RTX_Conf_CM.c...
compiling INT0.c...
compiling LED.c...
compiling Potentiometer.c...
compiling KBD.c...
compiling GLCD_SPI_LPC1700.c...
compiling GLCD_Scroll.c...
linking...
Program Size: Code=11916 RO-data=6616 RW-data=960 ZI-data=29232  
"Project3.axf" - 0 Error(s), 0 Warning(s).
Rebuild target 'Target 1'
assembling startup_LPC17xx.s...
compiling system_LPC17xx.c...
compiling Retarget.c...
compiling uart.c...
compiling main.c...
compiling RTX_Conf_CM.c...
compiling INT0.c...
compiling LED.c...
compiling Potentiometer.c...
compiling KBD.c...
compiling GLCD_SPI_LPC1700.c...
compiling GLCD_Scroll.c...
linking...
Program Size: Code=11924 RO-data=6616 RW-data=960 ZI-data=29232  
"Project3.axf" - 0 Error(s), 0 Warning(s).
Load "C:\\Users\\pshering\\Downloads\\Project4_Clean (1)\\Project4_Clean\\Project3.AXF" 
Erase Done.
Programming Done.
Verify OK.
Build target 'Target 1'
compiling main.c...
linking...
Program Size: Code=11916 RO-data=6616 RW-data=960 ZI-data=29232  
"Project3.axf" - 0 Error(s), 0 Warning(s).
Load "C:\\Users\\pshering\\Downloads\\Project4_Clean (1)\\Project4_Clean\\Project3.AXF" 
Erase Done.
Programming Done.
Verify OK.
Build target 'Target 1'
compiling main.c...
linking...
Program Size: Code=11924 RO-data=6616 RW-data=960 ZI-data=29232  
"Project3.axf" - 0 Error(s), 0 Warning(s).
Load "C:\\Users\\pshering\\Downloads\\Project4_Clean (1)\\Project4_Clean\\Project3.AXF" 
Erase Done.
Programming Done.
Verify OK.
Build target 'Target 1'
compiling main.c...
linking...
Program Size: Code=11440 RO-data=6616 RW-data=960 ZI-data=29232  
"Project3.axf" - 0 Error(s), 0 Warning(s).
Load "C:\\Users\\pshering\\Downloads\\Project4_Clean (1)\\Project4_Clean\\Project3.AXF" 
Erase Done.
Programming Done.
Verify OK.
Build target 'Target 1'
compiling main.c...
linking...
Program Size: Code=11924 RO-data=6616 RW-data=960 ZI-data=29232  
"Project3.axf" - 0 Error(s), 0 Warning(s).
Load "C:\\Users\\pshering\\Downloads\\Project4_Clean (1)\\Project4_Clean\\Project3.AXF" 
Erase Done.
Programming Done.
Verify OK.
Build target 'Target 1'
compiling main.c...
linking...
Program Size: Code=11924 RO-data=6616 RW-data=960 ZI-data=29232  
"Project3.axf" - 0 Error(s), 0 Warning(s).
Load "C:\\Users\\pshering\\Downloads\\Project4_Clean (1)\\Project4_Clean\\Project3.AXF" 
Erase Done.
Programming Done.
Verify OK.
Rebuild target 'Target 1'
assembling startup_LPC17xx.s...
compiling system_LPC17xx.c...
compiling Retarget.c...
compiling uart.c...
compiling main.c...
compiling RTX_Conf_CM.c...
compiling INT0.c...
compiling LED.c...
compiling Potentiometer.c...
compiling KBD.c...
compiling GLCD_SPI_LPC1700.c...
compiling GLCD_Scroll.c...
linking...
Program Size: Code=12260 RO-data=6616 RW-data=960 ZI-data=29232  
"Project3.axf" - 0 Error(s), 0 Warning(s).
Load "C:\\Users\\pshering\\Downloads\\Project4_Clean (1)\\Project4_Clean\\Project3.AXF" 
Erase Done.
Programming Done.
Verify OK.
Build target 'Target 1'
compiling main.c...
linking...
Program Size: Code=12248 RO-data=6616 RW-data=960 ZI-data=29232  
"Project3.axf" - 0 Error(s), 0 Warning(s).
Load "C:\\Users\\pshering\\Downloads\\Project4_Clean (1)\\Project4_Clean\\Project3.AXF" 
Erase Done.
Programming Done.
Verify OK.
Build target 'Target 1'
compiling main.c...
linking...
Program Size: Code=12248 RO-data=6616 RW-data=960 ZI-data=29232  
"Project3.axf" - 0 Error(s), 0 Warning(s).
Build target 'Target 1'
compiling main.c...
linking...
Program Size: Code=12240 RO-data=6616 RW-data=960 ZI-data=29232  
"Project3.axf" - 0 Error(s), 0 Warning(s).
Load "C:\\Users\\pshering\\Downloads\\Project4_Clean (1)\\Project4_Clean\\Project3.AXF" 
Erase Done.
Programming Done.
Verify OK.
Build target 'Target 1'
compiling main.c...
linking...
Program Size: Code=11900 RO-data=6616 RW-data=960 ZI-data=29232  
"Project3.axf" - 0 Error(s), 0 Warning(s).
Load "C:\\Users\\pshering\\Downloads\\Project4_Clean (1)\\Project4_Clean\\Project3.AXF" 
Erase Done.
Programming Done.
Verify OK.
Build target 'Target 1'
compiling main.c...
linking...
Program Size: Code=11904 RO-data=6616 RW-data=960 ZI-data=29232  
"Project3.axf" - 0 Error(s), 0 Warning(s).
Load "C:\\Users\\pshering\\Downloads\\Project4_Clean (1)\\Project4_Clean\\Project3.AXF" 
Erase Done.
Programming Done.
Verify OK.
Build target 'Target 1'
compiling main.c...
linking...
Program Size: Code=11908 RO-data=6616 RW-data=960 ZI-data=29232  
"Project3.axf" - 0 Error(s), 0 Warning(s).
Load "C:\\Users\\pshering\\Downloads\\Project4_Clean (1)\\Project4_Clean\\Project3.AXF" 
Erase Done.
Programming Done.
Verify OK.
Build target 'Target 1'
compiling main.c...
main.c(333): error:  #20: identifier "allParam" is undefined
main.c(333): error:  #18: expected a ")"
Target not created
Load "C:\\Users\\pshering\\Downloads\\Project4_Clean (1)\\Project4_Clean\\Project3.AXF" 
_____^
*** error 56: cannot open file
Build target 'Target 1'
compiling main.c...
main.c(333): error:  #20: identifier "allParam" is undefined
Target not created
Build target 'Target 1'
compiling main.c...
main.c(333): error:  #20: identifier "ballparam" is undefined
Target not created
Build target 'Target 1'
compiling main.c...
main.c(333): warning:  #177-D: variable "ball" was declared but never referenced
linking...
Program Size: Code=11904 RO-data=6616 RW-data=960 ZI-data=29232  
"Project3.axf" - 0 Error(s), 1 Warning(s).
Load "C:\\Users\\pshering\\Downloads\\Project4_Clean (1)\\Project4_Clean\\Project3.AXF" 
Erase Done.
Programming Done.
Verify OK.
Build target 'Target 1'
compiling main.c...
main.c(338): warning:  #177-D: variable "ball" was declared but never referenced
linking...
Program Size: Code=12020 RO-data=6616 RW-data=960 ZI-data=29232  
"Project3.axf" - 0 Error(s), 1 Warning(s).
Load "C:\\Users\\pshering\\Downloads\\Project4_Clean (1)\\Project4_Clean\\Project3.AXF" 
Erase Done.
Programming Done.
Verify OK.
Build target 'Target 1'
compiling main.c...
main.c(313): error:  #20: identifier "i" is undefined
main.c(343): warning:  #177-D: variable "ball" was declared but never referenced
Target not created
Build target 'Target 1'
compiling main.c...
main.c(315): warning:  #167-D: argument of type "volatile bool *" is incompatible with parameter of type "OS_ID"
linking...
Program Size: Code=11948 RO-data=6616 RW-data=960 ZI-data=29232  
"Project3.axf" - 0 Error(s), 1 Warning(s).
Load "C:\\Users\\pshering\\Downloads\\Project4_Clean (1)\\Project4_Clean\\Project3.AXF" 
Erase Done.
Programming Done.
Verify OK.
Build target 'Target 1'
compiling main.c...
main.c(315): warning:  #167-D: argument of type "volatile bool *" is incompatible with parameter of type "OS_ID"
linking...
Program Size: Code=11948 RO-data=6616 RW-data=960 ZI-data=29232  
"Project3.axf" - 0 Error(s), 1 Warning(s).
Build target 'Target 1'
compiling main.c...
linking...
Program Size: Code=11948 RO-data=6616 RW-data=960 ZI-data=29232  
"Project3.axf" - 0 Error(s), 0 Warning(s).
Load "C:\\Users\\pshering\\Downloads\\Project4_Clean (1)\\Project4_Clean\\Project3.AXF" 
Erase Done.
Programming Done.
Verify OK.
Build target 'Target 1'
compiling main.c...
linking...
Program Size: Code=11956 RO-data=6616 RW-data=960 ZI-data=29232  
"Project3.axf" - 0 Error(s), 0 Warning(s).
Load "C:\\Users\\pshering\\Downloads\\Project4_Clean (1)\\Project4_Clean\\Project3.AXF" 
Erase Done.
Programming Done.
Verify OK.
Load "C:\\Users\\pshering\\Downloads\\Project4_Clean (1)\\Project4_Clean\\Project3.AXF" 
Erase Done.
Programming Done.
Verify OK.
Rebuild target 'Target 1'
assembling startup_LPC17xx.s...
compiling system_LPC17xx.c...
compiling Retarget.c...
compiling uart.c...
compiling main.c...
compiling RTX_Conf_CM.c...
compiling INT0.c...
compiling LED.c...
compiling Potentiometer.c...
compiling KBD.c...
compiling GLCD_SPI_LPC1700.c...
compiling GLCD_Scroll.c...
linking...
Program Size: Code=11956 RO-data=6616 RW-data=960 ZI-data=29232  
"Project3.axf" - 0 Error(s), 0 Warning(s).
Load "C:\\Users\\pshering\\Downloads\\Project4_Clean (1)\\Project4_Clean\\Project3.AXF" 
Erase Done.
Programming Done.
Verify OK.
Build target 'Target 1'
compiling main.c...
linking...
Program Size: Code=11932 RO-data=6616 RW-data=960 ZI-data=29232  
"Project3.axf" - 0 Error(s), 0 Warning(s).
Load "C:\\Users\\pshering\\Downloads\\Project4_Clean (1)\\Project4_Clean\\Project3.AXF" 
Erase Done.
Programming Done.
Verify OK.
Build target 'Target 1'
compiling main.c...
main.c(246): error:  #247: function "checkCollision" has already been defined
Target not created
Build target 'Target 1'
compiling main.c...
linking...
Program Size: Code=12252 RO-data=6616 RW-data=960 ZI-data=29232  
"Project3.axf" - 0 Error(s), 0 Warning(s).
Build target 'Target 1'
compiling main.c...
linking...
Program Size: Code=12284 RO-data=6616 RW-data=960 ZI-data=29232  
"Project3.axf" - 0 Error(s), 0 Warning(s).
Load "C:\\Users\\pshering\\Downloads\\Project4_Clean (1)\\Project4_Clean\\Project3.AXF" 
Erase Done.
Programming Done.
Verify OK.
Build target 'Target 1'
compiling main.c...
linking...
Program Size: Code=12268 RO-data=6616 RW-data=960 ZI-data=29232  
"Project3.axf" - 0 Error(s), 0 Warning(s).
Load "C:\\Users\\pshering\\Downloads\\Project4_Clean (1)\\Project4_Clean\\Project3.AXF" 
Erase Done.
Programming Done.
Verify OK.
Build target 'Target 1'
compiling main.c...
linking...
Program Size: Code=12288 RO-data=6616 RW-data=960 ZI-data=29232  
"Project3.axf" - 0 Error(s), 0 Warning(s).
Load "C:\\Users\\pshering\\Downloads\\Project4_Clean (1)\\Project4_Clean\\Project3.AXF" 
Erase Done.
Programming Done.
Verify OK.
Build target 'Target 1'
compiling main.c...
linking...
Program Size: Code=12300 RO-data=6616 RW-data=960 ZI-data=29232  
"Project3.axf" - 0 Error(s), 0 Warning(s).
Load "C:\\Users\\pshering\\Downloads\\Project4_Clean (1)\\Project4_Clean\\Project3.AXF" 
Erase Done.
Programming Done.
Verify OK.
Build target 'Target 1'
compiling main.c...
linking...
Program Size: Code=12300 RO-data=6616 RW-data=960 ZI-data=29232  
"Project3.axf" - 0 Error(s), 0 Warning(s).
Build target 'Target 1'
compiling main.c...
linking...
Program Size: Code=12296 RO-data=6616 RW-data=960 ZI-data=29232  
"Project3.axf" - 0 Error(s), 0 Warning(s).
Load "C:\\Users\\pshering\\Downloads\\Project4_Clean (1)\\Project4_Clean\\Project3.AXF" 
Erase Done.
Programming Done.
Verify OK.
Build target 'Target 1'
compiling main.c...
linking...
Program Size: Code=12288 RO-data=6616 RW-data=960 ZI-data=29232  
"Project3.axf" - 0 Error(s), 0 Warning(s).
Build target 'Target 1'
linking...
Program Size: Code=12288 RO-data=6616 RW-data=960 ZI-data=29232  
"Project3.axf" - 0 Error(s), 0 Warning(s).
Load "C:\\Users\\pshering\\Downloads\\Project4_Clean (1)\\Project4_Clean\\Project3.AXF" 
Erase Done.
Programming Done.
Verify OK.
Build target 'Target 1'
compiling main.c...
linking...
Program Size: Code=12276 RO-data=6616 RW-data=960 ZI-data=29232  
"Project3.axf" - 0 Error(s), 0 Warning(s).
Load "C:\\Users\\pshering\\Downloads\\Project4_Clean (1)\\Project4_Clean\\Project3.AXF" 
Erase Done.
Programming Done.
Verify OK.
Rebuild target 'Target 1'
assembling startup_LPC17xx.s...
compiling system_LPC17xx.c...
compiling Retarget.c...
compiling uart.c...
compiling main.c...
compiling RTX_Conf_CM.c...
compiling INT0.c...
compiling LED.c...
compiling Potentiometer.c...
compiling KBD.c...
compiling GLCD_SPI_LPC1700.c...
compiling GLCD_Scroll.c...
linking...
Program Size: Code=12284 RO-data=6616 RW-data=960 ZI-data=29232  
"Project3.axf" - 0 Error(s), 0 Warning(s).
Load "C:\\Users\\pshering\\Downloads\\Project4_Clean (1)\\Project4_Clean\\Project3.AXF" 
Erase Done.
Programming Done.
Verify OK.
Build target 'Target 1'
linking...
Program Size: Code=12284 RO-data=6616 RW-data=960 ZI-data=29232  
"Project3.axf" - 0 Error(s), 0 Warning(s).
Build target 'Target 1'
compiling main.c...
linking...
Program Size: Code=12276 RO-data=6616 RW-data=960 ZI-data=29232  
"Project3.axf" - 0 Error(s), 0 Warning(s).
Build target 'Target 1'
compiling main.c...
linking...
Program Size: Code=12288 RO-data=6616 RW-data=960 ZI-data=29232  
"Project3.axf" - 0 Error(s), 0 Warning(s).
Load "C:\\Users\\pshering\\Downloads\\Project4_Clean (1)\\Project4_Clean\\Project3.AXF" 
Erase Done.
Programming Done.
Verify OK.
Build target 'Target 1'
compiling main.c...
linking...
Program Size: Code=11972 RO-data=6616 RW-data=960 ZI-data=29232  
"Project3.axf" - 0 Error(s), 0 Warning(s).
Load "C:\\Users\\pshering\\Downloads\\Project4_Clean (1)\\Project4_Clean\\Project3.AXF" 
Erase Done.
Programming Done.
Verify OK.
Rebuild target 'Target 1'
assembling startup_LPC17xx.s...
compiling system_LPC17xx.c...
compiling Retarget.c...
compiling uart.c...
compiling main.c...
compiling RTX_Conf_CM.c...
compiling INT0.c...
compiling LED.c...
compiling Potentiometer.c...
compiling KBD.c...
compiling GLCD_SPI_LPC1700.c...
compiling GLCD_Scroll.c...
linking...
Program Size: Code=12032 RO-data=6616 RW-data=960 ZI-data=29232  
"Project3.axf" - 0 Error(s), 0 Warning(s).
Load "C:\\Users\\pshering\\Downloads\\Project4_Clean (1)\\Project4_Clean\\Project3.AXF" 
Erase Done.
Programming Done.
Verify OK.
Rebuild target 'Target 1'
assembling startup_LPC17xx.s...
compiling system_LPC17xx.c...
compiling Retarget.c...
compiling uart.c...
compiling main.c...
compiling RTX_Conf_CM.c...
compiling INT0.c...
compiling LED.c...
compiling Potentiometer.c...
compiling KBD.c...
compiling GLCD_SPI_LPC1700.c...
compiling GLCD_Scroll.c...
linking...
Program Size: Code=11972 RO-data=6616 RW-data=960 ZI-data=29232  
"Project3.axf" - 0 Error(s), 0 Warning(s).
Rebuild target 'Target 1'
assembling startup_LPC17xx.s...
compiling system_LPC17xx.c...
compiling Retarget.c...
compiling uart.c...
compiling main.c...
main.c(176): error:  #136: struct "<unnamed>" has no field "block"
compiling RTX_Conf_CM.c...
compiling INT0.c...
compiling LED.c...
compiling Potentiometer.c...
compiling KBD.c...
compiling GLCD_SPI_LPC1700.c...
compiling GLCD_Scroll.c...
Target not created
Load "C:\\Users\\pshering\\Downloads\\Project4_Clean (1)\\Project4_Clean\\Project3.AXF" 
_____^
*** error 56: cannot open file
Rebuild target 'Target 1'
assembling startup_LPC17xx.s...
compiling system_LPC17xx.c...
compiling Retarget.c...
compiling uart.c...
compiling main.c...
main.c(176): error:  #136: struct "<unnamed>" has no field "block"
compiling RTX_Conf_CM.c...
compiling INT0.c...
compiling LED.c...
compiling Potentiometer.c...
compiling KBD.c...
compiling GLCD_SPI_LPC1700.c...
compiling GLCD_Scroll.c...
Target not created
Rebuild target 'Target 1'
assembling startup_LPC17xx.s...
compiling system_LPC17xx.c...
compiling Retarget.c...
compiling uart.c...
compiling main.c...
compiling RTX_Conf_CM.c...
compiling INT0.c...
compiling LED.c...
compiling Potentiometer.c...
compiling KBD.c...
compiling GLCD_SPI_LPC1700.c...
compiling GLCD_Scroll.c...
linking...
Program Size: Code=11972 RO-data=6616 RW-data=960 ZI-data=29232  
"Project3.axf" - 0 Error(s), 0 Warning(s).
Load "C:\\Users\\pshering\\Downloads\\Project4_Clean (1)\\Project4_Clean\\Project3.AXF" 
Erase Done.
Programming Done.
Verify OK.
