<html>
<body>
<pre>
<h1>µVision Build Log</h1>
<h2>Project:</h2>
N:\MTE - 241\Project4_Clean\Project4_Pavel.uvproj
Project File Date:  11/24/2015

<h2>Output:</h2>
Rebuild target 'Target 1'
assembling startup_LPC17xx.s...
compiling system_LPC17xx.c...
compiling Retarget.c...
compiling uart.c...
compiling main.c...
main.c(76): warning:  #940-D: missing return statement at end of non-void function "position"
main.c(173): error:  #167: argument of type "double *" is incompatible with parameter of type "int *"
main.c(173): error:  #167: argument of type "double *" is incompatible with parameter of type "int *"
main.c(184): warning:  #111-D: statement is unreachable
main.c(198): error:  #167: argument of type "double *" is incompatible with parameter of type "int *"
main.c(198): error:  #167: argument of type "double *" is incompatible with parameter of type "int *"
main.c(230): warning:  #111-D: statement is unreachable
compiling RTX_Conf_CM.c...
compiling INT0.c...
compiling LED.c...
compiling Potentiometer.c...
compiling KBD.c...
compiling GLCD_SPI_LPC1700.c...
compiling GLCD_Scroll.c...
Target not created
Rebuild target 'Target 1'
assembling startup_LPC17xx.s...
compiling system_LPC17xx.c...
compiling Retarget.c...
compiling uart.c...
compiling main.c...
main.c(76): warning:  #940-D: missing return statement at end of non-void function "position"
main.c(184): warning:  #111-D: statement is unreachable
main.c(230): warning:  #111-D: statement is unreachable
compiling RTX_Conf_CM.c...
compiling INT0.c...
compiling LED.c...
compiling Potentiometer.c...
compiling KBD.c...
compiling GLCD_SPI_LPC1700.c...
compiling GLCD_Scroll.c...
linking...
Program Size: Code=11592 RO-data=6556 RW-data=544 ZI-data=25432  
"Project3.axf" - 0 Error(s), 3 Warning(s).
Load "N:\\MTE - 241\\Project4_Clean\\Project3.AXF" 
Erase Done.
Programming Done.
Verify OK.
Rebuild target 'Target 1'
assembling startup_LPC17xx.s...
compiling system_LPC17xx.c...
compiling Retarget.c...
compiling uart.c...
compiling main.c...
main.c(76): warning:  #940-D: missing return statement at end of non-void function "position"
main.c(184): warning:  #111-D: statement is unreachable
main.c(230): warning:  #111-D: statement is unreachable
compiling RTX_Conf_CM.c...
compiling INT0.c...
compiling LED.c...
compiling Potentiometer.c...
compiling KBD.c...
compiling GLCD_SPI_LPC1700.c...
compiling GLCD_Scroll.c...
linking...
Program Size: Code=11584 RO-data=6556 RW-data=544 ZI-data=25432  
"Project3.axf" - 0 Error(s), 3 Warning(s).
Rebuild target 'Target 1'
assembling startup_LPC17xx.s...
compiling system_LPC17xx.c...
compiling Retarget.c...
compiling uart.c...
compiling main.c...
main.c(76): warning:  #940-D: missing return statement at end of non-void function "position"
main.c(184): warning:  #111-D: statement is unreachable
main.c(230): warning:  #111-D: statement is unreachable
compiling RTX_Conf_CM.c...
compiling INT0.c...
compiling LED.c...
compiling Potentiometer.c...
compiling KBD.c...
compiling GLCD_SPI_LPC1700.c...
compiling GLCD_Scroll.c...
linking...
Program Size: Code=11600 RO-data=6556 RW-data=544 ZI-data=25432  
"Project3.axf" - 0 Error(s), 3 Warning(s).
Load "N:\\MTE - 241\\Project4_Clean\\Project3.AXF" 
Erase Done.
Programming Done.
Verify OK.
Rebuild target 'Target 1'
assembling startup_LPC17xx.s...
compiling system_LPC17xx.c...
compiling Retarget.c...
compiling uart.c...
compiling main.c...
main.c(76): warning:  #940-D: missing return statement at end of non-void function "position"
main.c(184): warning:  #111-D: statement is unreachable
main.c(230): warning:  #111-D: statement is unreachable
compiling RTX_Conf_CM.c...
compiling INT0.c...
compiling LED.c...
compiling Potentiometer.c...
compiling KBD.c...
compiling GLCD_SPI_LPC1700.c...
compiling GLCD_Scroll.c...
linking...
Program Size: Code=11600 RO-data=6556 RW-data=544 ZI-data=25432  
"Project3.axf" - 0 Error(s), 3 Warning(s).
Load "N:\\MTE - 241\\Project4_Clean\\Project3.AXF" 
Erase Done.
Programming Done.
Verify OK.
Load "N:\\MTE - 241\\Project4_Clean\\Project3.AXF" 
Erase Done.
Programming Done.
Verify OK.
Rebuild target 'Target 1'
assembling startup_LPC17xx.s...
compiling system_LPC17xx.c...
compiling Retarget.c...
compiling uart.c...
compiling main.c...
main.c(76): warning:  #940-D: missing return statement at end of non-void function "position"
main.c(184): warning:  #111-D: statement is unreachable
main.c(230): warning:  #111-D: statement is unreachable
compiling RTX_Conf_CM.c...
compiling INT0.c...
compiling LED.c...
compiling Potentiometer.c...
compiling KBD.c...
compiling GLCD_SPI_LPC1700.c...
compiling GLCD_Scroll.c...
linking...
Program Size: Code=11600 RO-data=6556 RW-data=544 ZI-data=25432  
"Project3.axf" - 0 Error(s), 3 Warning(s).
Rebuild target 'Target 1'
assembling startup_LPC17xx.s...
compiling system_LPC17xx.c...
compiling Retarget.c...
compiling uart.c...
compiling main.c...
main.c(76): warning:  #940-D: missing return statement at end of non-void function "position"
main.c(184): warning:  #111-D: statement is unreachable
main.c(230): warning:  #111-D: statement is unreachable
compiling RTX_Conf_CM.c...
compiling INT0.c...
compiling LED.c...
compiling Potentiometer.c...
compiling KBD.c...
compiling GLCD_SPI_LPC1700.c...
compiling GLCD_Scroll.c...
linking...
Program Size: Code=11600 RO-data=6556 RW-data=544 ZI-data=25432  
"Project3.axf" - 0 Error(s), 3 Warning(s).
Load "N:\\MTE - 241\\Project4_Clean\\Project3.AXF" 
Erase Done.
Programming Done.
Verify OK.
Rebuild target 'Target 1'
assembling startup_LPC17xx.s...
compiling system_LPC17xx.c...
compiling Retarget.c...
compiling uart.c...
compiling main.c...
main.c(76): warning:  #940-D: missing return statement at end of non-void function "position"
main.c(184): warning:  #111-D: statement is unreachable
main.c(230): warning:  #111-D: statement is unreachable
compiling RTX_Conf_CM.c...
compiling INT0.c...
compiling LED.c...
compiling Potentiometer.c...
compiling KBD.c...
compiling GLCD_SPI_LPC1700.c...
compiling GLCD_Scroll.c...
linking...
Program Size: Code=11596 RO-data=6556 RW-data=544 ZI-data=25432  
"Project3.axf" - 0 Error(s), 3 Warning(s).
Load "N:\\MTE - 241\\Project4_Clean\\Project3.AXF" 
Erase Done.
Programming Done.
Verify OK.
Rebuild target 'Target 1'
assembling startup_LPC17xx.s...
compiling system_LPC17xx.c...
compiling Retarget.c...
compiling uart.c...
compiling main.c...
main.c(76): warning:  #940-D: missing return statement at end of non-void function "position"
main.c(184): warning:  #111-D: statement is unreachable
main.c(230): warning:  #111-D: statement is unreachable
compiling RTX_Conf_CM.c...
compiling INT0.c...
compiling LED.c...
compiling Potentiometer.c...
compiling KBD.c...
compiling GLCD_SPI_LPC1700.c...
compiling GLCD_Scroll.c...
linking...
Program Size: Code=11600 RO-data=6556 RW-data=544 ZI-data=25432  
"Project3.axf" - 0 Error(s), 3 Warning(s).
Load "N:\\MTE - 241\\Project4_Clean\\Project3.AXF" 
Erase Done.
Programming Done.
Verify OK.
Rebuild target 'Target 1'
assembling startup_LPC17xx.s...
compiling system_LPC17xx.c...
compiling Retarget.c...
compiling uart.c...
compiling main.c...
main.c(76): warning:  #940-D: missing return statement at end of non-void function "position"
main.c(184): warning:  #111-D: statement is unreachable
main.c(230): warning:  #111-D: statement is unreachable
compiling RTX_Conf_CM.c...
compiling INT0.c...
compiling LED.c...
compiling Potentiometer.c...
compiling KBD.c...
compiling GLCD_SPI_LPC1700.c...
compiling GLCD_Scroll.c...
linking...
Program Size: Code=11600 RO-data=6556 RW-data=544 ZI-data=25432  
"Project3.axf" - 0 Error(s), 3 Warning(s).
Load "N:\\MTE - 241\\Project4_Clean\\Project3.AXF" 
Erase Done.
Programming Done.
Verify OK.
Rebuild target 'Target 1'
assembling startup_LPC17xx.s...
compiling system_LPC17xx.c...
compiling Retarget.c...
compiling uart.c...
compiling main.c...
main.c(76): warning:  #940-D: missing return statement at end of non-void function "position"
main.c(184): warning:  #111-D: statement is unreachable
main.c(230): warning:  #111-D: statement is unreachable
compiling RTX_Conf_CM.c...
compiling INT0.c...
compiling LED.c...
compiling Potentiometer.c...
compiling KBD.c...
compiling GLCD_SPI_LPC1700.c...
compiling GLCD_Scroll.c...
linking...
Program Size: Code=11600 RO-data=6556 RW-data=544 ZI-data=25432  
"Project3.axf" - 0 Error(s), 3 Warning(s).
Rebuild target 'Target 1'
assembling startup_LPC17xx.s...
compiling system_LPC17xx.c...
compiling Retarget.c...
compiling uart.c...
compiling main.c...
main.c(76): warning:  #940-D: missing return statement at end of non-void function "position"
main.c(184): warning:  #111-D: statement is unreachable
main.c(230): warning:  #111-D: statement is unreachable
compiling RTX_Conf_CM.c...
compiling INT0.c...
compiling LED.c...
compiling Potentiometer.c...
compiling KBD.c...
compiling GLCD_SPI_LPC1700.c...
compiling GLCD_Scroll.c...
linking...
Program Size: Code=11600 RO-data=6556 RW-data=544 ZI-data=25432  
"Project3.axf" - 0 Error(s), 3 Warning(s).
Load "N:\\MTE - 241\\Project4_Clean\\Project3.AXF" 
Erase Done.
Programming Done.
Verify OK.
Rebuild target 'Target 1'
assembling startup_LPC17xx.s...
compiling system_LPC17xx.c...
compiling Retarget.c...
compiling uart.c...
compiling main.c...
main.c(76): warning:  #940-D: missing return statement at end of non-void function "position"
main.c(184): warning:  #111-D: statement is unreachable
main.c(230): warning:  #111-D: statement is unreachable
compiling RTX_Conf_CM.c...
compiling INT0.c...
compiling LED.c...
compiling Potentiometer.c...
compiling KBD.c...
compiling GLCD_SPI_LPC1700.c...
compiling GLCD_Scroll.c...
linking...
Program Size: Code=11600 RO-data=6556 RW-data=544 ZI-data=25432  
"Project3.axf" - 0 Error(s), 3 Warning(s).
Load "N:\\MTE - 241\\Project4_Clean\\Project3.AXF" 
Erase Done.
Programming Done.
Verify OK.
Rebuild target 'Target 1'
assembling startup_LPC17xx.s...
compiling system_LPC17xx.c...
compiling Retarget.c...
compiling uart.c...
compiling main.c...
main.c(92): warning:  #940-D: missing return statement at end of non-void function "position"
main.c(199): warning:  #111-D: statement is unreachable
main.c(245): warning:  #111-D: statement is unreachable
main.c(260): warning:  #223-D: function "turn_on_led" declared implicitly
main.c(262): warning:  #223-D: function "turn_off_led" declared implicitly
main.c(289): error:  #254: type name is not allowed
compiling RTX_Conf_CM.c...
compiling INT0.c...
compiling LED.c...
compiling Potentiometer.c...
compiling KBD.c...
compiling GLCD_SPI_LPC1700.c...
compiling GLCD_Scroll.c...
Target not created
Rebuild target 'Target 1'
assembling startup_LPC17xx.s...
compiling system_LPC17xx.c...
compiling Retarget.c...
compiling uart.c...
compiling main.c...
main.c(93): warning:  #940-D: missing return statement at end of non-void function "position"
main.c(183): error:  #167: argument of type "double *" is incompatible with parameter of type "bounceBall *"
main.c(183): error:  #140: too many arguments in function call
main.c(189): error:  #167: argument of type "double" is incompatible with parameter of type "bounceBall *"
main.c(189): error:  #140: too many arguments in function call
main.c(192): error:  #167: argument of type "double" is incompatible with parameter of type "bounceBall *"
main.c(192): error:  #167: argument of type "double" is incompatible with parameter of type "unsigned char *"
main.c(192): error:  #167: argument of type "int" is incompatible with parameter of type "unsigned char *"
main.c(192): error:  #140: too many arguments in function call
main.c(200): warning:  #111-D: statement is unreachable
main.c(210): error:  #268: declaration may not appear after executable statement in block
main.c(211): error:  #268: declaration may not appear after executable statement in block
main.c(223): error:  #20: identifier "y" is undefined
main.c(225): error:  #20: identifier "x" is undefined
main.c(253): warning:  #111-D: statement is unreachable
main.c(268): warning:  #223-D: function "turn_on_led" declared implicitly
main.c(270): warning:  #223-D: function "turn_off_led" declared implicitly
main.c(297): warning:  #167-D: argument of type "bounceBall *" is incompatible with parameter of type "void *"
main.c(307): warning:  #167-D: argument of type "bounceBall *" is incompatible with parameter of type "void *"
main.c(301): warning:  #177-D: variable "pot" was declared but never referenced
compiling RTX_Conf_CM.c...
compiling INT0.c...
compiling LED.c...
compiling Potentiometer.c...
compiling KBD.c...
compiling GLCD_SPI_LPC1700.c...
compiling GLCD_Scroll.c...
Target not created
Load "N:\\MTE - 241\\Project4_Clean\\Project3.AXF" 
_____^
*** error 56: cannot open file
Rebuild target 'Target 1'
assembling startup_LPC17xx.s...
compiling system_LPC17xx.c...
compiling Retarget.c...
compiling uart.c...
compiling main.c...
main.c(93): warning:  #940-D: missing return statement at end of non-void function "position"
main.c(187): error:  #268: declaration may not appear after executable statement in block
main.c(193): error:  #20: identifier "x" is undefined
main.c(193): error:  #20: identifier "speed_x" is undefined
main.c(194): error:  #20: identifier "y" is undefined
main.c(194): error:  #20: identifier "speed_y" is undefined
main.c(206): warning:  #111-D: statement is unreachable
main.c(216): error:  #268: declaration may not appear after executable statement in block
main.c(217): error:  #268: declaration may not appear after executable statement in block
main.c(229): error:  #20: identifier "y" is undefined
main.c(231): error:  #20: identifier "x" is undefined
main.c(259): warning:  #111-D: statement is unreachable
main.c(274): warning:  #223-D: function "turn_on_led" declared implicitly
main.c(276): warning:  #223-D: function "turn_off_led" declared implicitly
main.c(303): warning:  #167-D: argument of type "bounceBall *" is incompatible with parameter of type "void *"
main.c(313): warning:  #167-D: argument of type "bounceBall *" is incompatible with parameter of type "void *"
compiling RTX_Conf_CM.c...
compiling INT0.c...
compiling LED.c...
compiling Potentiometer.c...
compiling KBD.c...
compiling GLCD_SPI_LPC1700.c...
compiling GLCD_Scroll.c...
Target not created
Rebuild target 'Target 1'
assembling startup_LPC17xx.s...
compiling system_LPC17xx.c...
compiling Retarget.c...
compiling uart.c...
compiling main.c...
main.c(93): warning:  #940-D: missing return statement at end of non-void function "position"
main.c(187): error:  #268: declaration may not appear after executable statement in block
main.c(206): warning:  #111-D: statement is unreachable
main.c(216): error:  #268: declaration may not appear after executable statement in block
main.c(217): error:  #268: declaration may not appear after executable statement in block
main.c(229): error:  #20: identifier "y" is undefined
main.c(231): error:  #20: identifier "x" is undefined
main.c(259): warning:  #111-D: statement is unreachable
main.c(274): warning:  #223-D: function "turn_on_led" declared implicitly
main.c(276): warning:  #223-D: function "turn_off_led" declared implicitly
main.c(303): warning:  #167-D: argument of type "bounceBall *" is incompatible with parameter of type "void *"
main.c(313): warning:  #167-D: argument of type "bounceBall *" is incompatible with parameter of type "void *"
compiling RTX_Conf_CM.c...
compiling INT0.c...
compiling LED.c...
compiling Potentiometer.c...
compiling KBD.c...
compiling GLCD_SPI_LPC1700.c...
compiling GLCD_Scroll.c...
Target not created
Rebuild target 'Target 1'
assembling startup_LPC17xx.s...
compiling system_LPC17xx.c...
compiling Retarget.c...
compiling uart.c...
compiling main.c...
main.c(93): warning:  #940-D: missing return statement at end of non-void function "position"
main.c(187): error:  #268: declaration may not appear after executable statement in block
main.c(206): warning:  #111-D: statement is unreachable
main.c(216): error:  #268: declaration may not appear after executable statement in block
main.c(217): error:  #268: declaration may not appear after executable statement in block
main.c(259): warning:  #111-D: statement is unreachable
main.c(274): warning:  #223-D: function "turn_on_led" declared implicitly
main.c(276): warning:  #223-D: function "turn_off_led" declared implicitly
main.c(303): warning:  #167-D: argument of type "bounceBall *" is incompatible with parameter of type "void *"
main.c(313): warning:  #167-D: argument of type "bounceBall *" is incompatible with parameter of type "void *"
compiling RTX_Conf_CM.c...
compiling INT0.c...
compiling LED.c...
compiling Potentiometer.c...
compiling KBD.c...
compiling GLCD_SPI_LPC1700.c...
compiling GLCD_Scroll.c...
Target not created
Rebuild target 'Target 1'
assembling startup_LPC17xx.s...
compiling system_LPC17xx.c...
compiling Retarget.c...
compiling uart.c...
compiling main.c...
main.c(93): warning:  #940-D: missing return statement at end of non-void function "position"
main.c(187): error:  #268: declaration may not appear after executable statement in block
main.c(206): warning:  #111-D: statement is unreachable
main.c(216): error:  #268: declaration may not appear after executable statement in block
main.c(217): error:  #268: declaration may not appear after executable statement in block
main.c(259): warning:  #111-D: statement is unreachable
main.c(274): warning:  #223-D: function "turn_on_led" declared implicitly
main.c(276): warning:  #223-D: function "turn_off_led" declared implicitly
main.c(303): warning:  #167-D: argument of type "bounceBall *" is incompatible with parameter of type "void *"
main.c(313): warning:  #167-D: argument of type "bounceBall *" is incompatible with parameter of type "void *"
compiling RTX_Conf_CM.c...
compiling INT0.c...
compiling LED.c...
compiling Potentiometer.c...
compiling KBD.c...
compiling GLCD_SPI_LPC1700.c...
compiling GLCD_Scroll.c...
Target not created
Rebuild target 'Target 1'
assembling startup_LPC17xx.s...
compiling system_LPC17xx.c...
compiling Retarget.c...
compiling uart.c...
compiling main.c...
main.c(93): warning:  #940-D: missing return statement at end of non-void function "position"
main.c(207): warning:  #111-D: statement is unreachable
main.c(219): error:  #268: declaration may not appear after executable statement in block
main.c(261): warning:  #111-D: statement is unreachable
main.c(276): warning:  #223-D: function "turn_on_led" declared implicitly
main.c(278): warning:  #223-D: function "turn_off_led" declared implicitly
main.c(305): warning:  #167-D: argument of type "bounceBall *" is incompatible with parameter of type "void *"
main.c(315): warning:  #167-D: argument of type "bounceBall *" is incompatible with parameter of type "void *"
compiling RTX_Conf_CM.c...
compiling INT0.c...
compiling LED.c...
compiling Potentiometer.c...
compiling KBD.c...
compiling GLCD_SPI_LPC1700.c...
compiling GLCD_Scroll.c...
Target not created
Rebuild target 'Target 1'
assembling startup_LPC17xx.s...
compiling system_LPC17xx.c...
compiling Retarget.c...
compiling uart.c...
compiling main.c...
main.c(93): warning:  #940-D: missing return statement at end of non-void function "position"
main.c(207): warning:  #111-D: statement is unreachable
main.c(262): warning:  #111-D: statement is unreachable
main.c(277): warning:  #223-D: function "turn_on_led" declared implicitly
main.c(279): warning:  #223-D: function "turn_off_led" declared implicitly
main.c(306): warning:  #167-D: argument of type "bounceBall *" is incompatible with parameter of type "void *"
main.c(316): warning:  #167-D: argument of type "bounceBall *" is incompatible with parameter of type "void *"
compiling RTX_Conf_CM.c...
compiling INT0.c...
compiling LED.c...
compiling Potentiometer.c...
compiling KBD.c...
compiling GLCD_SPI_LPC1700.c...
compiling GLCD_Scroll.c...
linking...
Project3.axf: Error: L6218E: Undefined symbol turn_off_led (referred from main.o).
Project3.axf: Error: L6218E: Undefined symbol turn_on_led (referred from main.o).
Target not created
Rebuild target 'Target 1'
assembling startup_LPC17xx.s...
compiling system_LPC17xx.c...
compiling Retarget.c...
compiling uart.c...
compiling main.c...
main.c(207): warning:  #111-D: statement is unreachable
main.c(262): warning:  #111-D: statement is unreachable
main.c(277): warning:  #223-D: function "turn_on_led" declared implicitly
main.c(279): warning:  #223-D: function "turn_off_led" declared implicitly
main.c(306): warning:  #167-D: argument of type "bounceBall *" is incompatible with parameter of type "void *"
main.c(316): warning:  #167-D: argument of type "bounceBall *" is incompatible with parameter of type "void *"
compiling RTX_Conf_CM.c...
compiling INT0.c...
compiling LED.c...
compiling Potentiometer.c...
compiling KBD.c...
compiling GLCD_SPI_LPC1700.c...
compiling GLCD_Scroll.c...
linking...
Project3.axf: Error: L6218E: Undefined symbol turn_off_led (referred from main.o).
Project3.axf: Error: L6218E: Undefined symbol turn_on_led (referred from main.o).
Target not created
Rebuild target 'Target 1'
assembling startup_LPC17xx.s...
compiling system_LPC17xx.c...
compiling Retarget.c...
compiling uart.c...
compiling main.c...
main.c(207): warning:  #111-D: statement is unreachable
main.c(262): warning:  #111-D: statement is unreachable
main.c(277): warning:  #223-D: function "turn_on_led" declared implicitly
main.c(279): warning:  #223-D: function "turn_off_led" declared implicitly
main.c(316): warning:  #167-D: argument of type "bounceBall *" is incompatible with parameter of type "void *"
compiling RTX_Conf_CM.c...
compiling INT0.c...
compiling LED.c...
compiling Potentiometer.c...
compiling KBD.c...
compiling GLCD_SPI_LPC1700.c...
compiling GLCD_Scroll.c...
linking...
Project3.axf: Error: L6218E: Undefined symbol turn_off_led (referred from main.o).
Project3.axf: Error: L6218E: Undefined symbol turn_on_led (referred from main.o).
Target not created
Rebuild target 'Target 1'
assembling startup_LPC17xx.s...
compiling system_LPC17xx.c...
compiling Retarget.c...
compiling uart.c...
compiling main.c...
main.c(207): warning:  #111-D: statement is unreachable
main.c(262): warning:  #111-D: statement is unreachable
main.c(316): warning:  #167-D: argument of type "bounceBall *" is incompatible with parameter of type "void *"
compiling RTX_Conf_CM.c...
compiling INT0.c...
compiling LED.c...
compiling Potentiometer.c...
compiling KBD.c...
compiling GLCD_SPI_LPC1700.c...
compiling GLCD_Scroll.c...
linking...
Program Size: Code=11916 RO-data=6556 RW-data=560 ZI-data=29576  
"Project3.axf" - 0 Error(s), 3 Warning(s).
Rebuild target 'Target 1'
assembling startup_LPC17xx.s...
compiling system_LPC17xx.c...
compiling Retarget.c...
compiling uart.c...
compiling main.c...
main.c(207): warning:  #111-D: statement is unreachable
main.c(262): warning:  #111-D: statement is unreachable
compiling RTX_Conf_CM.c...
compiling INT0.c...
compiling LED.c...
compiling Potentiometer.c...
compiling KBD.c...
compiling GLCD_SPI_LPC1700.c...
compiling GLCD_Scroll.c...
linking...
Program Size: Code=11916 RO-data=6556 RW-data=560 ZI-data=29576  
"Project3.axf" - 0 Error(s), 2 Warning(s).
Load "N:\\MTE - 241\\Project4_Clean\\Project3.AXF" 
Erase Done.
Programming Done.
Verify OK.
