ARM Linker, 5.02 [Build 28] [MDK-ARM Lite]

==============================================================================

Section Cross References

    startup_lpc17xx.o(RESET) refers to startup_lpc17xx.o(STACK) for __initial_sp
    startup_lpc17xx.o(RESET) refers to startup_lpc17xx.o(.text) for Reset_Handler
    startup_lpc17xx.o(RESET) refers to hal_cm3.o(.emb_text) for SVC_Handler
    startup_lpc17xx.o(RESET) refers to uart.o(.text) for UART0_IRQHandler
    startup_lpc17xx.o(RESET) refers to main.o(.text) for EINT3_IRQHandler
    startup_lpc17xx.o(RESET) refers to potentiometer.o(.text) for ADC_IRQHandler
    startup_lpc17xx.o(.text) refers to system_lpc17xx.o(.text) for SystemInit
    startup_lpc17xx.o(.text) refers to entry.o(.ARM.Collect$$$$00000000) for __main
    system_lpc17xx.o(.text) refers to uldiv.o(.text) for __aeabi_uldivmod
    system_lpc17xx.o(.text) refers to system_lpc17xx.o(.data) for SystemCoreClock
    retarget.o(.text) refers to glcd_scroll.o(.text) for append_char
    uart.o(.text) refers to uart.o(.data) for RcvLock0
    uart.o(.text) refers to uart.o(.bss) for UART0Buffer
    uart.o(.text) refers to system_lpc17xx.o(.data) for SystemCoreClock
    main.o(.text) refers to rand.o(.text) for rand
    main.o(.text) refers to dflti.o(.text) for __aeabi_i2d
    main.o(.text) refers to ddiv.o(.text) for __aeabi_ddiv
    main.o(.text) refers to cdcmple.o(.text) for __aeabi_cdcmpeq
    main.o(.text) refers to dfixi.o(.text) for __aeabi_d2iz
    main.o(.text) refers to dmul.o(.text) for __aeabi_dmul
    main.o(.text) refers to dadd.o(.text) for __aeabi_dadd
    main.o(.text) refers to main.o(.data) for Rand
    main.o(.text) refers to rt_semaphore.o(i.rt_sem_wait) for rt_sem_wait
    main.o(.text) refers to rt_semaphore.o(i.rt_sem_send) for rt_sem_send
    main.o(.text) refers to main.o(.constdata) for colourList
    main.o(.text) refers to main.o(.bss) for ballParam
    main.o(.text) refers to glcd_spi_lpc1700.o(.text) for GLCD_Bitmap
    main.o(.text) refers to potentiometer.o(.text) for ADCValue
    main.o(.text) refers to dfltui.o(.text) for __aeabi_ui2d
    main.o(.text) refers to led.o(.text) for turnOffLED
    main.o(.text) refers to kbd.o(.text) for get_button
    main.o(.text) refers to system_lpc17xx.o(.text) for SystemInit
    main.o(.text) refers to malloc.o(i.malloc) for malloc
    main.o(.text) refers to rt_task.o(i.rt_tsk_delete) for rt_tsk_delete
    main.o(.text) refers to rt_task.o(i.rt_tsk_prio) for rt_tsk_prio
    main.o(.text) refers to rt_semaphore.o(i.rt_sem_init) for rt_sem_init
    main.o(.text) refers to rt_task.o(i.rt_tsk_create) for rt_tsk_create
    main.o(.text) refers to hal_cm3.o(.emb_text) for os_set_env
    main.o(.text) refers to rt_task.o(i.rt_sys_init) for rt_sys_init
    led.o(.text) refers to led.o(.constdata) for ledPosArray
    potentiometer.o(.text) refers to potentiometer.o(.data) for ADC_Done
    glcd_spi_lpc1700.o(.text) refers to glcd_spi_lpc1700.o(.data) for Himax
    glcd_spi_lpc1700.o(.text) refers to glcd_spi_lpc1700.o(.constdata) for Font_6x8_h
    glcd_scroll.o(.text) refers to glcd_spi_lpc1700.o(.text) for GLCD_Init
    glcd_scroll.o(.text) refers to glcd_scroll.o(i.last_line) for last_line
    glcd_scroll.o(.text) refers to glcd_scroll.o(i.last_window_line) for last_window_line
    glcd_scroll.o(.text) refers to glcd_scroll.o(.data) for cache_start
    glcd_scroll.o(.text) refers to glcd_scroll.o(.bss) for chache
    rt_task.o(i.rt_block) refers to rt_list.o(i.rt_put_dly) for rt_put_dly
    rt_task.o(i.rt_block) refers to rt_list.o(i.rt_get_first) for rt_get_first
    rt_task.o(i.rt_block) refers to rt_task.o(i.rt_switch_req) for rt_switch_req
    rt_task.o(i.rt_block) refers to rt_task.o(.data) for .data
    rt_task.o(i.rt_block) refers to rt_list.o(.bss) for os_rdy
    rt_task.o(i.rt_dispatch) refers to rt_list.o(i.rt_put_rdy_first) for rt_put_rdy_first
    rt_task.o(i.rt_dispatch) refers to rt_task.o(i.rt_switch_req) for rt_switch_req
    rt_task.o(i.rt_dispatch) refers to rt_list.o(i.rt_get_first) for rt_get_first
    rt_task.o(i.rt_dispatch) refers to rt_list.o(i.rt_put_prio) for rt_put_prio
    rt_task.o(i.rt_dispatch) refers to rt_task.o(.data) for .data
    rt_task.o(i.rt_dispatch) refers to rt_list.o(.bss) for os_rdy
    rt_task.o(i.rt_init_context) refers to rt_membox.o(i.rt_alloc_box) for rt_alloc_box
    rt_task.o(i.rt_init_context) refers to hal_cm3.o(i.rt_init_stack) for rt_init_stack
    rt_task.o(i.rt_init_context) refers to rtx_conf_cm.o(.bss) for mp_stk
    rt_task.o(i.rt_switch_req) refers to hal_cm3.o(i.dbg_task_switch) for dbg_task_switch
    rt_task.o(i.rt_switch_req) refers to rt_task.o(.data) for .data
    rt_task.o(i.rt_switch_req) refers to hal_cm3.o(.data) for dbg_msg
    rt_task.o(i.rt_sys_init) refers to hal_cm3.o(i.dbg_init) for dbg_init
    rt_task.o(i.rt_sys_init) refers to rt_membox.o(i._init_box) for _init_box
    rt_task.o(i.rt_sys_init) refers to rt_task.o(i.rt_init_context) for rt_init_context
    rt_task.o(i.rt_sys_init) refers to hal_cm3.o(.emb_text) for rt_set_PSP
    rt_task.o(i.rt_sys_init) refers to rt_robin.o(i.rt_init_robin) for rt_init_robin
    rt_task.o(i.rt_sys_init) refers to rt_system.o(i.os_tick_init) for os_tick_init
    rt_task.o(i.rt_sys_init) refers to rt_task.o(i.rt_tsk_create) for rt_tsk_create
    rt_task.o(i.rt_sys_init) refers to rtx_conf_cm.o(.bss) for os_active_TCB
    rt_task.o(i.rt_sys_init) refers to rtx_conf_cm.o(.constdata) for os_maxtaskrun
    rt_task.o(i.rt_sys_init) refers to rtx_conf_cm.o(.data) for m_tmr
    rt_task.o(i.rt_sys_init) refers to rt_task.o(.bss) for .bss
    rt_task.o(i.rt_sys_init) refers to rtx_conf_cm.o(.text) for os_idle_demon
    rt_task.o(i.rt_sys_init) refers to rt_list.o(.bss) for os_rdy
    rt_task.o(i.rt_sys_init) refers to rt_task.o(.data) for .data
    rt_task.o(i.rt_sys_init) refers to rt_system.o(.data) for os_tick_irqn
    rt_task.o(i.rt_tsk_create) refers to rt_membox.o(i.rt_alloc_box) for rt_alloc_box
    rt_task.o(i.rt_tsk_create) refers to rt_task.o(i.rt_init_context) for rt_init_context
    rt_task.o(i.rt_tsk_create) refers to hal_cm3.o(i.dbg_task_notify) for dbg_task_notify
    rt_task.o(i.rt_tsk_create) refers to rt_task.o(i.rt_dispatch) for rt_dispatch
    rt_task.o(i.rt_tsk_create) refers to rtx_conf_cm.o(.bss) for mp_tcb
    rt_task.o(i.rt_tsk_create) refers to rtx_conf_cm.o(.constdata) for os_maxtaskrun
    rt_task.o(i.rt_tsk_create) refers to hal_cm3.o(.data) for dbg_msg
    rt_task.o(i.rt_tsk_create) refers to rt_task.o(.data) for .data
    rt_task.o(i.rt_tsk_delete) refers to hal_cm3.o(.emb_text) for rt_get_PSP
    rt_task.o(i.rt_tsk_delete) refers to rt_system.o(i.rt_stk_check) for rt_stk_check
    rt_task.o(i.rt_tsk_delete) refers to rt_membox.o(i.rt_free_box) for rt_free_box
    rt_task.o(i.rt_tsk_delete) refers to hal_cm3.o(i.dbg_task_notify) for dbg_task_notify
    rt_task.o(i.rt_tsk_delete) refers to rt_task.o(i.rt_dispatch) for rt_dispatch
    rt_task.o(i.rt_tsk_delete) refers to rt_list.o(i.rt_rmv_list) for rt_rmv_list
    rt_task.o(i.rt_tsk_delete) refers to rt_list.o(i.rt_rmv_dly) for rt_rmv_dly
    rt_task.o(i.rt_tsk_delete) refers to hal_cm3.o(.data) for dbg_msg
    rt_task.o(i.rt_tsk_delete) refers to rt_task.o(.data) for .data
    rt_task.o(i.rt_tsk_delete) refers to rtx_conf_cm.o(.bss) for os_active_TCB
    rt_task.o(i.rt_tsk_delete) refers to rtx_conf_cm.o(.constdata) for os_maxtaskrun
    rt_task.o(i.rt_tsk_pass) refers to rt_list.o(i.rt_get_same_rdy_prio) for rt_get_same_rdy_prio
    rt_task.o(i.rt_tsk_pass) refers to rt_list.o(i.rt_put_prio) for rt_put_prio
    rt_task.o(i.rt_tsk_pass) refers to rt_task.o(i.rt_switch_req) for rt_switch_req
    rt_task.o(i.rt_tsk_pass) refers to rt_task.o(.data) for .data
    rt_task.o(i.rt_tsk_pass) refers to rt_list.o(.bss) for os_rdy
    rt_task.o(i.rt_tsk_prio) refers to rt_list.o(i.rt_put_prio) for rt_put_prio
    rt_task.o(i.rt_tsk_prio) refers to rt_list.o(i.rt_resort_prio) for rt_resort_prio
    rt_task.o(i.rt_tsk_prio) refers to rt_list.o(i.rt_get_first) for rt_get_first
    rt_task.o(i.rt_tsk_prio) refers to rt_task.o(i.rt_dispatch) for rt_dispatch
    rt_task.o(i.rt_tsk_prio) refers to rt_task.o(.data) for .data
    rt_task.o(i.rt_tsk_prio) refers to rtx_conf_cm.o(.constdata) for os_maxtaskrun
    rt_task.o(i.rt_tsk_prio) refers to rtx_conf_cm.o(.bss) for os_active_TCB
    rt_task.o(i.rt_tsk_prio) refers to rt_list.o(.bss) for os_rdy
    rt_task.o(i.rt_tsk_self) refers to rt_task.o(.data) for .data
    rt_semaphore.o(i.isr_sem_send) refers to rt_list.o(i.rt_psq_enq) for rt_psq_enq
    rt_semaphore.o(i.isr_sem_send) refers to rt_system.o(i.rt_psh_req) for rt_psh_req
    rt_semaphore.o(i.rt_sem_psh) refers to rt_list.o(i.rt_get_first) for rt_get_first
    rt_semaphore.o(i.rt_sem_psh) refers to rt_list.o(i.rt_rmv_dly) for rt_rmv_dly
    rt_semaphore.o(i.rt_sem_psh) refers to rt_list.o(i.rt_put_prio) for rt_put_prio
    rt_semaphore.o(i.rt_sem_psh) refers to rt_list.o(.bss) for os_rdy
    rt_semaphore.o(i.rt_sem_send) refers to rt_list.o(i.rt_get_first) for rt_get_first
    rt_semaphore.o(i.rt_sem_send) refers to rt_list.o(i.rt_rmv_dly) for rt_rmv_dly
    rt_semaphore.o(i.rt_sem_send) refers to rt_task.o(i.rt_dispatch) for rt_dispatch
    rt_semaphore.o(i.rt_sem_send) refers to rt_task.o(.data) for os_tsk
    rt_semaphore.o(i.rt_sem_wait) refers to rt_list.o(i.rt_put_prio) for rt_put_prio
    rt_semaphore.o(i.rt_sem_wait) refers to rt_task.o(i.rt_block) for rt_block
    rt_semaphore.o(i.rt_sem_wait) refers to rt_task.o(.data) for os_tsk
    hal_cm3.o(.emb_text) refers to rtx_conf_cm.o(.constdata) for os_flags
    hal_cm3.o(.emb_text) refers to rt_membox.o(i.rt_alloc_box) for rt_alloc_box
    hal_cm3.o(.emb_text) refers to rt_membox.o(i.rt_free_box) for rt_free_box
    hal_cm3.o(.emb_text) refers to rt_system.o(i.rt_stk_check) for rt_stk_check
    hal_cm3.o(.emb_text) refers to rt_task.o(.data) for os_tsk
    hal_cm3.o(.emb_text) refers to SVC_Table.o(SVC_TABLE) for SVC_Count
    hal_cm3.o(.emb_text) refers to rt_system.o(i.rt_pop_req) for rt_pop_req
    hal_cm3.o(.emb_text) refers to rt_system.o(i.rt_systick) for rt_systick
    hal_cm3.o(.emb_text) refers to rt_system.o(i.os_tick_irqack) for os_tick_irqack
    hal_cm3.o(i.dbg_init) refers to hal_cm3.o(.data) for .data
    hal_cm3.o(i.rt_init_stack) refers to rtx_conf_cm.o(.constdata) for os_stackinfo
    rt_system.o(i.os_tick_init) refers to rtx_conf_cm.o(.constdata) for os_trv
    rt_system.o(i.rt_pop_req) refers to rt_list.o(i.rt_put_rdy_first) for rt_put_rdy_first
    rt_system.o(i.rt_pop_req) refers to rt_semaphore.o(i.rt_sem_psh) for rt_sem_psh
    rt_system.o(i.rt_pop_req) refers to rt_list.o(i.rt_get_first) for rt_get_first
    rt_system.o(i.rt_pop_req) refers to rt_task.o(i.rt_switch_req) for rt_switch_req
    rt_system.o(i.rt_pop_req) refers to rt_event.o(i.rt_evt_psh) for rt_evt_psh
    rt_system.o(i.rt_pop_req) refers to rt_mailbox.o(i.rt_mbx_psh) for rt_mbx_psh
    rt_system.o(i.rt_pop_req) refers to rt_task.o(.data) for os_tsk
    rt_system.o(i.rt_pop_req) refers to rtx_conf_cm.o(.bss) for os_fifo
    rt_system.o(i.rt_pop_req) refers to rt_list.o(.bss) for os_rdy
    rt_system.o(i.rt_psh_req) refers to rt_system.o(.data) for .data
    rt_system.o(i.rt_resume) refers to rt_list.o(i.rt_put_rdy_first) for rt_put_rdy_first
    rt_system.o(i.rt_resume) refers to rt_list.o(i.rt_dec_dly) for rt_dec_dly
    rt_system.o(i.rt_resume) refers to rt_timer.o(i.rt_tmr_tick) for rt_tmr_tick
    rt_system.o(i.rt_resume) refers to rt_list.o(i.rt_get_first) for rt_get_first
    rt_system.o(i.rt_resume) refers to rt_task.o(i.rt_switch_req) for rt_switch_req
    rt_system.o(i.rt_resume) refers to rt_system.o(i.rt_tsk_unlock) for rt_tsk_unlock
    rt_system.o(i.rt_resume) refers to rt_task.o(.data) for os_tsk
    rt_system.o(i.rt_resume) refers to rt_robin.o(.data) for os_robin
    rt_system.o(i.rt_resume) refers to rt_list.o(.bss) for os_dly
    rt_system.o(i.rt_resume) refers to rt_time.o(.data) for os_time
    rt_system.o(i.rt_resume) refers to rt_timer.o(.data) for os_tmr
    rt_system.o(i.rt_stk_check) refers to rtx_conf_cm.o(.text) for os_error
    rt_system.o(i.rt_stk_check) refers to rt_task.o(.data) for os_tsk
    rt_system.o(i.rt_suspend) refers to rt_system.o(i.rt_tsk_lock) for rt_tsk_lock
    rt_system.o(i.rt_suspend) refers to rt_list.o(.bss) for os_dly
    rt_system.o(i.rt_suspend) refers to rt_timer.o(.data) for os_tmr
    rt_system.o(i.rt_systick) refers to rt_list.o(i.rt_put_rdy_first) for rt_put_rdy_first
    rt_system.o(i.rt_systick) refers to rt_robin.o(i.rt_chk_robin) for rt_chk_robin
    rt_system.o(i.rt_systick) refers to rt_list.o(i.rt_dec_dly) for rt_dec_dly
    rt_system.o(i.rt_systick) refers to rt_timer.o(i.rt_tmr_tick) for rt_tmr_tick
    rt_system.o(i.rt_systick) refers to rt_list.o(i.rt_get_first) for rt_get_first
    rt_system.o(i.rt_systick) refers to rt_task.o(i.rt_switch_req) for rt_switch_req
    rt_system.o(i.rt_systick) refers to rt_task.o(.data) for os_tsk
    rt_system.o(i.rt_systick) refers to rt_time.o(.data) for os_time
    rt_system.o(i.rt_systick) refers to rt_list.o(.bss) for os_rdy
    rt_system.o(i.rt_tsk_lock) refers to rt_system.o(.data) for .data
    rt_system.o(i.rt_tsk_unlock) refers to rt_system.o(.data) for .data
    rt_list.o(i.rt_dec_dly) refers to rt_list.o(i.rt_put_prio) for rt_put_prio
    rt_list.o(i.rt_dec_dly) refers to rt_list.o(.bss) for .bss
    rt_list.o(i.rt_dec_dly) refers to rt_time.o(.data) for os_time
    rt_list.o(i.rt_get_same_rdy_prio) refers to rt_list.o(.bss) for .bss
    rt_list.o(i.rt_get_same_rdy_prio) refers to rt_task.o(.data) for os_tsk
    rt_list.o(i.rt_psq_enq) refers to rtx_conf_cm.o(.text) for os_error
    rt_list.o(i.rt_psq_enq) refers to rtx_conf_cm.o(.bss) for os_fifo
    rt_list.o(i.rt_put_dly) refers to rt_list.o(.bss) for .bss
    rt_list.o(i.rt_put_rdy_first) refers to rt_list.o(.bss) for .bss
    rt_list.o(i.rt_resort_prio) refers to rt_list.o(i.rt_rmv_list) for rt_rmv_list
    rt_list.o(i.rt_resort_prio) refers to rt_list.o(i.rt_put_prio) for rt_put_prio
    rt_list.o(i.rt_resort_prio) refers to rt_list.o(.bss) for .bss
    rt_list.o(i.rt_rmv_list) refers to rt_list.o(.bss) for .bss
    rt_robin.o(i.rt_chk_robin) refers to rt_list.o(i.rt_get_first) for rt_get_first
    rt_robin.o(i.rt_chk_robin) refers to rt_list.o(i.rt_put_prio) for rt_put_prio
    rt_robin.o(i.rt_chk_robin) refers to rt_robin.o(.data) for .data
    rt_robin.o(i.rt_chk_robin) refers to rt_list.o(.bss) for os_rdy
    rt_robin.o(i.rt_chk_robin) refers to rt_time.o(.data) for os_time
    rt_robin.o(i.rt_init_robin) refers to rt_robin.o(.data) for .data
    rt_robin.o(i.rt_init_robin) refers to rtx_conf_cm.o(.constdata) for os_rrobin
    rt_membox.o(i._calloc_box) refers to hal_cm3.o(.emb_text) for _alloc_box
    rt_event.o(i.isr_evt_set) refers to rt_list.o(i.rt_psq_enq) for rt_psq_enq
    rt_event.o(i.isr_evt_set) refers to rt_system.o(i.rt_psh_req) for rt_psh_req
    rt_event.o(i.isr_evt_set) refers to rtx_conf_cm.o(.bss) for os_active_TCB
    rt_event.o(i.rt_evt_clr) refers to rtx_conf_cm.o(.bss) for os_active_TCB
    rt_event.o(i.rt_evt_get) refers to rt_task.o(.data) for os_tsk
    rt_event.o(i.rt_evt_psh) refers to rt_list.o(i.rt_rmv_dly) for rt_rmv_dly
    rt_event.o(i.rt_evt_psh) refers to rt_list.o(i.rt_put_prio) for rt_put_prio
    rt_event.o(i.rt_evt_psh) refers to rt_list.o(.bss) for os_rdy
    rt_event.o(i.rt_evt_set) refers to rt_list.o(i.rt_rmv_dly) for rt_rmv_dly
    rt_event.o(i.rt_evt_set) refers to rt_task.o(i.rt_dispatch) for rt_dispatch
    rt_event.o(i.rt_evt_set) refers to rtx_conf_cm.o(.bss) for os_active_TCB
    rt_event.o(i.rt_evt_wait) refers to rt_task.o(i.rt_block) for rt_block
    rt_event.o(i.rt_evt_wait) refers to rt_task.o(.data) for os_tsk
    rt_mailbox.o(i.isr_mbx_receive) refers to rt_list.o(i.rt_psq_enq) for rt_psq_enq
    rt_mailbox.o(i.isr_mbx_receive) refers to rt_system.o(i.rt_psh_req) for rt_psh_req
    rt_mailbox.o(i.isr_mbx_send) refers to rt_list.o(i.rt_psq_enq) for rt_psq_enq
    rt_mailbox.o(i.isr_mbx_send) refers to rt_system.o(i.rt_psh_req) for rt_psh_req
    rt_mailbox.o(i.rt_mbx_psh) refers to rt_list.o(i.rt_get_first) for rt_get_first
    rt_mailbox.o(i.rt_mbx_psh) refers to rt_list.o(i.rt_rmv_dly) for rt_rmv_dly
    rt_mailbox.o(i.rt_mbx_psh) refers to rt_list.o(i.rt_put_prio) for rt_put_prio
    rt_mailbox.o(i.rt_mbx_psh) refers to rtx_conf_cm.o(.text) for os_error
    rt_mailbox.o(i.rt_mbx_psh) refers to rt_list.o(.bss) for os_rdy
    rt_mailbox.o(i.rt_mbx_send) refers to rt_list.o(i.rt_put_prio) for rt_put_prio
    rt_mailbox.o(i.rt_mbx_send) refers to rt_list.o(i.rt_get_first) for rt_get_first
    rt_mailbox.o(i.rt_mbx_send) refers to rt_list.o(i.rt_rmv_dly) for rt_rmv_dly
    rt_mailbox.o(i.rt_mbx_send) refers to rt_task.o(i.rt_dispatch) for rt_dispatch
    rt_mailbox.o(i.rt_mbx_send) refers to rt_task.o(i.rt_block) for rt_block
    rt_mailbox.o(i.rt_mbx_send) refers to rt_task.o(.data) for os_tsk
    rt_mailbox.o(i.rt_mbx_wait) refers to rt_list.o(i.rt_get_first) for rt_get_first
    rt_mailbox.o(i.rt_mbx_wait) refers to rt_list.o(i.rt_rmv_dly) for rt_rmv_dly
    rt_mailbox.o(i.rt_mbx_wait) refers to rt_task.o(i.rt_dispatch) for rt_dispatch
    rt_mailbox.o(i.rt_mbx_wait) refers to rt_list.o(i.rt_put_prio) for rt_put_prio
    rt_mailbox.o(i.rt_mbx_wait) refers to rt_task.o(i.rt_block) for rt_block
    rt_mailbox.o(i.rt_mbx_wait) refers to rt_task.o(.data) for os_tsk
    rt_time.o(i.rt_dly_wait) refers to rt_task.o(i.rt_block) for rt_block
    rt_time.o(i.rt_itv_set) refers to rt_task.o(.data) for os_tsk
    rt_time.o(i.rt_itv_set) refers to rt_time.o(.data) for .data
    rt_time.o(i.rt_itv_wait) refers to rt_task.o(i.rt_block) for rt_block
    rt_time.o(i.rt_itv_wait) refers to rt_task.o(.data) for os_tsk
    rt_time.o(i.rt_itv_wait) refers to rt_time.o(.data) for .data
    rt_time.o(i.rt_time_get) refers to rt_time.o(.data) for .data
    rt_timer.o(i.rt_tmr_create) refers to rt_membox.o(i.rt_alloc_box) for rt_alloc_box
    rt_timer.o(i.rt_tmr_create) refers to rtx_conf_cm.o(.data) for m_tmr
    rt_timer.o(i.rt_tmr_create) refers to rt_timer.o(.data) for .data
    rt_timer.o(i.rt_tmr_kill) refers to rt_membox.o(i.rt_free_box) for rt_free_box
    rt_timer.o(i.rt_tmr_kill) refers to rt_timer.o(.data) for .data
    rt_timer.o(i.rt_tmr_kill) refers to rtx_conf_cm.o(.data) for m_tmr
    rt_timer.o(i.rt_tmr_tick) refers to rtx_conf_cm.o(.text) for os_tmr_call
    rt_timer.o(i.rt_tmr_tick) refers to rt_membox.o(i.rt_free_box) for rt_free_box
    rt_timer.o(i.rt_tmr_tick) refers to rt_timer.o(.data) for .data
    rt_timer.o(i.rt_tmr_tick) refers to rtx_conf_cm.o(.data) for m_tmr
    entry.o(.ARM.Collect$$$$00000000) refers (Special) to entry7b.o(.ARM.Collect$$$$00000008) for _main_clock
    entry.o(.ARM.Collect$$$$00000000) refers (Special) to entry8.o(.ARM.Collect$$$$00000009) for _main_init
    entry.o(.ARM.Collect$$$$00000000) refers (Special) to entry5.o(.ARM.Collect$$$$00000004) for _main_scatterload
    entry.o(.ARM.Collect$$$$00000000) refers (Special) to entry2.o(.ARM.Collect$$$$00000001) for _main_stk
    uldiv.o(.text) refers to llushr.o(.text) for __aeabi_llsr
    uldiv.o(.text) refers to llshl.o(.text) for __aeabi_llsl
    rand.o(.text) refers to rand.o(.data) for .data
    malloc.o(i.free) refers to mvars.o(.data) for __microlib_freelist
    malloc.o(i.malloc) refers to mvars.o(.data) for __microlib_freelist_initialised
    malloc.o(i.malloc) refers to mvars.o(.data) for __microlib_freelist
    malloc.o(i.malloc) refers to startup_lpc17xx.o(HEAP) for __heap_base
    mallocr.o(i.__free$realloc) refers to mvars.o(.data) for __microlib_freelist
    mallocr.o(i.__malloc$realloc) refers to mallocr.o(i.internal_alloc) for internal_alloc
    mallocr.o(i.__malloc$realloc) refers to mvars.o(.data) for __microlib_freelist_initialised
    mallocr.o(i.__malloc$realloc) refers to startup_lpc17xx.o(HEAP) for __heap_base
    mallocr.o(i.__malloc$realloc) refers to mvars.o(.data) for __microlib_freelist
    mallocr.o(i.internal_alloc) refers to memcpya.o(.text) for __aeabi_memcpy
    mallocr.o(i.internal_alloc) refers to mvars.o(.data) for __microlib_freelist
    mallocr.o(i.realloc) refers to mallocr.o(i.__free$realloc) for __free$realloc
    mallocr.o(i.realloc) refers to mallocr.o(i.internal_alloc) for internal_alloc
    mallocr.o(i.realloc) refers to mallocr.o(i.__malloc$realloc) for __malloc$realloc
    mallocr.o(i.realloc) refers to mvars.o(.data) for __microlib_freelist
    malloca.o(i.__aligned_malloc) refers to mvars.o(.data) for __microlib_freelist_initialised
    malloca.o(i.__aligned_malloc) refers to mvars.o(.data) for __microlib_freelist
    malloca.o(i.__aligned_malloc) refers to startup_lpc17xx.o(HEAP) for __heap_base
    malloca.o(i.__free$memalign) refers to mvars.o(.data) for __microlib_freelist
    malloca.o(i.__malloc$memalign) refers to malloca.o(i.__aligned_malloc) for __aligned_malloc
    mallocra.o(i.__aligned_malloc$realloc) refers to mallocra.o(i.internal_alloc) for internal_alloc
    mallocra.o(i.__aligned_malloc$realloc) refers to mvars.o(.data) for __microlib_freelist_initialised
    mallocra.o(i.__aligned_malloc$realloc) refers to startup_lpc17xx.o(HEAP) for __heap_base
    mallocra.o(i.__aligned_malloc$realloc) refers to mvars.o(.data) for __microlib_freelist
    mallocra.o(i.__free$realloc$memalign) refers to mvars.o(.data) for __microlib_freelist
    mallocra.o(i.__malloc$realloc$memalign) refers to mallocra.o(i.__aligned_malloc$realloc) for __aligned_malloc$realloc
    mallocra.o(i.__realloc$memalign) refers to mallocra.o(i.__free$realloc$memalign) for __free$realloc$memalign
    mallocra.o(i.__realloc$memalign) refers to mallocra.o(i.internal_alloc) for internal_alloc
    mallocra.o(i.__realloc$memalign) refers to mallocra.o(i.__malloc$realloc$memalign) for __malloc$realloc$memalign
    mallocra.o(i.__realloc$memalign) refers to mvars.o(.data) for __microlib_freelist
    mallocra.o(i.internal_alloc) refers to memcpya.o(.text) for __aeabi_memcpy
    mallocra.o(i.internal_alloc) refers to mvars.o(.data) for __microlib_freelist
    dadd.o(.text) refers (Special) to iusefp.o(.text) for __I$use$fp
    dadd.o(.text) refers to llshl.o(.text) for __aeabi_llsl
    dadd.o(.text) refers to llsshr.o(.text) for __aeabi_lasr
    dadd.o(.text) refers to depilogue.o(.text) for _double_epilogue
    dmul.o(.text) refers (Special) to iusefp.o(.text) for __I$use$fp
    dmul.o(.text) refers to depilogue.o(.text) for _double_epilogue
    ddiv.o(.text) refers (Special) to iusefp.o(.text) for __I$use$fp
    ddiv.o(.text) refers to depilogue.o(.text) for _double_round
    dflti.o(.text) refers (Special) to iusefp.o(.text) for __I$use$fp
    dflti.o(.text) refers to depilogue.o(.text) for _double_epilogue
    dfltui.o(.text) refers (Special) to iusefp.o(.text) for __I$use$fp
    dfltui.o(.text) refers to depilogue.o(.text) for _double_epilogue
    dfixi.o(.text) refers (Special) to iusefp.o(.text) for __I$use$fp
    dfixi.o(.text) refers to llushr.o(.text) for __aeabi_llsr
    cdcmple.o(.text) refers (Special) to iusefp.o(.text) for __I$use$fp
    entry2.o(.ARM.Collect$$$$00000001) refers to entry2.o(.ARM.Collect$$$$00002712) for __lit__00000000
    entry2.o(.ARM.Collect$$$$00002712) refers to startup_lpc17xx.o(STACK) for __initial_sp
    entry2.o(__vectab_stack_and_reset_area) refers to startup_lpc17xx.o(STACK) for __initial_sp
    entry2.o(__vectab_stack_and_reset_area) refers to entry.o(.ARM.Collect$$$$00000000) for __main
    entry5.o(.ARM.Collect$$$$00000004) refers to init.o(.text) for __scatterload
    entry8.o(.ARM.Collect$$$$00000009) refers to main.o(.text) for main
    depilogue.o(.text) refers to llshl.o(.text) for __aeabi_llsl
    depilogue.o(.text) refers to llushr.o(.text) for __aeabi_llsr
    init.o(.text) refers to entry5.o(.ARM.Collect$$$$00000004) for __main_after_scatterload
    glcd_scroll.o(i.last_line) refers to glcd_scroll.o(.data) for cache_start
    glcd_scroll.o(i.last_window_line) refers to glcd_scroll.o(.data) for window_start


==============================================================================

Removing Unused input sections from the image.

    Removing system_lpc17xx.o(.rev16_text), (4 bytes).
    Removing system_lpc17xx.o(.revsh_text), (4 bytes).
    Removing retarget.o(.text), (94 bytes).
    Removing retarget.o(.data), (8 bytes).
    Removing uart.o(.rev16_text), (4 bytes).
    Removing uart.o(.revsh_text), (4 bytes).
    Removing main.o(.rev16_text), (4 bytes).
    Removing main.o(.revsh_text), (4 bytes).
    Removing led.o(.rev16_text), (4 bytes).
    Removing led.o(.revsh_text), (4 bytes).
    Removing potentiometer.o(.rev16_text), (4 bytes).
    Removing potentiometer.o(.revsh_text), (4 bytes).
    Removing kbd.o(.rev16_text), (4 bytes).
    Removing kbd.o(.revsh_text), (4 bytes).
    Removing kbd.o(.data), (4 bytes).
    Removing glcd_spi_lpc1700.o(.rev16_text), (4 bytes).
    Removing glcd_spi_lpc1700.o(.revsh_text), (4 bytes).
    Removing glcd_scroll.o(.rev16_text), (4 bytes).
    Removing glcd_scroll.o(.revsh_text), (4 bytes).
    Removing glcd_scroll.o(.text), (852 bytes).
    Removing glcd_scroll.o(.bss), (525 bytes).
    Removing glcd_scroll.o(.data), (20 bytes).
    Removing rt_task.o(i.rt_tsk_pass), (48 bytes).
    Removing rt_task.o(i.rt_tsk_self), (16 bytes).
    Removing rt_semaphore.o(i.isr_sem_send), (16 bytes).
    Removing rt_system.o(.emb_text), (0 bytes).
    Removing rt_system.o(i.rt_psh_req), (32 bytes).
    Removing rt_system.o(i.rt_resume), (176 bytes).
    Removing rt_system.o(i.rt_suspend), (44 bytes).
    Removing rt_system.o(i.rt_tsk_lock), (80 bytes).
    Removing rt_system.o(i.rt_tsk_unlock), (80 bytes).
    Removing rt_list.o(i.rt_get_same_rdy_prio), (36 bytes).
    Removing rt_list.o(i.rt_psq_enq), (88 bytes).
    Removing rt_membox.o(i._calloc_box), (30 bytes).
    Removing rt_event.o(i.isr_evt_set), (40 bytes).
    Removing rt_event.o(i.rt_evt_clr), (28 bytes).
    Removing rt_event.o(i.rt_evt_get), (12 bytes).
    Removing rt_event.o(i.rt_evt_set), (96 bytes).
    Removing rt_event.o(i.rt_evt_wait), (64 bytes).
    Removing rt_mailbox.o(i.isr_mbx_receive), (84 bytes).
    Removing rt_mailbox.o(i.isr_mbx_send), (14 bytes).
    Removing rt_mailbox.o(i.rt_mbx_check), (8 bytes).
    Removing rt_mailbox.o(i.rt_mbx_init), (26 bytes).
    Removing rt_mailbox.o(i.rt_mbx_send), (160 bytes).
    Removing rt_mailbox.o(i.rt_mbx_wait), (184 bytes).
    Removing rt_time.o(i.rt_dly_wait), (6 bytes).
    Removing rt_time.o(i.rt_itv_set), (24 bytes).
    Removing rt_time.o(i.rt_itv_wait), (44 bytes).
    Removing rt_time.o(i.rt_time_get), (12 bytes).
    Removing rt_timer.o(i.rt_tmr_create), (80 bytes).
    Removing rt_timer.o(i.rt_tmr_kill), (52 bytes).
    Removing glcd_scroll.o(i.last_line), (32 bytes).
    Removing glcd_scroll.o(i.last_window_line), (32 bytes).

53 unused section(s) (total 3211 bytes) removed from the image.

==============================================================================

Image Symbol Table

    Local Symbols

    Symbol Name                              Value     Ov Type        Size  Object(Section)

    RESET                                    0x00000000   Section      204  startup_lpc17xx.o(RESET)
    ../clib/../cmprslib/zerorunl2.c          0x00000000   Number         0  __dczerorl2.o ABSOLUTE
    ../clib/microlib/division.c              0x00000000   Number         0  uldiv.o ABSOLUTE
    ../clib/microlib/init/entry.s            0x00000000   Number         0  entry7b.o ABSOLUTE
    ../clib/microlib/init/entry.s            0x00000000   Number         0  entry8.o ABSOLUTE
    ../clib/microlib/init/entry.s            0x00000000   Number         0  entry.o ABSOLUTE
    ../clib/microlib/init/entry.s            0x00000000   Number         0  entry5.o ABSOLUTE
    ../clib/microlib/init/entry.s            0x00000000   Number         0  entry2.o ABSOLUTE
    ../clib/microlib/init/entry.s            0x00000000   Number         0  entry7a.o ABSOLUTE
    ../clib/microlib/longlong.c              0x00000000   Number         0  llsshr.o ABSOLUTE
    ../clib/microlib/longlong.c              0x00000000   Number         0  llushr.o ABSOLUTE
    ../clib/microlib/longlong.c              0x00000000   Number         0  llshl.o ABSOLUTE
    ../clib/microlib/malloc/malloc.c         0x00000000   Number         0  malloca.o ABSOLUTE
    ../clib/microlib/malloc/malloc.c         0x00000000   Number         0  mallocr.o ABSOLUTE
    ../clib/microlib/malloc/malloc.c         0x00000000   Number         0  malloc.o ABSOLUTE
    ../clib/microlib/malloc/malloc.c         0x00000000   Number         0  mallocra.o ABSOLUTE
    ../clib/microlib/malloc/mvars.c          0x00000000   Number         0  mvars.o ABSOLUTE
    ../clib/microlib/stdlib/rand.c           0x00000000   Number         0  rand.o ABSOLUTE
    ../clib/microlib/string/memcpy.c         0x00000000   Number         0  memcpyb.o ABSOLUTE
    ../clib/microlib/string/memcpy.c         0x00000000   Number         0  memcpya.o ABSOLUTE
    ../clib/microlib/stubs.s                 0x00000000   Number         0  useno.o ABSOLUTE
    ../clib/microlib/stubs.s                 0x00000000   Number         0  iusefp.o ABSOLUTE
    ../fplib/microlib/fpadd.c                0x00000000   Number         0  dadd.o ABSOLUTE
    ../fplib/microlib/fpdiv.c                0x00000000   Number         0  ddiv.o ABSOLUTE
    ../fplib/microlib/fpepilogue.c           0x00000000   Number         0  depilogue.o ABSOLUTE
    ../fplib/microlib/fpfix.c                0x00000000   Number         0  dfixi.o ABSOLUTE
    ../fplib/microlib/fpflt.c                0x00000000   Number         0  dfltui.o ABSOLUTE
    ../fplib/microlib/fpflt.c                0x00000000   Number         0  dflti.o ABSOLUTE
    ../fplib/microlib/fpmul.c                0x00000000   Number         0  dmul.o ABSOLUTE
    C:\Software\Keil\ARM\Startup\NXP\LPC17xx\system_LPC17xx.c 0x00000000   Number         0  system_lpc17xx.o ABSOLUTE
    C:\\Software\\Keil\\ARM\\Startup\\NXP\\LPC17xx\\system_LPC17xx.c 0x00000000   Number         0  system_lpc17xx.o ABSOLUTE
    GLCD_SPI_LPC1700.c                       0x00000000   Number         0  glcd_spi_lpc1700.o ABSOLUTE
    GLCD_SPI_LPC1700.c                       0x00000000   Number         0  glcd_spi_lpc1700.o ABSOLUTE
    GLCD_Scroll.c                            0x00000000   Number         0  glcd_scroll.o ABSOLUTE
    GLCD_Scroll.c                            0x00000000   Number         0  glcd_scroll.o ABSOLUTE
    INT0.c                                   0x00000000   Number         0  int0.o ABSOLUTE
    KBD.c                                    0x00000000   Number         0  kbd.o ABSOLUTE
    KBD.c                                    0x00000000   Number         0  kbd.o ABSOLUTE
    LED.c                                    0x00000000   Number         0  led.o ABSOLUTE
    LED.c                                    0x00000000   Number         0  led.o ABSOLUTE
    Potentiometer.c                          0x00000000   Number         0  potentiometer.o ABSOLUTE
    Potentiometer.c                          0x00000000   Number         0  potentiometer.o ABSOLUTE
    RTX_Conf_CM.c                            0x00000000   Number         0  rtx_conf_cm.o ABSOLUTE
    Retarget.c                               0x00000000   Number         0  retarget.o ABSOLUTE
    SRC\CM\HAL_CM3.c                         0x00000000   Number         0  hal_cm3.o ABSOLUTE
    SRC\CM\SVC_Table.s                       0x00000000   Number         0  SVC_Table.o ABSOLUTE
    SRC\CM\rt_Event.c                        0x00000000   Number         0  rt_event.o ABSOLUTE
    SRC\CM\rt_List.c                         0x00000000   Number         0  rt_list.o ABSOLUTE
    SRC\CM\rt_Mailbox.c                      0x00000000   Number         0  rt_mailbox.o ABSOLUTE
    SRC\CM\rt_MemBox.c                       0x00000000   Number         0  rt_membox.o ABSOLUTE
    SRC\CM\rt_Robin.c                        0x00000000   Number         0  rt_robin.o ABSOLUTE
    SRC\CM\rt_Semaphore.c                    0x00000000   Number         0  rt_semaphore.o ABSOLUTE
    SRC\CM\rt_System.c                       0x00000000   Number         0  rt_system.o ABSOLUTE
    SRC\CM\rt_Task.c                         0x00000000   Number         0  rt_task.o ABSOLUTE
    SRC\CM\rt_Time.c                         0x00000000   Number         0  rt_time.o ABSOLUTE
    SRC\CM\rt_Timer.c                        0x00000000   Number         0  rt_timer.o ABSOLUTE
    SRC\\CM\\HAL_CM3.c                       0x00000000   Number         0  hal_cm3.o ABSOLUTE
    SRC\\CM\\rt_System.c                     0x00000000   Number         0  rt_system.o ABSOLUTE
    cdcmple.s                                0x00000000   Number         0  cdcmple.o ABSOLUTE
    dc.s                                     0x00000000   Number         0  dc.o ABSOLUTE
    handlers.s                               0x00000000   Number         0  handlers.o ABSOLUTE
    init.s                                   0x00000000   Number         0  init.o ABSOLUTE
    main.c                                   0x00000000   Number         0  main.o ABSOLUTE
    main.c                                   0x00000000   Number         0  main.o ABSOLUTE
    startup_LPC17xx.s                        0x00000000   Number         0  startup_lpc17xx.o ABSOLUTE
    uart.c                                   0x00000000   Number         0  uart.o ABSOLUTE
    uart.c                                   0x00000000   Number         0  uart.o ABSOLUTE
    .ARM.Collect$$$$00000000                 0x000000cc   Section        0  entry.o(.ARM.Collect$$$$00000000)
    .ARM.Collect$$$$00000001                 0x000000cc   Section        4  entry2.o(.ARM.Collect$$$$00000001)
    .ARM.Collect$$$$00000004                 0x000000d0   Section        4  entry5.o(.ARM.Collect$$$$00000004)
    .ARM.Collect$$$$00000008                 0x000000d4   Section        0  entry7b.o(.ARM.Collect$$$$00000008)
    .ARM.Collect$$$$00000009                 0x000000d4   Section        8  entry8.o(.ARM.Collect$$$$00000009)
    .ARM.Collect$$$$00002712                 0x000000dc   Section        4  entry2.o(.ARM.Collect$$$$00002712)
    __lit__00000000                          0x000000dc   Data           4  entry2.o(.ARM.Collect$$$$00002712)
    .emb_text                                0x000000e0   Section      340  hal_cm3.o(.emb_text)
    .text                                    0x00000234   Section       36  startup_lpc17xx.o(.text)
    .text                                    0x00000258   Section        0  rtx_conf_cm.o(.text)
    .text                                    0x00000264   Section        0  kbd.o(.text)
    .text                                    0x000002c4   Section        0  rand.o(.text)
    .text                                    0x000002e8   Section        0  iusefp.o(.text)
    SVC_TABLE                                0x000002e8   Section        4  SVC_Table.o(SVC_TABLE)
    i.__scatterload_copy                     0x000002ec   Section       14  handlers.o(i.__scatterload_copy)
    i.__scatterload_null                     0x000002fa   Section        2  handlers.o(i.__scatterload_null)
    .ARM.__at_0x02FC                         0x000002fc   Section        4  startup_lpc17xx.o(.ARM.__at_0x02FC)
    .text                                    0x00000300   Section        0  system_lpc17xx.o(.text)
    .text                                    0x00000618   Section        0  uart.o(.text)
    NVIC_EnableIRQ                           0x00000971   Thumb Code    24  uart.o(.text)
    .text                                    0x000009c4   Section        0  main.o(.text)
    .text                                    0x00001270   Section        0  led.o(.text)
    .text                                    0x00001314   Section        0  potentiometer.o(.text)
    .text                                    0x000013e0   Section        0  glcd_spi_lpc1700.o(.text)
    delay                                    0x000013e1   Thumb Code    14  glcd_spi_lpc1700.o(.text)
    spi_tran_man                             0x000013ef   Thumb Code   124  glcd_spi_lpc1700.o(.text)
    wr_cmd                                   0x0000146b   Thumb Code    36  glcd_spi_lpc1700.o(.text)
    wr_dat                                   0x0000148f   Thumb Code    36  glcd_spi_lpc1700.o(.text)
    rd_reg                                   0x000014b3   Thumb Code    66  glcd_spi_lpc1700.o(.text)
    rd_id_man                                0x000014f5   Thumb Code   132  glcd_spi_lpc1700.o(.text)
    spi_tran                                 0x00001f6d   Thumb Code    26  glcd_spi_lpc1700.o(.text)
    wr_dat_start                             0x00001f87   Thumb Code    16  glcd_spi_lpc1700.o(.text)
    wr_dat_stop                              0x00001f97   Thumb Code     8  glcd_spi_lpc1700.o(.text)
    wr_dat_only                              0x00001f9f   Thumb Code    18  glcd_spi_lpc1700.o(.text)
    wr_reg                                   0x00001fb1   Thumb Code    20  glcd_spi_lpc1700.o(.text)
    .text                                    0x00001fdc   Section        0  uldiv.o(.text)
    .text                                    0x0000203e   Section        0  dadd.o(.text)
    .text                                    0x0000218c   Section        0  dmul.o(.text)
    .text                                    0x00002270   Section        0  ddiv.o(.text)
    .text                                    0x0000234e   Section        0  dflti.o(.text)
    .text                                    0x00002370   Section        0  dfltui.o(.text)
    .text                                    0x0000238a   Section        0  dfixi.o(.text)
    .text                                    0x000023c8   Section       40  cdcmple.o(.text)
    .text                                    0x000023f0   Section        0  llshl.o(.text)
    .text                                    0x0000240e   Section        0  llushr.o(.text)
    .text                                    0x0000242e   Section        0  llsshr.o(.text)
    .text                                    0x00002452   Section        0  depilogue.o(.text)
    .text                                    0x00002510   Section       36  init.o(.text)
    .text                                    0x00002534   Section        0  __dczerorl2.o(.text)
    i.__scatterload_zeroinit                 0x00002590   Section       14  handlers.o(i.__scatterload_zeroinit)
    i._init_box                              0x0000259e   Section        0  rt_membox.o(i._init_box)
    i.dbg_init                               0x000025e4   Section        0  hal_cm3.o(i.dbg_init)
    i.dbg_task_notify                        0x00002614   Section        0  hal_cm3.o(i.dbg_task_notify)
    i.dbg_task_switch                        0x00002634   Section        0  hal_cm3.o(i.dbg_task_switch)
    i.malloc                                 0x00002644   Section        0  malloc.o(i.malloc)
    i.os_tick_init                           0x000026b0   Section        0  rt_system.o(i.os_tick_init)
    i.os_tick_irqack                         0x000026d8   Section        0  rt_system.o(i.os_tick_irqack)
    i.rt_alloc_box                           0x000026da   Section        0  rt_membox.o(i.rt_alloc_box)
    i.rt_block                               0x000026f4   Section        0  rt_task.o(i.rt_block)
    i.rt_chk_robin                           0x0000272c   Section        0  rt_robin.o(i.rt_chk_robin)
    i.rt_dec_dly                             0x00002774   Section        0  rt_list.o(i.rt_dec_dly)
    i.rt_dispatch                            0x000027e8   Section        0  rt_task.o(i.rt_dispatch)
    i.rt_evt_psh                             0x0000282c   Section        0  rt_event.o(i.rt_evt_psh)
    i.rt_free_box                            0x00002878   Section        0  rt_membox.o(i.rt_free_box)
    i.rt_get_first                           0x00002898   Section        0  rt_list.o(i.rt_get_first)
    i.rt_init_context                        0x000028c0   Section        0  rt_task.o(i.rt_init_context)
    rt_init_context                          0x000028c1   Thumb Code    64  rt_task.o(i.rt_init_context)
    i.rt_init_robin                          0x00002904   Section        0  rt_robin.o(i.rt_init_robin)
    i.rt_init_stack                          0x0000291c   Section        0  hal_cm3.o(i.rt_init_stack)
    i.rt_mbx_psh                             0x0000296c   Section        0  rt_mailbox.o(i.rt_mbx_psh)
    i.rt_pop_req                             0x00002a2c   Section        0  rt_system.o(i.rt_pop_req)
    i.rt_put_dly                             0x00002aa4   Section        0  rt_list.o(i.rt_put_dly)
    i.rt_put_prio                            0x00002aec   Section        0  rt_list.o(i.rt_put_prio)
    i.rt_put_rdy_first                       0x00002b24   Section        0  rt_list.o(i.rt_put_rdy_first)
    i.rt_resort_prio                         0x00002b38   Section        0  rt_list.o(i.rt_resort_prio)
    i.rt_rmv_dly                             0x00002b6c   Section        0  rt_list.o(i.rt_rmv_dly)
    i.rt_rmv_list                            0x00002b94   Section        0  rt_list.o(i.rt_rmv_list)
    i.rt_sem_init                            0x00002bc4   Section        0  rt_semaphore.o(i.rt_sem_init)
    i.rt_sem_psh                             0x00002bd0   Section        0  rt_semaphore.o(i.rt_sem_psh)
    i.rt_sem_send                            0x00002c04   Section        0  rt_semaphore.o(i.rt_sem_send)
    i.rt_sem_wait                            0x00002c3c   Section        0  rt_semaphore.o(i.rt_sem_wait)
    i.rt_stk_check                           0x00002c78   Section        0  rt_system.o(i.rt_stk_check)
    i.rt_switch_req                          0x00002c9c   Section        0  rt_task.o(i.rt_switch_req)
    i.rt_sys_init                            0x00002cc4   Section        0  rt_task.o(i.rt_sys_init)
    i.rt_systick                             0x00002e1c   Section        0  rt_system.o(i.rt_systick)
    i.rt_tmr_tick                            0x00002e58   Section        0  rt_timer.o(i.rt_tmr_tick)
    i.rt_tsk_create                          0x00002e98   Section        0  rt_task.o(i.rt_tsk_create)
    i.rt_tsk_delete                          0x00002f2c   Section        0  rt_task.o(i.rt_tsk_delete)
    i.rt_tsk_prio                            0x00002fe8   Section        0  rt_task.o(i.rt_tsk_prio)
    .constdata                               0x00003068   Section       60  main.o(.constdata)
    .constdata                               0x000030a4   Section       40  rtx_conf_cm.o(.constdata)
    __tagsym$$used                           0x000030b8   Number         0  rtx_conf_cm.o(.constdata)
    __tagsym$$used                           0x000030bc   Number         0  rtx_conf_cm.o(.constdata)
    .constdata                               0x000030cc   Section        8  led.o(.constdata)
    .constdata                               0x000030d4   Section     6272  glcd_spi_lpc1700.o(.constdata)
    .data                                    0x10000000   Section        4  system_lpc17xx.o(.data)
    .data                                    0x10000004   Section       32  uart.o(.data)
    .data                                    0x10000024   Section      864  main.o(.data)
    .data                                    0x10000384   Section        4  rtx_conf_cm.o(.data)
    .data                                    0x10000388   Section        4  potentiometer.o(.data)
    .data                                    0x1000038c   Section        5  glcd_spi_lpc1700.o(.data)
    Color                                    0x1000038c   Data           4  glcd_spi_lpc1700.o(.data)
    Himax                                    0x10000390   Data           1  glcd_spi_lpc1700.o(.data)
    .data                                    0x10000394   Section        8  rt_task.o(.data)
    .data                                    0x1000039c   Section        1  hal_cm3.o(.data)
    .data                                    0x100003a0   Section        8  rt_system.o(.data)
    os_lock                                  0x100003a0   Data           1  rt_system.o(.data)
    os_psh_flag                              0x100003a1   Data           1  rt_system.o(.data)
    pend_flags                               0x100003a2   Data           1  rt_system.o(.data)
    .data                                    0x100003a8   Section        8  rt_robin.o(.data)
    .data                                    0x100003b0   Section        4  rt_time.o(.data)
    .data                                    0x100003b4   Section        8  rt_timer.o(.data)
    .data                                    0x100003bc   Section        4  rand.o(.data)
    _rand_state                              0x100003bc   Data           4  rand.o(.data)
    .data                                    0x100003c0   Section        4  mvars.o(.data)
    .data                                    0x100003c4   Section        4  mvars.o(.data)
    .bss                                     0x100003c8   Section      128  uart.o(.bss)
    .bss                                     0x10000448   Section       32  main.o(.bss)
    .bss                                     0x10000468   Section    15408  rtx_conf_cm.o(.bss)
    .bss                                     0x10004098   Section       48  rt_task.o(.bss)
    .bss                                     0x100040c8   Section       48  rt_list.o(.bss)
    HEAP                                     0x100040f8   Section     9472  startup_lpc17xx.o(HEAP)
    STACK                                    0x100065f8   Section     4096  startup_lpc17xx.o(STACK)

    Global Symbols

    Symbol Name                              Value     Ov Type        Size  Object(Section)

    BuildAttributes$$THM_ISAv4$P$D$K$B$S$PE$A:L22UL41UL21$X:L11$S22US41US21$IEEE1$IW$USESV6$~STKCKD$USESV7$~SHL$OSPACE$ROPI$EBA8$MICROLIB$REQ8$PRES8$EABIv2 0x00000000   Number         0  anon$$obj.o ABSOLUTE
    __ARM_use_no_argv                        0x00000000   Number         0  main.o ABSOLUTE
    __Vectors                                0x00000000   Data           4  startup_lpc17xx.o(RESET)
    __use_no_errno                           0x00000000   Number         0  useno.o ABSOLUTE
    __use_no_exception_handling              0x00000000   Number         0  useno.o ABSOLUTE
    __use_no_fp                              0x00000000   Number         0  useno.o ABSOLUTE
    __use_no_heap                            0x00000000   Number         0  useno.o ABSOLUTE
    __use_no_heap_region                     0x00000000   Number         0  useno.o ABSOLUTE
    __use_no_semihosting                     0x00000000   Number         0  useno.o ABSOLUTE
    __use_no_semihosting_swi                 0x00000000   Number         0  useno.o ABSOLUTE
    __use_no_signal_handling                 0x00000000   Number         0  useno.o ABSOLUTE
    _clock_init                               - Undefined Weak Reference
    __main                                   0x000000cd   Thumb Code     0  entry.o(.ARM.Collect$$$$00000000)
    _main_stk                                0x000000cd   Thumb Code     0  entry2.o(.ARM.Collect$$$$00000001)
    _main_scatterload                        0x000000d1   Thumb Code     0  entry5.o(.ARM.Collect$$$$00000004)
    __main_after_scatterload                 0x000000d5   Thumb Code     0  entry5.o(.ARM.Collect$$$$00000004)
    _main_clock                              0x000000d5   Thumb Code     0  entry7b.o(.ARM.Collect$$$$00000008)
    _main_init                               0x000000d5   Thumb Code     0  entry8.o(.ARM.Collect$$$$00000009)
    rt_set_PSP                               0x000000e1   Thumb Code     6  hal_cm3.o(.emb_text)
    rt_get_PSP                               0x000000e7   Thumb Code     6  hal_cm3.o(.emb_text)
    os_set_env                               0x000000ed   Thumb Code    24  hal_cm3.o(.emb_text)
    _alloc_box                               0x00000109   Thumb Code    28  hal_cm3.o(.emb_text)
    _free_box                                0x00000129   Thumb Code    28  hal_cm3.o(.emb_text)
    SVC_Handler                              0x00000149   Thumb Code   124  hal_cm3.o(.emb_text)
    PendSV_Handler                           0x000001d1   Thumb Code    76  hal_cm3.o(.emb_text)
    SysTick_Handler                          0x00000221   Thumb Code     8  hal_cm3.o(.emb_text)
    OS_Tick_Handler                          0x00000229   Thumb Code    12  hal_cm3.o(.emb_text)
    Reset_Handler                            0x00000235   Thumb Code     8  startup_lpc17xx.o(.text)
    NMI_Handler                              0x0000023d   Thumb Code     2  startup_lpc17xx.o(.text)
    HardFault_Handler                        0x0000023f   Thumb Code     2  startup_lpc17xx.o(.text)
    MemManage_Handler                        0x00000241   Thumb Code     2  startup_lpc17xx.o(.text)
    BusFault_Handler                         0x00000243   Thumb Code     2  startup_lpc17xx.o(.text)
    UsageFault_Handler                       0x00000245   Thumb Code     2  startup_lpc17xx.o(.text)
    DebugMon_Handler                         0x00000249   Thumb Code     2  startup_lpc17xx.o(.text)
    BOD_IRQHandler                           0x0000024f   Thumb Code     0  startup_lpc17xx.o(.text)
    CANActivity_IRQHandler                   0x0000024f   Thumb Code     0  startup_lpc17xx.o(.text)
    CAN_IRQHandler                           0x0000024f   Thumb Code     0  startup_lpc17xx.o(.text)
    DMA_IRQHandler                           0x0000024f   Thumb Code     0  startup_lpc17xx.o(.text)
    EINT0_IRQHandler                         0x0000024f   Thumb Code     0  startup_lpc17xx.o(.text)
    EINT1_IRQHandler                         0x0000024f   Thumb Code     0  startup_lpc17xx.o(.text)
    EINT2_IRQHandler                         0x0000024f   Thumb Code     0  startup_lpc17xx.o(.text)
    ENET_IRQHandler                          0x0000024f   Thumb Code     0  startup_lpc17xx.o(.text)
    I2C0_IRQHandler                          0x0000024f   Thumb Code     0  startup_lpc17xx.o(.text)
    I2C1_IRQHandler                          0x0000024f   Thumb Code     0  startup_lpc17xx.o(.text)
    I2C2_IRQHandler                          0x0000024f   Thumb Code     0  startup_lpc17xx.o(.text)
    I2S_IRQHandler                           0x0000024f   Thumb Code     0  startup_lpc17xx.o(.text)
    MCPWM_IRQHandler                         0x0000024f   Thumb Code     0  startup_lpc17xx.o(.text)
    PLL0_IRQHandler                          0x0000024f   Thumb Code     0  startup_lpc17xx.o(.text)
    PLL1_IRQHandler                          0x0000024f   Thumb Code     0  startup_lpc17xx.o(.text)
    PWM1_IRQHandler                          0x0000024f   Thumb Code     0  startup_lpc17xx.o(.text)
    QEI_IRQHandler                           0x0000024f   Thumb Code     0  startup_lpc17xx.o(.text)
    RIT_IRQHandler                           0x0000024f   Thumb Code     0  startup_lpc17xx.o(.text)
    RTC_IRQHandler                           0x0000024f   Thumb Code     0  startup_lpc17xx.o(.text)
    SPI_IRQHandler                           0x0000024f   Thumb Code     0  startup_lpc17xx.o(.text)
    SSP0_IRQHandler                          0x0000024f   Thumb Code     0  startup_lpc17xx.o(.text)
    SSP1_IRQHandler                          0x0000024f   Thumb Code     0  startup_lpc17xx.o(.text)
    TIMER0_IRQHandler                        0x0000024f   Thumb Code     0  startup_lpc17xx.o(.text)
    TIMER1_IRQHandler                        0x0000024f   Thumb Code     0  startup_lpc17xx.o(.text)
    TIMER2_IRQHandler                        0x0000024f   Thumb Code     0  startup_lpc17xx.o(.text)
    TIMER3_IRQHandler                        0x0000024f   Thumb Code     0  startup_lpc17xx.o(.text)
    UART2_IRQHandler                         0x0000024f   Thumb Code     0  startup_lpc17xx.o(.text)
    UART3_IRQHandler                         0x0000024f   Thumb Code     0  startup_lpc17xx.o(.text)
    USBActivity_IRQHandler                   0x0000024f   Thumb Code     0  startup_lpc17xx.o(.text)
    USB_IRQHandler                           0x0000024f   Thumb Code     0  startup_lpc17xx.o(.text)
    WDT_IRQHandler                           0x0000024f   Thumb Code     0  startup_lpc17xx.o(.text)
    os_idle_demon                            0x00000259   Thumb Code     4  rtx_conf_cm.o(.text)
    os_tmr_call                              0x0000025d   Thumb Code     2  rtx_conf_cm.o(.text)
    os_error                                 0x0000025f   Thumb Code     4  rtx_conf_cm.o(.text)
    KBD_Init                                 0x00000265   Thumb Code    42  kbd.o(.text)
    KBD_get                                  0x0000028f   Thumb Code    12  kbd.o(.text)
    get_button                               0x0000029b   Thumb Code    20  kbd.o(.text)
    rand                                     0x000002c5   Thumb Code    20  rand.o(.text)
    srand                                    0x000002d9   Thumb Code     6  rand.o(.text)
    SVC_Count                                0x000002e8   Data           4  SVC_Table.o(SVC_TABLE)
    __I$use$fp                               0x000002e9   Thumb Code     0  iusefp.o(.text)
    SVC_Table                                0x000002ec   Data           0  SVC_Table.o(SVC_TABLE)
    __scatterload_copy                       0x000002ed   Thumb Code    14  handlers.o(i.__scatterload_copy)
    __scatterload_null                       0x000002fb   Thumb Code     2  handlers.o(i.__scatterload_null)
    SystemCoreClockUpdate                    0x00000301   Thumb Code   424  system_lpc17xx.o(.text)
    __RL_RTX_VER                             0x00000460   Number         0  rt_system.o ABSOLUTE
    SystemInit                               0x000004a9   Thumb Code   290  system_lpc17xx.o(.text)
    Free                                     0x00000619   Thumb Code     6  uart.o(.text)
    Lock                                     0x0000061f   Thumb Code    28  uart.o(.text)
    LockRcv                                  0x0000063b   Thumb Code    28  uart.o(.text)
    LockSnd                                  0x00000657   Thumb Code    28  uart.o(.text)
    FreeRcv                                  0x00000673   Thumb Code    28  uart.o(.text)
    FreeSnd                                  0x0000068f   Thumb Code    28  uart.o(.text)
    UART0_IRQHandler                         0x000006ab   Thumb Code    86  uart.o(.text)
    UART1_IRQHandler                         0x00000701   Thumb Code    88  uart.o(.text)
    getFrequency                             0x00000759   Thumb Code    64  uart.o(.text)
    UARTInit                                 0x00000799   Thumb Code   176  uart.o(.text)
    UARTSend                                 0x00000849   Thumb Code   112  uart.o(.text)
    UARTSendChar                             0x000008b9   Thumb Code    24  uart.o(.text)
    UARTRecieve                              0x000008d1   Thumb Code   134  uart.o(.text)
    UARTReceiveChar                          0x00000957   Thumb Code    26  uart.o(.text)
    position                                 0x000009c5   Thumb Code   274  main.o(.text)
    check_edge                               0x00000ad7   Thumb Code   134  main.o(.text)
    setRandom                                0x00000b5d   Thumb Code   272  main.o(.text)
    checkCollision                           0x00000c6d   Thumb Code   302  main.o(.text)
    ball_task                                0x00000d9b   Thumb Code   456  main.o(.text)
    readPoti_task                            0x00000f63   Thumb Code     8  main.o(.text)
    ballCountLED                             0x00000f6b   Thumb Code    40  main.o(.text)
    joyControl                               0x00000f93   Thumb Code   106  main.o(.text)
    init_task                                0x00000ffd   Thumb Code   284  main.o(.text)
    INT0Init                                 0x00001119   Thumb Code    70  main.o(.text)
    EINT3_IRQHandler                         0x0000115f   Thumb Code    54  main.o(.text)
    main                                     0x00001195   Thumb Code   216  main.o(.text)
    LEDInit                                  0x00001271   Thumb Code    66  led.o(.text)
    turnOnLED                                0x000012b3   Thumb Code    38  led.o(.text)
    turnOffLED                               0x000012d9   Thumb Code    38  led.o(.text)
    ADCInit                                  0x00001315   Thumb Code   100  potentiometer.o(.text)
    ADCConvert                               0x00001379   Thumb Code    32  potentiometer.o(.text)
    ADC_IRQHandler                           0x00001399   Thumb Code    22  potentiometer.o(.text)
    ADCValue                                 0x000013af   Thumb Code    16  potentiometer.o(.text)
    GLCD_Init                                0x00001579   Thumb Code  1514  glcd_spi_lpc1700.o(.text)
    GLCD_SetWindow                           0x00001b63   Thumb Code   168  glcd_spi_lpc1700.o(.text)
    GLCD_WindowMax                           0x00001c0b   Thumb Code    26  glcd_spi_lpc1700.o(.text)
    GLCD_PutPixel                            0x00001c25   Thumb Code   118  glcd_spi_lpc1700.o(.text)
    GLCD_SetTextColor                        0x00001c9b   Thumb Code     6  glcd_spi_lpc1700.o(.text)
    GLCD_SetBackColor                        0x00001ca1   Thumb Code     6  glcd_spi_lpc1700.o(.text)
    GLCD_Clear                               0x00001ca7   Thumb Code    42  glcd_spi_lpc1700.o(.text)
    GLCD_DrawChar                            0x00001cd1   Thumb Code   150  glcd_spi_lpc1700.o(.text)
    GLCD_DisplayChar                         0x00001d67   Thumb Code    84  glcd_spi_lpc1700.o(.text)
    GLCD_DisplayString                       0x00001dbb   Thumb Code    40  glcd_spi_lpc1700.o(.text)
    GLCD_ClearLn                             0x00001de3   Thumb Code    94  glcd_spi_lpc1700.o(.text)
    GLCD_Bargraph                            0x00001e41   Thumb Code    98  glcd_spi_lpc1700.o(.text)
    GLCD_Bitmap                              0x00001ea3   Thumb Code    82  glcd_spi_lpc1700.o(.text)
    GLCD_ScrollVertical                      0x00001ef5   Thumb Code     2  glcd_spi_lpc1700.o(.text)
    GLCD_WrCmd                               0x00001ef7   Thumb Code    12  glcd_spi_lpc1700.o(.text)
    GLCD_WrReg                               0x00001f03   Thumb Code    16  glcd_spi_lpc1700.o(.text)
    DrawBall                                 0x00001f13   Thumb Code    90  glcd_spi_lpc1700.o(.text)
    __aeabi_uldivmod                         0x00001fdd   Thumb Code    98  uldiv.o(.text)
    __aeabi_dadd                             0x0000203f   Thumb Code   322  dadd.o(.text)
    __aeabi_dsub                             0x00002181   Thumb Code     6  dadd.o(.text)
    __aeabi_drsub                            0x00002187   Thumb Code     6  dadd.o(.text)
    __aeabi_dmul                             0x0000218d   Thumb Code   228  dmul.o(.text)
    __aeabi_ddiv                             0x00002271   Thumb Code   222  ddiv.o(.text)
    __aeabi_i2d                              0x0000234f   Thumb Code    34  dflti.o(.text)
    __aeabi_ui2d                             0x00002371   Thumb Code    26  dfltui.o(.text)
    __aeabi_d2iz                             0x0000238b   Thumb Code    62  dfixi.o(.text)
    __aeabi_cdcmpeq                          0x000023c9   Thumb Code     0  cdcmple.o(.text)
    __aeabi_cdcmple                          0x000023c9   Thumb Code    38  cdcmple.o(.text)
    __aeabi_llsl                             0x000023f1   Thumb Code    30  llshl.o(.text)
    _ll_shift_l                              0x000023f1   Thumb Code     0  llshl.o(.text)
    __aeabi_llsr                             0x0000240f   Thumb Code    32  llushr.o(.text)
    _ll_ushift_r                             0x0000240f   Thumb Code     0  llushr.o(.text)
    __aeabi_lasr                             0x0000242f   Thumb Code    36  llsshr.o(.text)
    _ll_sshift_r                             0x0000242f   Thumb Code     0  llsshr.o(.text)
    _double_round                            0x00002453   Thumb Code    26  depilogue.o(.text)
    _double_epilogue                         0x0000246d   Thumb Code   164  depilogue.o(.text)
    __scatterload                            0x00002511   Thumb Code    28  init.o(.text)
    __scatterload_rt2                        0x00002511   Thumb Code     0  init.o(.text)
    __decompress                             0x00002535   Thumb Code     0  __dczerorl2.o(.text)
    __decompress1                            0x00002535   Thumb Code    92  __dczerorl2.o(.text)
    __scatterload_zeroinit                   0x00002591   Thumb Code    14  handlers.o(i.__scatterload_zeroinit)
    _init_box                                0x0000259f   Thumb Code    70  rt_membox.o(i._init_box)
    dbg_init                                 0x000025e5   Thumb Code    34  hal_cm3.o(i.dbg_init)
    dbg_task_notify                          0x00002615   Thumb Code    32  hal_cm3.o(i.dbg_task_notify)
    dbg_task_switch                          0x00002635   Thumb Code    16  hal_cm3.o(i.dbg_task_switch)
    malloc                                   0x00002645   Thumb Code    92  malloc.o(i.malloc)
    os_tick_init                             0x000026b1   Thumb Code    32  rt_system.o(i.os_tick_init)
    os_tick_irqack                           0x000026d9   Thumb Code     2  rt_system.o(i.os_tick_irqack)
    rt_alloc_box                             0x000026db   Thumb Code    26  rt_membox.o(i.rt_alloc_box)
    rt_block                                 0x000026f5   Thumb Code    48  rt_task.o(i.rt_block)
    rt_chk_robin                             0x0000272d   Thumb Code    60  rt_robin.o(i.rt_chk_robin)
    rt_dec_dly                               0x00002775   Thumb Code   106  rt_list.o(i.rt_dec_dly)
    rt_dispatch                              0x000027e9   Thumb Code    60  rt_task.o(i.rt_dispatch)
    rt_evt_psh                               0x0000282d   Thumb Code    72  rt_event.o(i.rt_evt_psh)
    rt_free_box                              0x00002879   Thumb Code    32  rt_membox.o(i.rt_free_box)
    rt_get_first                             0x00002899   Thumb Code    40  rt_list.o(i.rt_get_first)
    rt_init_robin                            0x00002905   Thumb Code    14  rt_robin.o(i.rt_init_robin)
    rt_init_stack                            0x0000291d   Thumb Code    70  hal_cm3.o(i.rt_init_stack)
    rt_mbx_psh                               0x0000296d   Thumb Code   188  rt_mailbox.o(i.rt_mbx_psh)
    rt_pop_req                               0x00002a2d   Thumb Code   106  rt_system.o(i.rt_pop_req)
    rt_put_dly                               0x00002aa5   Thumb Code    68  rt_list.o(i.rt_put_dly)
    rt_put_prio                              0x00002aed   Thumb Code    54  rt_list.o(i.rt_put_prio)
    rt_put_rdy_first                         0x00002b25   Thumb Code    14  rt_list.o(i.rt_put_rdy_first)
    rt_resort_prio                           0x00002b39   Thumb Code    46  rt_list.o(i.rt_resort_prio)
    rt_rmv_dly                               0x00002b6d   Thumb Code    40  rt_list.o(i.rt_rmv_dly)
    rt_rmv_list                              0x00002b95   Thumb Code    44  rt_list.o(i.rt_rmv_list)
    rt_sem_init                              0x00002bc5   Thumb Code    12  rt_semaphore.o(i.rt_sem_init)
    rt_sem_psh                               0x00002bd1   Thumb Code    46  rt_semaphore.o(i.rt_sem_psh)
    rt_sem_send                              0x00002c05   Thumb Code    52  rt_semaphore.o(i.rt_sem_send)
    rt_sem_wait                              0x00002c3d   Thumb Code    56  rt_semaphore.o(i.rt_sem_wait)
    rt_stk_check                             0x00002c79   Thumb Code    28  rt_system.o(i.rt_stk_check)
    rt_switch_req                            0x00002c9d   Thumb Code    30  rt_task.o(i.rt_switch_req)
    rt_sys_init                              0x00002cc5   Thumb Code   266  rt_task.o(i.rt_sys_init)
    rt_systick                               0x00002e1d   Thumb Code    48  rt_system.o(i.rt_systick)
    rt_tmr_tick                              0x00002e59   Thumb Code    56  rt_timer.o(i.rt_tmr_tick)
    rt_tsk_create                            0x00002e99   Thumb Code   126  rt_task.o(i.rt_tsk_create)
    rt_tsk_delete                            0x00002f2d   Thumb Code   162  rt_task.o(i.rt_tsk_delete)
    rt_tsk_prio                              0x00002fe9   Thumb Code   110  rt_task.o(i.rt_tsk_prio)
    colourList                               0x00003068   Data          60  main.o(.constdata)
    os_maxtaskrun                            0x000030a4   Data           2  rtx_conf_cm.o(.constdata)
    os_stackinfo                             0x000030a8   Data           4  rtx_conf_cm.o(.constdata)
    os_rrobin                                0x000030ac   Data           4  rtx_conf_cm.o(.constdata)
    os_trv                                   0x000030b0   Data           4  rtx_conf_cm.o(.constdata)
    os_flags                                 0x000030b4   Data           1  rtx_conf_cm.o(.constdata)
    os_clockrate                             0x000030b8   Data           4  rtx_conf_cm.o(.constdata)
    os_timernum                              0x000030bc   Data           4  rtx_conf_cm.o(.constdata)
    mp_tcb_size                              0x000030c0   Data           2  rtx_conf_cm.o(.constdata)
    mp_stk_size                              0x000030c4   Data           4  rtx_conf_cm.o(.constdata)
    os_fifo_size                             0x000030c8   Data           1  rtx_conf_cm.o(.constdata)
    mp_tmr_size                              0x000030ca   Data           2  rtx_conf_cm.o(.constdata)
    ledPosArray                              0x000030cc   Data           8  led.o(.constdata)
    Font_6x8_h                               0x000030d4   Data         896  glcd_spi_lpc1700.o(.constdata)
    Font_16x24_h                             0x00003454   Data        5376  glcd_spi_lpc1700.o(.constdata)
    Region$$Table$$Base                      0x00004954   Number         0  anon$$obj.o(Region$$Table)
    Region$$Table$$Limit                     0x00004974   Number         0  anon$$obj.o(Region$$Table)
    SystemCoreClock                          0x10000000   Data           4  system_lpc17xx.o(.data)
    ITM_RxBuffer                             0x10000004   Data           4  uart.o(.data)
    UART0TxEmpty                             0x10000008   Data           1  uart.o(.data)
    UART1TxEmpty                             0x10000009   Data           1  uart.o(.data)
    UART0Count                               0x1000000c   Data           4  uart.o(.data)
    UART1Count                               0x10000010   Data           4  uart.o(.data)
    i                                        0x10000014   Data           4  uart.o(.data)
    UART0Status                              0x10000018   Data           4  uart.o(.data)
    UART1Status                              0x1000001c   Data           4  uart.o(.data)
    RcvLock0                                 0x10000020   Data           1  uart.o(.data)
    SndLock0                                 0x10000021   Data           1  uart.o(.data)
    RcvLock1                                 0x10000022   Data           1  uart.o(.data)
    SndLock1                                 0x10000023   Data           1  uart.o(.data)
    save_draw                                0x10000024   Data           1  main.o(.data)
    balls                                    0x10000028   Data           4  main.o(.data)
    create                                   0x1000002c   Data           1  main.o(.data)
    end                                      0x1000002d   Data           1  main.o(.data)
    largeBallclear                           0x1000002e   Data         800  main.o(.data)
    userBall                                 0x10000350   Data           4  main.o(.data)
    freeball                                 0x10000354   Data           8  main.o(.data)
    Create                                   0x1000035c   Data           8  main.o(.data)
    Draw                                     0x10000364   Data           8  main.o(.data)
    Rand                                     0x1000036c   Data           8  main.o(.data)
    Collide                                  0x10000374   Data           8  main.o(.data)
    Dist                                     0x1000037c   Data           8  main.o(.data)
    m_tmr                                    0x10000384   Data           4  rtx_conf_cm.o(.data)
    ADC_Done                                 0x10000388   Data           1  potentiometer.o(.data)
    ADC_Value                                0x1000038a   Data           2  potentiometer.o(.data)
    os_tsk                                   0x10000394   Data           8  rt_task.o(.data)
    dbg_msg                                  0x1000039c   Data           1  hal_cm3.o(.data)
    os_tick_irqn                             0x100003a4   Data           4  rt_system.o(.data)
    os_robin                                 0x100003a8   Data           8  rt_robin.o(.data)
    os_time                                  0x100003b0   Data           4  rt_time.o(.data)
    os_tmr                                   0x100003b4   Data           8  rt_timer.o(.data)
    __microlib_freelist                      0x100003c0   Data           4  mvars.o(.data)
    __microlib_freelist_initialised          0x100003c4   Data           4  mvars.o(.data)
    UART0Buffer                              0x100003c8   Data          64  uart.o(.bss)
    UART1Buffer                              0x10000408   Data          64  uart.o(.bss)
    ballParam                                0x10000448   Data          32  main.o(.bss)
    mp_tcb                                   0x10000468   Data         732  rtx_conf_cm.o(.bss)
    mp_stk                                   0x10000748   Data       14480  rtx_conf_cm.o(.bss)
    os_fifo                                  0x10003fd8   Data         132  rtx_conf_cm.o(.bss)
    os_active_TCB                            0x1000405c   Data          60  rtx_conf_cm.o(.bss)
    os_idle_TCB                              0x10004098   Data          48  rt_task.o(.bss)
    os_rdy                                   0x100040c8   Data          24  rt_list.o(.bss)
    os_dly                                   0x100040e0   Data          24  rt_list.o(.bss)
    __heap_base                              0x100040f8   Data           0  startup_lpc17xx.o(HEAP)
    __heap_limit                             0x100065f8   Data           0  startup_lpc17xx.o(HEAP)
    __initial_sp                             0x100075f8   Data           0  startup_lpc17xx.o(STACK)



==============================================================================

Memory Map of the image

  Image Entry point : 0x000000cd

  Load Region LR_IROM1 (Base: 0x00000000, Size: 0x00004d3c, Max: 0x00080000, ABSOLUTE, COMPRESSED[0x00004998])

    Execution Region ER_IROM1 (Base: 0x00000000, Size: 0x00004974, Max: 0x00080000, ABSOLUTE)

    Base Addr    Size         Type   Attr      Idx    E Section Name        Object

    0x00000000   0x000000cc   Data   RO            3    RESET               startup_lpc17xx.o
    0x000000cc   0x00000000   Code   RO          915  * .ARM.Collect$$$$00000000  mc_w.l(entry.o)
    0x000000cc   0x00000004   Code   RO          965    .ARM.Collect$$$$00000001  mc_w.l(entry2.o)
    0x000000d0   0x00000004   Code   RO          968    .ARM.Collect$$$$00000004  mc_w.l(entry5.o)
    0x000000d4   0x00000000   Code   RO          970    .ARM.Collect$$$$00000008  mc_w.l(entry7b.o)
    0x000000d4   0x00000008   Code   RO          971    .ARM.Collect$$$$00000009  mc_w.l(entry8.o)
    0x000000dc   0x00000004   Code   RO          966    .ARM.Collect$$$$00002712  mc_w.l(entry2.o)
    0x000000e0   0x00000154   Code   RO          503    .emb_text           RTX_CM3.LIB(hal_cm3.o)
    0x00000234   0x00000024   Code   RO            5    .text               startup_lpc17xx.o
    0x00000258   0x0000000a   Code   RO          176    .text               rtx_conf_cm.o
    0x00000262   0x00000002   PAD
    0x00000264   0x00000060   Code   RO          250    .text               kbd.o
    0x000002c4   0x00000024   Code   RO          920    .text               mc_w.l(rand.o)
    0x000002e8   0x00000000   Code   RO          984    .text               mc_w.l(iusefp.o)
    0x000002e8   0x00000004   Code   RO          762    SVC_TABLE           RTX_CM3.LIB(SVC_Table.o)
    0x000002ec   0x0000000e   Code   RO          991    i.__scatterload_copy  mc_w.l(handlers.o)
    0x000002fa   0x00000002   Code   RO          992    i.__scatterload_null  mc_w.l(handlers.o)
    0x000002fc   0x00000004   Code   RO            4    .ARM.__at_0x02FC    startup_lpc17xx.o
    0x00000300   0x00000318   Code   RO           15    .text               system_lpc17xx.o
    0x00000618   0x000003ac   Code   RO           83    .text               uart.o
    0x000009c4   0x000008ac   Code   RO          123    .text               main.o
    0x00001270   0x000000a4   Code   RO          201    .text               led.o
    0x00001314   0x000000cc   Code   RO          224    .text               potentiometer.o
    0x000013e0   0x00000bfc   Code   RO          283    .text               glcd_spi_lpc1700.o
    0x00001fdc   0x00000062   Code   RO          918    .text               mc_w.l(uldiv.o)
    0x0000203e   0x0000014e   Code   RO          951    .text               mf_w.l(dadd.o)
    0x0000218c   0x000000e4   Code   RO          953    .text               mf_w.l(dmul.o)
    0x00002270   0x000000de   Code   RO          955    .text               mf_w.l(ddiv.o)
    0x0000234e   0x00000022   Code   RO          957    .text               mf_w.l(dflti.o)
    0x00002370   0x0000001a   Code   RO          959    .text               mf_w.l(dfltui.o)
    0x0000238a   0x0000003e   Code   RO          961    .text               mf_w.l(dfixi.o)
    0x000023c8   0x00000028   Code   RO          963    .text               mf_w.l(cdcmple.o)
    0x000023f0   0x0000001e   Code   RO          972    .text               mc_w.l(llshl.o)
    0x0000240e   0x00000020   Code   RO          974    .text               mc_w.l(llushr.o)
    0x0000242e   0x00000024   Code   RO          976    .text               mc_w.l(llsshr.o)
    0x00002452   0x000000be   Code   RO          985    .text               mf_w.l(depilogue.o)
    0x00002510   0x00000024   Code   RO          987    .text               mc_w.l(init.o)
    0x00002534   0x0000005c   Code   RO          997    .text               mc_w.l(__dczerorl2.o)
    0x00002590   0x0000000e   Code   RO          993    i.__scatterload_zeroinit  mc_w.l(handlers.o)
    0x0000259e   0x00000046   Code   RO          729    i._init_box         RTX_CM3.LIB(rt_membox.o)
    0x000025e4   0x00000030   Code   RO          504    i.dbg_init          RTX_CM3.LIB(hal_cm3.o)
    0x00002614   0x00000020   Code   RO          505    i.dbg_task_notify   RTX_CM3.LIB(hal_cm3.o)
    0x00002634   0x00000010   Code   RO          506    i.dbg_task_switch   RTX_CM3.LIB(hal_cm3.o)
    0x00002644   0x0000006c   Code   RO          924    i.malloc            mc_w.l(malloc.o)
    0x000026b0   0x00000028   Code   RO          545    i.os_tick_init      RTX_CM3.LIB(rt_system.o)
    0x000026d8   0x00000002   Code   RO          546    i.os_tick_irqack    RTX_CM3.LIB(rt_system.o)
    0x000026da   0x0000001a   Code   RO          730    i.rt_alloc_box      RTX_CM3.LIB(rt_membox.o)
    0x000026f4   0x00000038   Code   RO          364    i.rt_block          RTX_CM3.LIB(rt_task.o)
    0x0000272c   0x00000048   Code   RO          707    i.rt_chk_robin      RTX_CM3.LIB(rt_robin.o)
    0x00002774   0x00000074   Code   RO          628    i.rt_dec_dly        RTX_CM3.LIB(rt_list.o)
    0x000027e8   0x00000044   Code   RO          365    i.rt_dispatch       RTX_CM3.LIB(rt_task.o)
    0x0000282c   0x0000004c   Code   RO          768    i.rt_evt_psh        RTX_CM3.LIB(rt_event.o)
    0x00002878   0x00000020   Code   RO          731    i.rt_free_box       RTX_CM3.LIB(rt_membox.o)
    0x00002898   0x00000028   Code   RO          629    i.rt_get_first      RTX_CM3.LIB(rt_list.o)
    0x000028c0   0x00000044   Code   RO          366    i.rt_init_context   RTX_CM3.LIB(rt_task.o)
    0x00002904   0x00000018   Code   RO          708    i.rt_init_robin     RTX_CM3.LIB(rt_robin.o)
    0x0000291c   0x00000050   Code   RO          507    i.rt_init_stack     RTX_CM3.LIB(hal_cm3.o)
    0x0000296c   0x000000c0   Code   RO          811    i.rt_mbx_psh        RTX_CM3.LIB(rt_mailbox.o)
    0x00002a2c   0x00000078   Code   RO          547    i.rt_pop_req        RTX_CM3.LIB(rt_system.o)
    0x00002aa4   0x00000048   Code   RO          632    i.rt_put_dly        RTX_CM3.LIB(rt_list.o)
    0x00002aec   0x00000036   Code   RO          633    i.rt_put_prio       RTX_CM3.LIB(rt_list.o)
    0x00002b22   0x00000002   PAD
    0x00002b24   0x00000014   Code   RO          634    i.rt_put_rdy_first  RTX_CM3.LIB(rt_list.o)
    0x00002b38   0x00000034   Code   RO          635    i.rt_resort_prio    RTX_CM3.LIB(rt_list.o)
    0x00002b6c   0x00000028   Code   RO          636    i.rt_rmv_dly        RTX_CM3.LIB(rt_list.o)
    0x00002b94   0x00000030   Code   RO          637    i.rt_rmv_list       RTX_CM3.LIB(rt_list.o)
    0x00002bc4   0x0000000c   Code   RO          464    i.rt_sem_init       RTX_CM3.LIB(rt_semaphore.o)
    0x00002bd0   0x00000034   Code   RO          465    i.rt_sem_psh        RTX_CM3.LIB(rt_semaphore.o)
    0x00002c04   0x00000038   Code   RO          466    i.rt_sem_send       RTX_CM3.LIB(rt_semaphore.o)
    0x00002c3c   0x0000003c   Code   RO          467    i.rt_sem_wait       RTX_CM3.LIB(rt_semaphore.o)
    0x00002c78   0x00000024   Code   RO          550    i.rt_stk_check      RTX_CM3.LIB(rt_system.o)
    0x00002c9c   0x00000028   Code   RO          367    i.rt_switch_req     RTX_CM3.LIB(rt_task.o)
    0x00002cc4   0x00000158   Code   RO          368    i.rt_sys_init       RTX_CM3.LIB(rt_task.o)
    0x00002e1c   0x0000003c   Code   RO          552    i.rt_systick        RTX_CM3.LIB(rt_system.o)
    0x00002e58   0x00000040   Code   RO          890    i.rt_tmr_tick       RTX_CM3.LIB(rt_timer.o)
    0x00002e98   0x00000094   Code   RO          369    i.rt_tsk_create     RTX_CM3.LIB(rt_task.o)
    0x00002f2c   0x000000bc   Code   RO          370    i.rt_tsk_delete     RTX_CM3.LIB(rt_task.o)
    0x00002fe8   0x00000080   Code   RO          372    i.rt_tsk_prio       RTX_CM3.LIB(rt_task.o)
    0x00003068   0x0000003c   Data   RO          125    .constdata          main.o
    0x000030a4   0x00000028   Data   RO          178    .constdata          rtx_conf_cm.o
    0x000030cc   0x00000008   Data   RO          202    .constdata          led.o
    0x000030d4   0x00001880   Data   RO          284    .constdata          glcd_spi_lpc1700.o
    0x00004954   0x00000020   Data   RO          989    Region$$Table       anon$$obj.o


    Execution Region RW_IRAM1 (Base: 0x10000000, Size: 0x000075f8, Max: 0x00008000, ABSOLUTE, COMPRESSED[0x00000024])

    Base Addr    Size         Type   Attr      Idx    E Section Name        Object

    0x10000000   0x00000004   Data   RW           16    .data               system_lpc17xx.o
    0x10000004   0x00000020   Data   RW           85    .data               uart.o
    0x10000024   0x00000360   Data   RW          126    .data               main.o
    0x10000384   0x00000004   Data   RW          179    .data               rtx_conf_cm.o
    0x10000388   0x00000004   Data   RW          225    .data               potentiometer.o
    0x1000038c   0x00000005   Data   RW          285    .data               glcd_spi_lpc1700.o
    0x10000391   0x00000003   PAD
    0x10000394   0x00000008   Data   RW          375    .data               RTX_CM3.LIB(rt_task.o)
    0x1000039c   0x00000001   Data   RW          508    .data               RTX_CM3.LIB(hal_cm3.o)
    0x1000039d   0x00000003   PAD
    0x100003a0   0x00000008   Data   RW          555    .data               RTX_CM3.LIB(rt_system.o)
    0x100003a8   0x00000008   Data   RW          709    .data               RTX_CM3.LIB(rt_robin.o)
    0x100003b0   0x00000004   Data   RW          859    .data               RTX_CM3.LIB(rt_time.o)
    0x100003b4   0x00000008   Data   RW          891    .data               RTX_CM3.LIB(rt_timer.o)
    0x100003bc   0x00000004   Data   RW          921    .data               mc_w.l(rand.o)
    0x100003c0   0x00000004   Data   RW          982    .data               mc_w.l(mvars.o)
    0x100003c4   0x00000004   Data   RW          983    .data               mc_w.l(mvars.o)
    0x100003c8   0x00000080   Zero   RW           84    .bss                uart.o
    0x10000448   0x00000020   Zero   RW          124    .bss                main.o
    0x10000468   0x00003c30   Zero   RW          177    .bss                rtx_conf_cm.o
    0x10004098   0x00000030   Zero   RW          374    .bss                RTX_CM3.LIB(rt_task.o)
    0x100040c8   0x00000030   Zero   RW          638    .bss                RTX_CM3.LIB(rt_list.o)
    0x100040f8   0x00002500   Zero   RW            2    HEAP                startup_lpc17xx.o
    0x100065f8   0x00001000   Zero   RW            1    STACK               startup_lpc17xx.o


==============================================================================

Image component sizes


      Code (inc. data)   RO Data    RW Data    ZI Data      Debug   Object Name

      3068         60       6272          5          0       9353   glcd_spi_lpc1700.o
        96         22          0          0          0        738   kbd.o
       164         22          8          0          0       1337   led.o
      2220        148         60        864         32      35040   main.o
       204         34          0          4          0       1294   potentiometer.o
        10          0         40          4      15408       1788   rtx_conf_cm.o
        40         12        204          0      13568        912   startup_lpc17xx.o
       792         78          0          4          0      21869   system_lpc17xx.o
       940         60          0         32        128      45627   uart.o

    ----------------------------------------------------------------------
      7536        436       6616        916      29136     117958   Object Totals
         0          0         32          0          0          0   (incl. Generated)
         2          0          0          3          0          0   (incl. Padding)

    ----------------------------------------------------------------------

      Code (inc. data)   RO Data    RW Data    ZI Data      Debug   Library Member Name

         4          4          0          0          0        136   SVC_Table.o
       516         56          0          1          0       2465   hal_cm3.o
        76          4          0          0          0        541   rt_event.o
       442         30          0          0         48       3794   rt_list.o
       192          4          0          0          0        605   rt_mailbox.o
       128          0          0          0          0       1489   rt_membox.o
        96         22          0          8          0        962   rt_robin.o
       180         14          0          0          0       1883   rt_semaphore.o
       258         42          0          8          0       2962   rt_system.o
      1040        174          0          8         48       6884   rt_task.o
         0          0          0          4          0        150   rt_time.o
        64          8          0          8          0        583   rt_timer.o
        92          0          0          0          0          0   __dczerorl2.o
         0          0          0          0          0          0   entry.o
         8          4          0          0          0          0   entry2.o
         4          0          0          0          0          0   entry5.o
         0          0          0          0          0          0   entry7b.o
         8          4          0          0          0          0   entry8.o
        30          0          0          0          0          0   handlers.o
        36          8          0          0          0         68   init.o
         0          0          0          0          0          0   iusefp.o
        30          0          0          0          0         68   llshl.o
        36          0          0          0          0         68   llsshr.o
        32          0          0          0          0         68   llushr.o
       108         16          0          0          0         84   malloc.o
         0          0          0          8          0          0   mvars.o
        36         10          0          4          0        136   rand.o
        98          0          0          0          0         92   uldiv.o
        40          2          0          0          0         68   cdcmple.o
       334          0          0          0          0        144   dadd.o
       222          0          0          0          0        100   ddiv.o
       190          0          0          0          0        176   depilogue.o
        62          0          0          0          0         80   dfixi.o
        34          0          0          0          0         76   dflti.o
        26          0          0          0          0         76   dfltui.o
       228          0          0          0          0         92   dmul.o

    ----------------------------------------------------------------------
      4652        402          0         52         96      23850   Library Totals
         2          0          0          3          0          0   (incl. Padding)

    ----------------------------------------------------------------------

      Code (inc. data)   RO Data    RW Data    ZI Data      Debug   Library Name

      2996        358          0         37         96      22454   RTX_CM3.LIB
       518         42          0         12          0        584   mc_w.l
      1136          2          0          0          0        812   mf_w.l

    ----------------------------------------------------------------------
      4652        402          0         52         96      23850   Library Totals

    ----------------------------------------------------------------------

==============================================================================


      Code (inc. data)   RO Data    RW Data    ZI Data      Debug   

     12188        838       6616        968      29232     138272   Grand Totals
     12188        838       6616         36      29232     138272   ELF Image Totals (compressed)
     12188        838       6616         36          0          0   ROM Totals

==============================================================================

    Total RO  Size (Code + RO Data)                18804 (  18.36kB)
    Total RW  Size (RW Data + ZI Data)             30200 (  29.49kB)
    Total ROM Size (Code + RO Data + RW Data)      18840 (  18.40kB)

==============================================================================

