<html>
<body>
<pre>
<h1>µVision Build Log</h1>
<h2>Project:</h2>
N:\MTE - 241\Project4_FINAL_PRESENTATION\Project4_Final\Project4_Pavel.uvproj
Project File Date:  11/24/2015

<h2>Output:</h2>
Rebuild target 'Target 1'
assembling startup_LPC17xx.s...
compiling system_LPC17xx.c...
compiling Retarget.c...
compiling uart.c...
compiling main.c...
compiling RTX_Conf_CM.c...
compiling INT0.c...
compiling LED.c...
compiling Potentiometer.c...
compiling KBD.c...
compiling GLCD_SPI_LPC1700.c...
compiling GLCD_Scroll.c...
linking...
Program Size: Code=12188 RO-data=6616 RW-data=968 ZI-data=29232  
"Project3.axf" - 0 Error(s), 0 Warning(s).
Load "N:\\MTE - 241\\Project4_FINAL_PRESENTATION\\Project4_Final\\Project3.AXF" 
Erase Done.
Programming Done.
Verify OK.
Rebuild target 'Target 1'
assembling startup_LPC17xx.s...
compiling system_LPC17xx.c...
compiling Retarget.c...
compiling uart.c...
compiling main.c...
compiling RTX_Conf_CM.c...
compiling INT0.c...
compiling LED.c...
compiling Potentiometer.c...
compiling KBD.c...
compiling GLCD_SPI_LPC1700.c...
compiling GLCD_Scroll.c...
linking...
Program Size: Code=12188 RO-data=6616 RW-data=968 ZI-data=29232  
"Project3.axf" - 0 Error(s), 0 Warning(s).
Load "N:\\MTE - 241\\Project4_FINAL_PRESENTATION\\Project4_Final\\Project3.AXF" 
Erase Done.
Programming Done.
Verify OK.
Rebuild target 'Target 1'
assembling startup_LPC17xx.s...
compiling system_LPC17xx.c...
compiling Retarget.c...
compiling uart.c...
compiling main.c...
compiling RTX_Conf_CM.c...
compiling INT0.c...
compiling LED.c...
compiling Potentiometer.c...
compiling KBD.c...
compiling GLCD_SPI_LPC1700.c...
compiling GLCD_Scroll.c...
linking...
Program Size: Code=12188 RO-data=6616 RW-data=968 ZI-data=29232  
"Project3.axf" - 0 Error(s), 0 Warning(s).
Rebuild target 'Target 1'
assembling startup_LPC17xx.s...
compiling system_LPC17xx.c...
compiling Retarget.c...
compiling uart.c...
compiling main.c...
compiling RTX_Conf_CM.c...
compiling INT0.c...
compiling LED.c...
compiling Potentiometer.c...
compiling KBD.c...
compiling GLCD_SPI_LPC1700.c...
compiling GLCD_Scroll.c...
linking...
Program Size: Code=12188 RO-data=6616 RW-data=968 ZI-data=29232  
"Project3.axf" - 0 Error(s), 0 Warning(s).
Load "N:\\MTE - 241\\Project4_FINAL_PRESENTATION\\Project4_Final\\Project3.AXF" 
Erase Done.
Programming Done.
Verify OK.
Rebuild target 'Target 1'
assembling startup_LPC17xx.s...
compiling system_LPC17xx.c...
compiling Retarget.c...
compiling uart.c...
compiling main.c...
compiling RTX_Conf_CM.c...
compiling INT0.c...
compiling LED.c...
compiling Potentiometer.c...
compiling KBD.c...
compiling GLCD_SPI_LPC1700.c...
compiling GLCD_Scroll.c...
linking...
Program Size: Code=12188 RO-data=6616 RW-data=968 ZI-data=29232  
"Project3.axf" - 0 Error(s), 0 Warning(s).
Rebuild target 'Target 1'
assembling startup_LPC17xx.s...
compiling system_LPC17xx.c...
compiling Retarget.c...
compiling uart.c...
compiling main.c...
compiling RTX_Conf_CM.c...
compiling INT0.c...
compiling LED.c...
compiling Potentiometer.c...
compiling KBD.c...
compiling GLCD_SPI_LPC1700.c...
compiling GLCD_Scroll.c...
linking...
Program Size: Code=12188 RO-data=6616 RW-data=968 ZI-data=29232  
"Project3.axf" - 0 Error(s), 0 Warning(s).
Load "N:\\MTE - 241\\Project4_FINAL_PRESENTATION\\Project4_Final\\Project3.AXF" 
Erase Done.
Programming Done.
Verify OK.
