ARM Linker, 5.02 [Build 28] [MDK-ARM Lite]

==============================================================================

Section Cross References

    startup_lpc17xx.o(RESET) refers to startup_lpc17xx.o(STACK) for __initial_sp
    startup_lpc17xx.o(RESET) refers to startup_lpc17xx.o(.text) for Reset_Handler
    startup_lpc17xx.o(RESET) refers to hal_cm3.o(.emb_text) for SVC_Handler
    startup_lpc17xx.o(RESET) refers to uart.o(.text) for UART0_IRQHandler
    startup_lpc17xx.o(.text) refers to system_lpc17xx.o(.text) for SystemInit
    startup_lpc17xx.o(.text) refers to entry.o(.ARM.Collect$$$$00000000) for __main
    system_lpc17xx.o(.text) refers to uldiv.o(.text) for __aeabi_uldivmod
    system_lpc17xx.o(.text) refers to system_lpc17xx.o(.data) for SystemCoreClock
    retarget.o(.text) refers to uart.o(.text) for UARTInit
    retarget.o(.text) refers to retarget.o(.data) for uart_init_called
    uart.o(.text) refers to uart.o(.data) for RcvLock0
    uart.o(.text) refers to uart.o(.bss) for UART0Buffer
    uart.o(.text) refers to system_lpc17xx.o(.data) for SystemCoreClock
    array_tools.o(.text) refers to _scanf_int.o(.text) for _scanf_int
    array_tools.o(.text) refers to rand.o(.text) for rand
    array_tools.o(.text) refers to printfa.o(i.__0printf) for __2printf
    array_tools.o(.text) refers to __0scanf.o(.text) for __0scanf
    main.o(.text) refers to array_tools.o(.text) for generate_array
    main.o(.text) refers to dfltui.o(.text) for __aeabi_ui2d
    main.o(.text) refers to quicksort.o(.text) for quicksort_sem
    main.o(.text) refers to dadd.o(.text) for __aeabi_dsub
    main.o(.text) refers to printfa.o(i.__0printf) for __2printf
    main.o(.text) refers to system_lpc17xx.o(.text) for SystemInit
    main.o(.text) refers to rand.o(.text) for srand
    main.o(.text) refers to hal_cm3.o(.emb_text) for os_set_env
    main.o(.text) refers to rt_task.o(i.rt_tsk_prio) for rt_tsk_prio
    main.o(.text) refers to rt_time.o(i.rt_time_get) for rt_time_get
    main.o(.text) refers to main.o(.data) for time
    main.o(.text) refers to rt_task.o(i.rt_sys_init) for rt_sys_init
    quicksort.o(.text) refers to malloc.o(i.malloc) for malloc
    quicksort.o(.text) refers to malloc.o(i.free) for free
    quicksort.o(.text) refers to quicksort.o(.bss) for mut
    quicksort.o(.text) refers to rt_mutex.o(i.rt_mut_wait) for rt_mut_wait
    quicksort.o(.text) refers to quicksort.o(.data) for counter
    quicksort.o(.text) refers to rt_mutex.o(i.rt_mut_release) for rt_mut_release
    quicksort.o(.text) refers to rt_semaphore.o(i.rt_sem_send) for rt_sem_send
    quicksort.o(.text) refers to rt_task.o(i.rt_tsk_create) for rt_tsk_create
    quicksort.o(.text) refers to rt_task.o(i.rt_tsk_delete) for rt_tsk_delete
    quicksort.o(.text) refers to rt_semaphore.o(i.rt_sem_init) for rt_sem_init
    quicksort.o(.text) refers to rt_mutex.o(i.rt_mut_init) for rt_mut_init
    quicksort.o(.text) refers to rt_semaphore.o(i.rt_sem_wait) for rt_sem_wait
    rt_task.o(i.rt_block) refers to rt_list.o(i.rt_put_dly) for rt_put_dly
    rt_task.o(i.rt_block) refers to rt_list.o(i.rt_get_first) for rt_get_first
    rt_task.o(i.rt_block) refers to rt_task.o(i.rt_switch_req) for rt_switch_req
    rt_task.o(i.rt_block) refers to rt_task.o(.data) for .data
    rt_task.o(i.rt_block) refers to rt_list.o(.bss) for os_rdy
    rt_task.o(i.rt_dispatch) refers to rt_list.o(i.rt_put_rdy_first) for rt_put_rdy_first
    rt_task.o(i.rt_dispatch) refers to rt_task.o(i.rt_switch_req) for rt_switch_req
    rt_task.o(i.rt_dispatch) refers to rt_list.o(i.rt_get_first) for rt_get_first
    rt_task.o(i.rt_dispatch) refers to rt_list.o(i.rt_put_prio) for rt_put_prio
    rt_task.o(i.rt_dispatch) refers to rt_task.o(.data) for .data
    rt_task.o(i.rt_dispatch) refers to rt_list.o(.bss) for os_rdy
    rt_task.o(i.rt_init_context) refers to rt_membox.o(i.rt_alloc_box) for rt_alloc_box
    rt_task.o(i.rt_init_context) refers to hal_cm3.o(i.rt_init_stack) for rt_init_stack
    rt_task.o(i.rt_init_context) refers to rtx_conf_cm.o(.bss) for mp_stk
    rt_task.o(i.rt_switch_req) refers to hal_cm3.o(i.dbg_task_switch) for dbg_task_switch
    rt_task.o(i.rt_switch_req) refers to rt_task.o(.data) for .data
    rt_task.o(i.rt_switch_req) refers to hal_cm3.o(.data) for dbg_msg
    rt_task.o(i.rt_sys_init) refers to hal_cm3.o(i.dbg_init) for dbg_init
    rt_task.o(i.rt_sys_init) refers to rt_membox.o(i._init_box) for _init_box
    rt_task.o(i.rt_sys_init) refers to rt_task.o(i.rt_init_context) for rt_init_context
    rt_task.o(i.rt_sys_init) refers to hal_cm3.o(.emb_text) for rt_set_PSP
    rt_task.o(i.rt_sys_init) refers to rt_robin.o(i.rt_init_robin) for rt_init_robin
    rt_task.o(i.rt_sys_init) refers to rt_system.o(i.os_tick_init) for os_tick_init
    rt_task.o(i.rt_sys_init) refers to rt_task.o(i.rt_tsk_create) for rt_tsk_create
[...]
    printfb.o(i.__0sprintf$bare) refers to printfb.o(i._sputc) for _sputc
    printfb.o(i.__0vfprintf$bare) refers to printfb.o(i._printf_core) for _printf_core
    printfb.o(i.__0vfprintf$bare) refers to retarget.o(.text) for fputc
    printfb.o(i.__0vprintf$bare) refers to printfb.o(i._printf_core) for _printf_core
    printfb.o(i.__0vprintf$bare) refers to retarget.o(.text) for fputc
    printfb.o(i.__0vprintf$bare) refers to retarget.o(.data) for __stdout
    printfb.o(i.__0vsnprintf$bare) refers to printfb.o(i._printf_core) for _printf_core
    printfb.o(i.__0vsnprintf$bare) refers to printfb.o(i._snputc) for _snputc
    printfb.o(i.__0vsprintf$bare) refers to printfb.o(i._printf_core) for _printf_core
    printfb.o(i.__0vsprintf$bare) refers to printfb.o(i._sputc) for _sputc
    printf0.o(i.__0fprintf$0) refers to printf0.o(i._printf_core) for _printf_core
    printf0.o(i.__0fprintf$0) refers to retarget.o(.text) for fputc
    printf0.o(i.__0printf$0) refers to printf0.o(i._printf_core) for _printf_core
    printf0.o(i.__0printf$0) refers to retarget.o(.text) for fputc
    printf0.o(i.__0printf$0) refers to retarget.o(.data) for __stdout
    printf0.o(i.__0snprintf$0) refers to printf0.o(i._printf_core) for _printf_core
    printf0.o(i.__0snprintf$0) refers to printf0.o(i._snputc) for _snputc
    printf0.o(i.__0sprintf$0) refers to printf0.o(i._printf_core) for _printf_core
    printf0.o(i.__0sprintf$0) refers to printf0.o(i._sputc) for _sputc
    printf0.o(i.__0vfprintf$0) refers to printf0.o(i._printf_core) for _printf_core
    printf0.o(i.__0vfprintf$0) refers to retarget.o(.text) for fputc
    printf0.o(i.__0vprintf$0) refers to printf0.o(i._printf_core) for _printf_core
    printf0.o(i.__0vprintf$0) refers to retarget.o(.text) for fputc
    printf0.o(i.__0vprintf$0) refers to retarget.o(.data) for __stdout
    printf0.o(i.__0vsnprintf$0) refers to printf0.o(i._printf_core) for _printf_core
    printf0.o(i.__0vsnprintf$0) refers to printf0.o(i._snputc) for _snputc
    printf0.o(i.__0vsprintf$0) refers to printf0.o(i._printf_core) for _printf_core
    printf0.o(i.__0vsprintf$0) refers to printf0.o(i._sputc) for _sputc
    printf1.o(i.__0fprintf$1) refers to printf1.o(i._printf_core) for _printf_core
    printf1.o(i.__0fprintf$1) refers to retarget.o(.text) for fputc
    printf1.o(i.__0printf$1) refers to printf1.o(i._printf_core) for _printf_core
    printf1.o(i.__0printf$1) refers to retarget.o(.text) for fputc
    printf1.o(i.__0printf$1) refers to retarget.o(.data) for __stdout
    printf1.o(i.__0snprintf$1) refers to printf1.o(i._printf_core) for _printf_core
    printf1.o(i.__0snprintf$1) refers to printf1.o(i._snputc) for _snputc
    printf1.o(i.__0sprintf$1) refers to printf1.o(i._printf_core) for _printf_core
    printf1.o(i.__0sprintf$1) refers to printf1.o(i._sputc) for _sputc
    printf1.o(i.__0vfprintf$1) refers to printf1.o(i._printf_core) for _printf_core
    printf1.o(i.__0vfprintf$1) refers to retarget.o(.text) for fputc
    printf1.o(i.__0vprintf$1) refers to printf1.o(i._printf_core) for _printf_core
    printf1.o(i.__0vprintf$1) refers to retarget.o(.text) for fputc
    printf1.o(i.__0vprintf$1) refers to retarget.o(.data) for __stdout
    printf1.o(i.__0vsnprintf$1) refers to printf1.o(i._printf_core) for _printf_core
    printf1.o(i.__0vsnprintf$1) refers to printf1.o(i._snputc) for _snputc
    printf1.o(i.__0vsprintf$1) refers to printf1.o(i._printf_core) for _printf_core
    printf1.o(i.__0vsprintf$1) refers to printf1.o(i._sputc) for _sputc
    printf1.o(i._printf_core) refers to uidiv.o(.text) for __aeabi_uidivmod
    printf2.o(i.__0fprintf$2) refers to printf2.o(i._printf_core) for _printf_core
    printf2.o(i.__0fprintf$2) refers to retarget.o(.text) for fputc
    printf2.o(i.__0printf$2) refers to printf2.o(i._printf_core) for _printf_core
    printf2.o(i.__0printf$2) refers to retarget.o(.text) for fputc
    printf2.o(i.__0printf$2) refers to retarget.o(.data) for __stdout
    printf2.o(i.__0snprintf$2) refers to printf2.o(i._printf_core) for _printf_core
    printf2.o(i.__0snprintf$2) refers to printf2.o(i._snputc) for _snputc
    printf2.o(i.__0sprintf$2) refers to printf2.o(i._printf_core) for _printf_core
    printf2.o(i.__0sprintf$2) refers to printf2.o(i._sputc) for _sputc
    printf2.o(i.__0vfprintf$2) refers to printf2.o(i._printf_core) for _printf_core
    printf2.o(i.__0vfprintf$2) refers to retarget.o(.text) for fputc
    printf2.o(i.__0vprintf$2) refers to printf2.o(i._printf_core) for _printf_core
    printf2.o(i.__0vprintf$2) refers to retarget.o(.text) for fputc
    printf2.o(i.__0vprintf$2) refers to retarget.o(.data) for __stdout
    printf2.o(i.__0vsnprintf$2) refers to printf2.o(i._printf_core) for _printf_core
    printf2.o(i.__0vsnprintf$2) refers to printf2.o(i._snputc) for _snputc
    printf2.o(i.__0vsprintf$2) refers to printf2.o(i._printf_core) for _printf_core
    printf2.o(i.__0vsprintf$2) refers to printf2.o(i._sputc) for _sputc
    printf3.o(i.__0fprintf$3) refers to printf3.o(i._printf_core) for _printf_core
    printf3.o(i.__0fprintf$3) refers to retarget.o(.text) for fputc
    printf3.o(i.__0printf$3) refers to printf3.o(i._printf_core) for _printf_core
    printf3.o(i.__0printf$3) refers to retarget.o(.text) for fputc
    printf3.o(i.__0printf$3) refers to retarget.o(.data) for __stdout
    printf3.o(i.__0snprintf$3) refers to printf3.o(i._printf_core) for _printf_core
    printf3.o(i.__0snprintf$3) refers to printf3.o(i._snputc) for _snputc
    printf3.o(i.__0sprintf$3) refers to printf3.o(i._printf_core) for _printf_core
    printf3.o(i.__0sprintf$3) refers to printf3.o(i._sputc) for _sputc
    printf3.o(i.__0vfprintf$3) refers to printf3.o(i._printf_core) for _printf_core
    printf3.o(i.__0vfprintf$3) refers to retarget.o(.text) for fputc
    printf3.o(i.__0vprintf$3) refers to printf3.o(i._printf_core) for _printf_core
    printf3.o(i.__0vprintf$3) refers to retarget.o(.text) for fputc
    printf3.o(i.__0vprintf$3) refers to retarget.o(.data) for __stdout
    printf3.o(i.__0vsnprintf$3) refers to printf3.o(i._printf_core) for _printf_core
    printf3.o(i.__0vsnprintf$3) refers to printf3.o(i._snputc) for _snputc
    printf3.o(i.__0vsprintf$3) refers to printf3.o(i._printf_core) for _printf_core
    printf3.o(i.__0vsprintf$3) refers to printf3.o(i._sputc) for _sputc
    printf3.o(i._printf_core) refers to uidiv.o(.text) for __aeabi_uidivmod
    printf4.o(i.__0fprintf$4) refers to printf4.o(i._printf_core) for _printf_core
    printf4.o(i.__0fprintf$4) refers to retarget.o(.text) for fputc
    printf4.o(i.__0printf$4) refers to printf4.o(i._printf_core) for _printf_core
    printf4.o(i.__0printf$4) refers to retarget.o(.text) for fputc
    printf4.o(i.__0printf$4) refers to retarget.o(.data) for __stdout
    printf4.o(i.__0snprintf$4) refers to printf4.o(i._printf_core) for _printf_core
    printf4.o(i.__0snprintf$4) refers to printf4.o(i._snputc) for _snputc
    printf4.o(i.__0sprintf$4) refers to printf4.o(i._printf_core) for _printf_core
    printf4.o(i.__0sprintf$4) refers to printf4.o(i._sputc) for _sputc
    printf4.o(i.__0vfprintf$4) refers to printf4.o(i._printf_core) for _printf_core
    printf4.o(i.__0vfprintf$4) refers to retarget.o(.text) for fputc
    printf4.o(i.__0vprintf$4) refers to printf4.o(i._printf_core) for _printf_core
    printf4.o(i.__0vprintf$4) refers to retarget.o(.text) for fputc
    printf4.o(i.__0vprintf$4) refers to retarget.o(.data) for __stdout
    printf4.o(i.__0vsnprintf$4) refers to printf4.o(i._printf_core) for _printf_core
    printf4.o(i.__0vsnprintf$4) refers to printf4.o(i._snputc) for _snputc
    printf4.o(i.__0vsprintf$4) refers to printf4.o(i._printf_core) for _printf_core
    printf4.o(i.__0vsprintf$4) refers to printf4.o(i._sputc) for _sputc
    printf4.o(i._printf_core) refers to uldiv.o(.text) for __aeabi_uldivmod
    printf5.o(i.__0fprintf$5) refers to printf5.o(i._printf_core) for _printf_core
    printf5.o(i.__0fprintf$5) refers to retarget.o(.text) for fputc
    printf5.o(i.__0printf$5) refers to printf5.o(i._printf_core) for _printf_core
    printf5.o(i.__0printf$5) refers to retarget.o(.text) for fputc
    printf5.o(i.__0printf$5) refers to retarget.o(.data) for __stdout
    printf5.o(i.__0snprintf$5) refers to printf5.o(i._printf_core) for _printf_core
    printf5.o(i.__0snprintf$5) refers to printf5.o(i._snputc) for _snputc
    printf5.o(i.__0sprintf$5) refers to printf5.o(i._printf_core) for _printf_core
    printf5.o(i.__0sprintf$5) refers to printf5.o(i._sputc) for _sputc
    printf5.o(i.__0vfprintf$5) refers to printf5.o(i._printf_core) for _printf_core
    printf5.o(i.__0vfprintf$5) refers to retarget.o(.text) for fputc
    printf5.o(i.__0vprintf$5) refers to printf5.o(i._printf_core) for _printf_core
    printf5.o(i.__0vprintf$5) refers to retarget.o(.text) for fputc
    printf5.o(i.__0vprintf$5) refers to retarget.o(.data) for __stdout
    printf5.o(i.__0vsnprintf$5) refers to printf5.o(i._printf_core) for _printf_core
    printf5.o(i.__0vsnprintf$5) refers to printf5.o(i._snputc) for _snputc
    printf5.o(i.__0vsprintf$5) refers to printf5.o(i._printf_core) for _printf_core
    printf5.o(i.__0vsprintf$5) refers to printf5.o(i._sputc) for _sputc
    printf5.o(i._printf_core) refers to uldiv.o(.text) for __aeabi_uldivmod
    printf6.o(i.__0fprintf$6) refers to printf6.o(i._printf_core) for _printf_core
    printf6.o(i.__0fprintf$6) refers to retarget.o(.text) for fputc
    printf6.o(i.__0printf$6) refers to printf6.o(i._printf_core) for _printf_core
    printf6.o(i.__0printf$6) refers to retarget.o(.text) for fputc
    printf6.o(i.__0printf$6) refers to retarget.o(.data) for __stdout
    printf6.o(i.__0snprintf$6) refers to printf6.o(i._printf_core) for _printf_core
    printf6.o(i.__0snprintf$6) refers to printf6.o(i._snputc) for _snputc
    printf6.o(i.__0sprintf$6) refers to printf6.o(i._printf_core) for _printf_core
    printf6.o(i.__0sprintf$6) refers to printf6.o(i._sputc) for _sputc
    printf6.o(i.__0vfprintf$6) refers to printf6.o(i._printf_core) for _printf_core
    printf6.o(i.__0vfprintf$6) refers to retarget.o(.text) for fputc
    printf6.o(i.__0vprintf$6) refers to printf6.o(i._printf_core) for _printf_core
    printf6.o(i.__0vprintf$6) refers to retarget.o(.text) for fputc
    printf6.o(i.__0vprintf$6) refers to retarget.o(.data) for __stdout
    printf6.o(i.__0vsnprintf$6) refers to printf6.o(i._printf_core) for _printf_core
    printf6.o(i.__0vsnprintf$6) refers to printf6.o(i._snputc) for _snputc
    printf6.o(i.__0vsprintf$6) refers to printf6.o(i._printf_core) for _printf_core
    printf6.o(i.__0vsprintf$6) refers to printf6.o(i._sputc) for _sputc
    printf6.o(i._printf_core) refers to printf6.o(i._printf_pre_padding) for _printf_pre_padding
    printf6.o(i._printf_core) refers to uidiv.o(.text) for __aeabi_uidivmod
    printf6.o(i._printf_core) refers to printf6.o(i._printf_post_padding) for _printf_post_padding
    printf7.o(i.__0fprintf$7) refers to printf7.o(i._printf_core) for _printf_core
    printf7.o(i.__0fprintf$7) refers to retarget.o(.text) for fputc
    printf7.o(i.__0printf$7) refers to printf7.o(i._printf_core) for _printf_core
    printf7.o(i.__0printf$7) refers to retarget.o(.text) for fputc
    printf7.o(i.__0printf$7) refers to retarget.o(.data) for __stdout
    printf7.o(i.__0snprintf$7) refers to printf7.o(i._printf_core) for _printf_core
    printf7.o(i.__0snprintf$7) refers to printf7.o(i._snputc) for _snputc
    printf7.o(i.__0sprintf$7) refers to printf7.o(i._printf_core) for _printf_core
    printf7.o(i.__0sprintf$7) refers to printf7.o(i._sputc) for _sputc
    printf7.o(i.__0vfprintf$7) refers to printf7.o(i._printf_core) for _printf_core
    printf7.o(i.__0vfprintf$7) refers to retarget.o(.text) for fputc
    printf7.o(i.__0vprintf$7) refers to printf7.o(i._printf_core) for _printf_core
    printf7.o(i.__0vprintf$7) refers to retarget.o(.text) for fputc
    printf7.o(i.__0vprintf$7) refers to retarget.o(.data) for __stdout
    printf7.o(i.__0vsnprintf$7) refers to printf7.o(i._printf_core) for _printf_core
    printf7.o(i.__0vsnprintf$7) refers to printf7.o(i._snputc) for _snputc
    printf7.o(i.__0vsprintf$7) refers to printf7.o(i._printf_core) for _printf_core
    printf7.o(i.__0vsprintf$7) refers to printf7.o(i._sputc) for _sputc
    printf7.o(i._printf_core) refers to printf7.o(i._printf_pre_padding) for _printf_pre_padding
    printf7.o(i._printf_core) refers to uldiv.o(.text) for __aeabi_uldivmod
    printf7.o(i._printf_core) refers to printf7.o(i._printf_post_padding) for _printf_post_padding
    printf8.o(i.__0fprintf$8) refers to printf8.o(i._printf_core) for _printf_core
    printf8.o(i.__0fprintf$8) refers to retarget.o(.text) for fputc
    printf8.o(i.__0printf$8) refers to printf8.o(i._printf_core) for _printf_core
    printf8.o(i.__0printf$8) refers to retarget.o(.text) for fputc
    printf8.o(i.__0printf$8) refers to retarget.o(.data) for __stdout
    printf8.o(i.__0snprintf$8) refers to printf8.o(i._printf_core) for _printf_core
    printf8.o(i.__0snprintf$8) refers to printf8.o(i._snputc) for _snputc
    printf8.o(i.__0sprintf$8) refers to printf8.o(i._printf_core) for _printf_core
    printf8.o(i.__0sprintf$8) refers to printf8.o(i._sputc) for _sputc
    printf8.o(i.__0vfprintf$8) refers to printf8.o(i._printf_core) for _printf_core
    printf8.o(i.__0vfprintf$8) refers to retarget.o(.text) for fputc
    printf8.o(i.__0vprintf$8) refers to printf8.o(i._printf_core) for _printf_core
    printf8.o(i.__0vprintf$8) refers to retarget.o(.text) for fputc
    printf8.o(i.__0vprintf$8) refers to retarget.o(.data) for __stdout
    printf8.o(i.__0vsnprintf$8) refers to printf8.o(i._printf_core) for _printf_core
    printf8.o(i.__0vsnprintf$8) refers to printf8.o(i._snputc) for _snputc
    printf8.o(i.__0vsprintf$8) refers to printf8.o(i._printf_core) for _printf_core
    printf8.o(i.__0vsprintf$8) refers to printf8.o(i._sputc) for _sputc
    printf8.o(i._printf_core) refers to printf8.o(i._printf_pre_padding) for _printf_pre_padding
    printf8.o(i._printf_core) refers to uldiv.o(.text) for __aeabi_uldivmod
    printf8.o(i._printf_core) refers to printf8.o(i._printf_post_padding) for _printf_post_padding
    printfa.o(i.__0fprintf) refers (Special) to iusefp.o(.text) for __I$use$fp
    printfa.o(i.__0fprintf) refers to printfa.o(i._printf_core) for _printf_core
    printfa.o(i.__0fprintf) refers to retarget.o(.text) for fputc
    printfa.o(i.__0printf) refers (Special) to iusefp.o(.text) for __I$use$fp
    printfa.o(i.__0printf) refers to printfa.o(i._printf_core) for _printf_core
    printfa.o(i.__0printf) refers to retarget.o(.text) for fputc
    printfa.o(i.__0printf) refers to retarget.o(.data) for __stdout
    printfa.o(i.__0snprintf) refers (Special) to iusefp.o(.text) for __I$use$fp
    printfa.o(i.__0snprintf) refers to printfa.o(i._printf_core) for _printf_core
    printfa.o(i.__0snprintf) refers to printfa.o(i._snputc) for _snputc
    printfa.o(i.__0sprintf) refers (Special) to iusefp.o(.text) for __I$use$fp
    printfa.o(i.__0sprintf) refers to printfa.o(i._printf_core) for _printf_core
    printfa.o(i.__0sprintf) refers to printfa.o(i._sputc) for _sputc
    printfa.o(i.__0vfprintf) refers (Special) to iusefp.o(.text) for __I$use$fp
    printfa.o(i.__0vfprintf) refers to printfa.o(i._printf_core) for _printf_core
    printfa.o(i.__0vfprintf) refers to retarget.o(.text) for fputc
    printfa.o(i.__0vprintf) refers (Special) to iusefp.o(.text) for __I$use$fp
    printfa.o(i.__0vprintf) refers to printfa.o(i._printf_core) for _printf_core
    printfa.o(i.__0vprintf) refers to retarget.o(.text) for fputc
    printfa.o(i.__0vprintf) refers to retarget.o(.data) for __stdout
    printfa.o(i.__0vsnprintf) refers (Special) to iusefp.o(.text) for __I$use$fp
    printfa.o(i.__0vsnprintf) refers to printfa.o(i._printf_core) for _printf_core
    printfa.o(i.__0vsnprintf) refers to printfa.o(i._snputc) for _snputc
    printfa.o(i.__0vsprintf) refers (Special) to iusefp.o(.text) for __I$use$fp
    printfa.o(i.__0vsprintf) refers to printfa.o(i._printf_core) for _printf_core
    printfa.o(i.__0vsprintf) refers to printfa.o(i._sputc) for _sputc
    printfa.o(i._fp_digits) refers (Special) to iusefp.o(.text) for __I$use$fp
    printfa.o(i._fp_digits) refers to dmul.o(.text) for __aeabi_dmul
    printfa.o(i._fp_digits) refers to ddiv.o(.text) for __aeabi_ddiv
    printfa.o(i._fp_digits) refers to cdrcmple.o(.text) for __aeabi_cdrcmple
    printfa.o(i._fp_digits) refers to dadd.o(.text) for __aeabi_dadd
    printfa.o(i._fp_digits) refers to dfixul.o(.text) for __aeabi_d2ulz
    printfa.o(i._fp_digits) refers to uldiv.o(.text) for __aeabi_uldivmod
    printfa.o(i._printf_core) refers (Special) to iusefp.o(.text) for __I$use$fp
    printfa.o(i._printf_core) refers to printfa.o(i._printf_pre_padding) for _printf_pre_padding
    printfa.o(i._printf_core) refers to uldiv.o(.text) for __aeabi_uldivmod
    printfa.o(i._printf_core) refers to printfa.o(i._printf_post_padding) for _printf_post_padding
    printfa.o(i._printf_core) refers to printfa.o(i._fp_digits) for _fp_digits
    printfa.o(i._printf_core) refers to uidiv.o(.text) for __aeabi_uidivmod
    printfa.o(i._printf_post_padding) refers (Special) to iusefp.o(.text) for __I$use$fp
    printfa.o(i._printf_pre_padding) refers (Special) to iusefp.o(.text) for __I$use$fp
    printfa.o(i._snputc) refers (Special) to iusefp.o(.text) for __I$use$fp
    printfa.o(i._sputc) refers (Special) to iusefp.o(.text) for __I$use$fp
    malloc.o(i.free) refers to mvars.o(.data) for __microlib_freelist
    malloc.o(i.malloc) refers to mvars.o(.data) for __microlib_freelist_initialised
    malloc.o(i.malloc) refers to mvars.o(.data) for __microlib_freelist
    malloc.o(i.malloc) refers to startup_lpc17xx.o(HEAP) for __heap_base
    mallocr.o(i.__free$realloc) refers to mvars.o(.data) for __microlib_freelist
    mallocr.o(i.__malloc$realloc) refers to mallocr.o(i.internal_alloc) for internal_alloc
    mallocr.o(i.__malloc$realloc) refers to mvars.o(.data) for __microlib_freelist_initialised
    mallocr.o(i.__malloc$realloc) refers to startup_lpc17xx.o(HEAP) for __heap_base
    mallocr.o(i.__malloc$realloc) refers to mvars.o(.data) for __microlib_freelist
    mallocr.o(i.internal_alloc) refers to memcpya.o(.text) for __aeabi_memcpy
    mallocr.o(i.internal_alloc) refers to mvars.o(.data) for __microlib_freelist
    mallocr.o(i.realloc) refers to mallocr.o(i.__free$realloc) for __free$realloc
    mallocr.o(i.realloc) refers to mallocr.o(i.internal_alloc) for internal_alloc
    mallocr.o(i.realloc) refers to mallocr.o(i.__malloc$realloc) for __malloc$realloc
    mallocr.o(i.realloc) refers to mvars.o(.data) for __microlib_freelist
    malloca.o(i.__aligned_malloc) refers to mvars.o(.data) for __microlib_freelist_initialised
    malloca.o(i.__aligned_malloc) refers to mvars.o(.data) for __microlib_freelist
    malloca.o(i.__aligned_malloc) refers to startup_lpc17xx.o(HEAP) for __heap_base
    malloca.o(i.__free$memalign) refers to mvars.o(.data) for __microlib_freelist
    malloca.o(i.__malloc$memalign) refers to malloca.o(i.__aligned_malloc) for __aligned_malloc
    mallocra.o(i.__aligned_malloc$realloc) refers to mallocra.o(i.internal_alloc) for internal_alloc
    mallocra.o(i.__aligned_malloc$realloc) refers to mvars.o(.data) for __microlib_freelist_initialised
    mallocra.o(i.__aligned_malloc$realloc) refers to startup_lpc17xx.o(HEAP) for __heap_base
    mallocra.o(i.__aligned_malloc$realloc) refers to mvars.o(.data) for __microlib_freelist
    mallocra.o(i.__free$realloc$memalign) refers to mvars.o(.data) for __microlib_freelist
    mallocra.o(i.__malloc$realloc$memalign) refers to mallocra.o(i.__aligned_malloc$realloc) for __aligned_malloc$realloc
    mallocra.o(i.__realloc$memalign) refers to mallocra.o(i.__free$realloc$memalign) for __free$realloc$memalign
    mallocra.o(i.__realloc$memalign) refers to mallocra.o(i.internal_alloc) for internal_alloc
    mallocra.o(i.__realloc$memalign) refers to mallocra.o(i.__malloc$realloc$memalign) for __malloc$realloc$memalign
    mallocra.o(i.__realloc$memalign) refers to mvars.o(.data) for __microlib_freelist
    mallocra.o(i.internal_alloc) refers to memcpya.o(.text) for __aeabi_memcpy
    mallocra.o(i.internal_alloc) refers to mvars.o(.data) for __microlib_freelist
    __0scanf.o(.text) refers to scanf_char_file.o(.text) for __vfscanf_char_file
    __0scanf.o(.text) refers to retarget.o(.data) for __stdin
    _scanf_int.o(.text) refers to _chval.o(.text) for _chval
    dadd.o(.text) refers (Special) to iusefp.o(.text) for __I$use$fp
    dadd.o(.text) refers to llshl.o(.text) for __aeabi_llsl
    dadd.o(.text) refers to llsshr.o(.text) for __aeabi_lasr
    dadd.o(.text) refers to depilogue.o(.text) for _double_epilogue
    dfltui.o(.text) refers (Special) to iusefp.o(.text) for __I$use$fp
    dfltui.o(.text) refers to depilogue.o(.text) for _double_epilogue
    entry2.o(.ARM.Collect$$$$00000001) refers to entry2.o(.ARM.Collect$$$$00002712) for __lit__00000000
    entry2.o(.ARM.Collect$$$$00002712) refers to startup_lpc17xx.o(STACK) for __initial_sp
    entry2.o(__vectab_stack_and_reset_area) refers to startup_lpc17xx.o(STACK) for __initial_sp
    entry2.o(__vectab_stack_and_reset_area) refers to entry.o(.ARM.Collect$$$$00000000) for __main
    entry5.o(.ARM.Collect$$$$00000004) refers to init.o(.text) for __scatterload
    entry8.o(.ARM.Collect$$$$00000009) refers to main.o(.text) for main
    scanf_char_file.o(.text) refers to scanf_char.o(.text) for __vfscanf_char
    scanf_char_file.o(.text) refers to retarget.o(.text) for fgetc
    scanf_char_file.o(.text) refers to fgetc_b.o(.text) for __backspace
    depilogue.o(.text) refers to llshl.o(.text) for __aeabi_llsl
    depilogue.o(.text) refers to llushr.o(.text) for __aeabi_llsr
    dmul.o(.text) refers to depilogue.o(.text) for _double_epilogue
    ddiv.o(.text) refers to depilogue.o(.text) for _double_round
    dfixul.o(.text) refers to llushr.o(.text) for __aeabi_llsr
    dfixul.o(.text) refers to llshl.o(.text) for __aeabi_llsl
    init.o(.text) refers to entry5.o(.ARM.Collect$$$$00000004) for __main_after_scatterload
    fgetc_b.o(.text) refers (Special) to iusesemig.o(.text) for __I$use$semihosting$fgetc
    fgetc_b.o(.text) refers (Special) to semi.o(.text) for __semihosting_library_function
    fgetc_b.o(.text) refers to fgetc_b.o(.data) for .data
    fgetc_b.o(.data) refers (Special) to iusesemig.o(.text) for __I$use$semihosting$fgetc
    fgetc_b.o(.data) refers (Special) to semi.o(.text) for __semihosting_library_function
    scanf_char.o(.text) refers to _scanf.o(.text) for __vfscanf
    scanf_char.o(.text) refers to isspace_c.o(.text) for isspace
    isspace_c.o(.text) refers to ctype_c.o(.text) for __ctype_lookup
    _scanf.o(.text) refers (Weak) to _scanf_int.o(.text) for _scanf_int
    ctype_c.o(.text) refers to ctype_c.o(.constdata) for .constdata


==============================================================================

Removing Unused input sections from the image.

    Removing system_lpc17xx.o(.rev16_text), (4 bytes).
    Removing system_lpc17xx.o(.revsh_text), (4 bytes).
    Removing uart.o(.rev16_text), (4 bytes).
    Removing uart.o(.revsh_text), (4 bytes).
    Removing main.o(.rev16_text), (4 bytes).
    Removing main.o(.revsh_text), (4 bytes).
    Removing quicksort.o(.rev16_text), (4 bytes).
    Removing quicksort.o(.revsh_text), (4 bytes).
    Removing rt_task.o(i.rt_tsk_pass), (48 bytes).
    Removing rt_task.o(i.rt_tsk_self), (16 bytes).
    Removing rt_semaphore.o(i.isr_sem_send), (16 bytes).
    Removing rt_time.o(i.rt_dly_wait), (6 bytes).
    Removing rt_time.o(i.rt_itv_set), (24 bytes).
    Removing rt_time.o(i.rt_itv_wait), (44 bytes).
    Removing rt_system.o(.emb_text), (0 bytes).
    Removing rt_system.o(i.rt_psh_req), (32 bytes).
    Removing rt_system.o(i.rt_resume), (176 bytes).
    Removing rt_system.o(i.rt_suspend), (44 bytes).
    Removing rt_system.o(i.rt_tsk_lock), (80 bytes).
    Removing rt_system.o(i.rt_tsk_unlock), (80 bytes).
    Removing rt_list.o(i.rt_get_same_rdy_prio), (36 bytes).
    Removing rt_list.o(i.rt_psq_enq), (88 bytes).
    Removing rt_membox.o(i._calloc_box), (30 bytes).
    Removing rt_event.o(i.isr_evt_set), (40 bytes).
    Removing rt_event.o(i.rt_evt_clr), (28 bytes).
    Removing rt_event.o(i.rt_evt_get), (12 bytes).
    Removing rt_event.o(i.rt_evt_set), (96 bytes).
    Removing rt_event.o(i.rt_evt_wait), (64 bytes).
    Removing rt_mailbox.o(i.isr_mbx_receive), (84 bytes).
    Removing rt_mailbox.o(i.isr_mbx_send), (14 bytes).
    Removing rt_mailbox.o(i.rt_mbx_check), (8 bytes).
    Removing rt_mailbox.o(i.rt_mbx_init), (26 bytes).
    Removing rt_mailbox.o(i.rt_mbx_send), (160 bytes).
    Removing rt_mailbox.o(i.rt_mbx_wait), (184 bytes).
    Removing rt_timer.o(i.rt_tmr_create), (80 bytes).
    Removing rt_timer.o(i.rt_tmr_kill), (52 bytes).

36 unused section(s) (total 1600 bytes) removed from the image.

==============================================================================

Image Symbol Table

    Local Symbols

    Symbol Name                              Value     Ov Type        Size  Object(Section)

    RESET                                    0x00000000   Section      204  startup_lpc17xx.o(RESET)
    ../clib/microlib/ctype/ctype.c           0x00000000   Number         0  ctype_c.o ABSOLUTE
    ../clib/microlib/ctype/ctype.c           0x00000000   Number         0  isspace_c.o ABSOLUTE
    ../clib/microlib/division.c              0x00000000   Number         0  uldiv.o ABSOLUTE
    ../clib/microlib/division.c              0x00000000   Number         0  uidiv.o ABSOLUTE
    ../clib/microlib/init/entry.s            0x00000000   Number         0  entry5.o ABSOLUTE
    ../clib/microlib/init/entry.s            0x00000000   Number         0  entry7a.o ABSOLUTE
    ../clib/microlib/init/entry.s            0x00000000   Number         0  entry.o ABSOLUTE
    ../clib/microlib/init/entry.s            0x00000000   Number         0  entry7b.o ABSOLUTE
    ../clib/microlib/init/entry.s            0x00000000   Number         0  entry8.o ABSOLUTE
    ../clib/microlib/init/entry.s            0x00000000   Number         0  entry2.o ABSOLUTE
    ../clib/microlib/longlong.c              0x00000000   Number         0  llsshr.o ABSOLUTE
    ../clib/microlib/longlong.c              0x00000000   Number         0  llshl.o ABSOLUTE
    ../clib/microlib/longlong.c              0x00000000   Number         0  llushr.o ABSOLUTE
    ../clib/microlib/malloc/malloc.c         0x00000000   Number         0  mallocra.o ABSOLUTE
    ../clib/microlib/malloc/malloc.c         0x00000000   Number         0  malloca.o ABSOLUTE
    ../clib/microlib/malloc/malloc.c         0x00000000   Number         0  mallocr.o ABSOLUTE
    ../clib/microlib/malloc/malloc.c         0x00000000   Number         0  malloc.o ABSOLUTE
    ../clib/microlib/malloc/mvars.c          0x00000000   Number         0  mvars.o ABSOLUTE
    ../clib/microlib/printf/printf.c         0x00000000   Number         0  printf6.o ABSOLUTE
    ../clib/microlib/printf/printf.c         0x00000000   Number         0  printf5.o ABSOLUTE
    ../clib/microlib/printf/printf.c         0x00000000   Number         0  printf4.o ABSOLUTE
    ../clib/microlib/printf/printf.c         0x00000000   Number         0  printf7.o ABSOLUTE
    ../clib/microlib/printf/printf.c         0x00000000   Number         0  printf3.o ABSOLUTE
    ../clib/microlib/printf/printf.c         0x00000000   Number         0  printf2.o ABSOLUTE
    ../clib/microlib/printf/printf.c         0x00000000   Number         0  printf1.o ABSOLUTE
    ../clib/microlib/printf/printf.c         0x00000000   Number         0  printf8.o ABSOLUTE
    ../clib/microlib/printf/printf.c         0x00000000   Number         0  printf0.o ABSOLUTE
    ../clib/microlib/printf/printf.c         0x00000000   Number         0  printfb.o ABSOLUTE
    ../clib/microlib/printf/printf.c         0x00000000   Number         0  printfa.o ABSOLUTE
    ../clib/microlib/printf/stubs.s          0x00000000   Number         0  stubs.o ABSOLUTE
    ../clib/microlib/stdio/fgetc.c           0x00000000   Number         0  fgetc_b.o ABSOLUTE
    ../clib/microlib/stdio/semi.s            0x00000000   Number         0  semi.o ABSOLUTE
    ../clib/microlib/stdlib/rand.c           0x00000000   Number         0  rand.o ABSOLUTE
    ../clib/microlib/string/memcpy.c         0x00000000   Number         0  memcpya.o ABSOLUTE
    ../clib/microlib/string/memcpy.c         0x00000000   Number         0  memcpyb.o ABSOLUTE
    ../clib/microlib/stubs.s                 0x00000000   Number         0  iusesemig.o ABSOLUTE
    ../clib/microlib/stubs.s                 0x00000000   Number         0  iusefp.o ABSOLUTE
    ../clib/scanf.c                          0x00000000   Number         0  __0scanf.o ABSOLUTE
    ../clib/scanf.c                          0x00000000   Number         0  scanf_char.o ABSOLUTE
    ../clib/scanf.c                          0x00000000   Number         0  _scanf.o ABSOLUTE
    ../clib/scanf.c                          0x00000000   Number         0  scanf_char_file.o ABSOLUTE
    ../clib/scanf.c                          0x00000000   Number         0  _chval.o ABSOLUTE
    ../clib/scanf.c                          0x00000000   Number         0  _scanf_int.o ABSOLUTE
    ../fplib/microlib/fpadd.c                0x00000000   Number         0  dadd.o ABSOLUTE
    ../fplib/microlib/fpdiv.c                0x00000000   Number         0  ddiv.o ABSOLUTE
    ../fplib/microlib/fpepilogue.c           0x00000000   Number         0  depilogue.o ABSOLUTE
    ../fplib/microlib/fpfix.c                0x00000000   Number         0  dfixul.o ABSOLUTE
    ../fplib/microlib/fpflt.c                0x00000000   Number         0  dfltui.o ABSOLUTE
    ../fplib/microlib/fpmul.c                0x00000000   Number         0  dmul.o ABSOLUTE
    C:\Software\Keil\ARM\Startup\NXP\LPC17xx\system_LPC17xx.c 0x00000000   Number         0  system_lpc17xx.o ABSOLUTE
    C:\\Software\\Keil\\ARM\\Startup\\NXP\\LPC17xx\\system_LPC17xx.c 0x00000000   Number         0  system_lpc17xx.o ABSOLUTE
    RTX_Conf_CM.c                            0x00000000   Number         0  rtx_conf_cm.o ABSOLUTE
    Retarget.c                               0x00000000   Number         0  retarget.o ABSOLUTE
    SRC\CM\HAL_CM3.c                         0x00000000   Number         0  hal_cm3.o ABSOLUTE
    SRC\CM\SVC_Table.s                       0x00000000   Number         0  SVC_Table.o ABSOLUTE
    SRC\CM\rt_Event.c                        0x00000000   Number         0  rt_event.o ABSOLUTE
    SRC\CM\rt_List.c                         0x00000000   Number         0  rt_list.o ABSOLUTE
    SRC\CM\rt_Mailbox.c                      0x00000000   Number         0  rt_mailbox.o ABSOLUTE
    SRC\CM\rt_MemBox.c                       0x00000000   Number         0  rt_membox.o ABSOLUTE
    SRC\CM\rt_Mutex.c                        0x00000000   Number         0  rt_mutex.o ABSOLUTE
    SRC\CM\rt_Robin.c                        0x00000000   Number         0  rt_robin.o ABSOLUTE
    SRC\CM\rt_Semaphore.c                    0x00000000   Number         0  rt_semaphore.o ABSOLUTE
    SRC\CM\rt_System.c                       0x00000000   Number         0  rt_system.o ABSOLUTE
    SRC\CM\rt_Task.c                         0x00000000   Number         0  rt_task.o ABSOLUTE
    SRC\CM\rt_Time.c                         0x00000000   Number         0  rt_time.o ABSOLUTE
    SRC\CM\rt_Timer.c                        0x00000000   Number         0  rt_timer.o ABSOLUTE
    SRC\\CM\\HAL_CM3.c                       0x00000000   Number         0  hal_cm3.o ABSOLUTE
    SRC\\CM\\rt_System.c                     0x00000000   Number         0  rt_system.o ABSOLUTE
    array_tools.c                            0x00000000   Number         0  array_tools.o ABSOLUTE
    cdrcmple.s                               0x00000000   Number         0  cdrcmple.o ABSOLUTE
    dc.s                                     0x00000000   Number         0  dc.o ABSOLUTE
    handlers.s                               0x00000000   Number         0  handlers.o ABSOLUTE
    init.s                                   0x00000000   Number         0  init.o ABSOLUTE
    main.c                                   0x00000000   Number         0  main.o ABSOLUTE
    main.c                                   0x00000000   Number         0  main.o ABSOLUTE
    quicksort.c                              0x00000000   Number         0  quicksort.o ABSOLUTE
    quicksort.c                              0x00000000   Number         0  quicksort.o ABSOLUTE
    startup_LPC17xx.s                        0x00000000   Number         0  startup_lpc17xx.o ABSOLUTE
    uart.c                                   0x00000000   Number         0  uart.o ABSOLUTE
    uart.c                                   0x00000000   Number         0  uart.o ABSOLUTE
    .ARM.Collect$$$$00000000                 0x000000cc   Section        0  entry.o(.ARM.Collect$$$$00000000)
    .ARM.Collect$$$$00000001                 0x000000cc   Section        4  entry2.o(.ARM.Collect$$$$00000001)
    .ARM.Collect$$$$00000004                 0x000000d0   Section        4  entry5.o(.ARM.Collect$$$$00000004)
    .ARM.Collect$$$$00000008                 0x000000d4   Section        0  entry7b.o(.ARM.Collect$$$$00000008)
    .ARM.Collect$$$$00000009                 0x000000d4   Section        8  entry8.o(.ARM.Collect$$$$00000009)
    .ARM.Collect$$$$00002712                 0x000000dc   Section        4  entry2.o(.ARM.Collect$$$$00002712)
    __lit__00000000                          0x000000dc   Data           4  entry2.o(.ARM.Collect$$$$00002712)
    .emb_text                                0x000000e0   Section      340  hal_cm3.o(.emb_text)
    .text                                    0x00000234   Section       36  startup_lpc17xx.o(.text)
    .text                                    0x00000258   Section        0  retarget.o(.text)
    .text                                    0x000002f8   Section        0  iusesemig.o(.text)
    .text                                    0x000002f8   Section        0  iusefp.o(.text)
    .text                                    0x000002f8   Section        0  semi.o(.text)
    SVC_TABLE                                0x000002f8   Section        4  SVC_Table.o(SVC_TABLE)
    .ARM.__at_0x02FC                         0x000002fc   Section        4  startup_lpc17xx.o(.ARM.__at_0x02FC)
    .text                                    0x00000300   Section        0  system_lpc17xx.o(.text)
    .text                                    0x00000618   Section        0  uart.o(.text)
    NVIC_EnableIRQ                           0x00000971   Thumb Code    24  uart.o(.text)
    .text                                    0x000009c4   Section        0  array_tools.o(.text)
    generate_random_array                    0x000009c5   Thumb Code   204  array_tools.o(.text)
    .text                                    0x00000bf4   Section        0  main.o(.text)
    .text                                    0x00000cd0   Section        0  quicksort.o(.text)
    .text                                    0x000010c8   Section        0  rtx_conf_cm.o(.text)
    .text                                    0x000010d2   Section        0  uldiv.o(.text)
    .text                                    0x00001134   Section        0  rand.o(.text)
    .text                                    0x00001158   Section        0  __0scanf.o(.text)
    .text                                    0x00001178   Section        0  _scanf_int.o(.text)
    .text                                    0x000012c8   Section        0  dadd.o(.text)
    .text                                    0x00001416   Section        0  dfltui.o(.text)
    .text                                    0x00001430   Section        0  uidiv.o(.text)
    .text                                    0x0000145c   Section        0  llshl.o(.text)
    .text                                    0x0000147a   Section        0  llushr.o(.text)
    .text                                    0x0000149a   Section        0  llsshr.o(.text)
    .text                                    0x000014be   Section        0  _chval.o(.text)
    .text                                    0x000014dc   Section        0  scanf_char_file.o(.text)
    .text                                    0x000014f0   Section        0  depilogue.o(.text)
    .text                                    0x000015ae   Section        0  dmul.o(.text)
    .text                                    0x00001692   Section        0  ddiv.o(.text)
    .text                                    0x00001770   Section        0  dfixul.o(.text)
    .text                                    0x000017a0   Section       40  cdrcmple.o(.text)
    .text                                    0x000017c8   Section       36  init.o(.text)
    .text                                    0x000017ec   Section        0  fgetc_b.o(.text)
    .text                                    0x00001818   Section        0  scanf_char.o(.text)
    _scanf_char_input                        0x00001819   Thumb Code    12  scanf_char.o(.text)
    .text                                    0x00001840   Section        0  isspace_c.o(.text)
    .text                                    0x0000184c   Section        0  _scanf.o(.text)
    .text                                    0x00001b78   Section        0  ctype_c.o(.text)
    i.__0printf                              0x00001ba0   Section        0  printfa.o(i.__0printf)
    i.__scatterload_copy                     0x00001bc0   Section       14  handlers.o(i.__scatterload_copy)
    i.__scatterload_null                     0x00001bce   Section        2  handlers.o(i.__scatterload_null)
    i.__scatterload_zeroinit                 0x00001bd0   Section       14  handlers.o(i.__scatterload_zeroinit)
    i._fp_digits                             0x00001be0   Section        0  printfa.o(i._fp_digits)
    _fp_digits                               0x00001be1   Thumb Code   326  printfa.o(i._fp_digits)
    i._init_box                              0x00001d3c   Section        0  rt_membox.o(i._init_box)
    i._printf_core                           0x00001d84   Section        0  printfa.o(i._printf_core)
    _printf_core                             0x00001d85   Thumb Code  1762  printfa.o(i._printf_core)
    i._printf_post_padding                   0x00002474   Section        0  printfa.o(i._printf_post_padding)
    _printf_post_padding                     0x00002475   Thumb Code    38  printfa.o(i._printf_post_padding)
    i._printf_pre_padding                    0x0000249a   Section        0  printfa.o(i._printf_pre_padding)
    _printf_pre_padding                      0x0000249b   Thumb Code    48  printfa.o(i._printf_pre_padding)
    i.dbg_init                               0x000024cc   Section        0  hal_cm3.o(i.dbg_init)
    i.dbg_task_notify                        0x000024fc   Section        0  hal_cm3.o(i.dbg_task_notify)
    i.dbg_task_switch                        0x0000251c   Section        0  hal_cm3.o(i.dbg_task_switch)
    i.free                                   0x0000252c   Section        0  malloc.o(i.free)
    i.malloc                                 0x0000257c   Section        0  malloc.o(i.malloc)
    i.os_tick_init                           0x000025e8   Section        0  rt_system.o(i.os_tick_init)
    i.os_tick_irqack                         0x00002610   Section        0  rt_system.o(i.os_tick_irqack)
    i.rt_alloc_box                           0x00002612   Section        0  rt_membox.o(i.rt_alloc_box)
    i.rt_block                               0x0000262c   Section        0  rt_task.o(i.rt_block)
    i.rt_chk_robin                           0x00002664   Section        0  rt_robin.o(i.rt_chk_robin)
    i.rt_dec_dly                             0x000026ac   Section        0  rt_list.o(i.rt_dec_dly)
    i.rt_dispatch                            0x00002720   Section        0  rt_task.o(i.rt_dispatch)
    i.rt_evt_psh                             0x00002764   Section        0  rt_event.o(i.rt_evt_psh)
    i.rt_free_box                            0x000027b0   Section        0  rt_membox.o(i.rt_free_box)
    i.rt_get_first                           0x000027d0   Section        0  rt_list.o(i.rt_get_first)
    i.rt_init_context                        0x000027f8   Section        0  rt_task.o(i.rt_init_context)
    rt_init_context                          0x000027f9   Thumb Code    64  rt_task.o(i.rt_init_context)
    i.rt_init_robin                          0x0000283c   Section        0  rt_robin.o(i.rt_init_robin)
    i.rt_init_stack                          0x00002854   Section        0  hal_cm3.o(i.rt_init_stack)
    i.rt_mbx_psh                             0x000028a4   Section        0  rt_mailbox.o(i.rt_mbx_psh)
    i.rt_mut_init                            0x00002964   Section        0  rt_mutex.o(i.rt_mut_init)
    i.rt_mut_release                         0x00002974   Section        0  rt_mutex.o(i.rt_mut_release)
    i.rt_mut_wait                            0x00002a20   Section        0  rt_mutex.o(i.rt_mut_wait)
    i.rt_pop_req                             0x00002a84   Section        0  rt_system.o(i.rt_pop_req)
    i.rt_put_dly                             0x00002afc   Section        0  rt_list.o(i.rt_put_dly)
    i.rt_put_prio                            0x00002b44   Section        0  rt_list.o(i.rt_put_prio)
    i.rt_put_rdy_first                       0x00002b7c   Section        0  rt_list.o(i.rt_put_rdy_first)
    i.rt_resort_prio                         0x00002b90   Section        0  rt_list.o(i.rt_resort_prio)
    i.rt_rmv_dly                             0x00002bc4   Section        0  rt_list.o(i.rt_rmv_dly)
    i.rt_rmv_list                            0x00002bec   Section        0  rt_list.o(i.rt_rmv_list)
    i.rt_sem_init                            0x00002c1c   Section        0  rt_semaphore.o(i.rt_sem_init)
    i.rt_sem_psh                             0x00002c28   Section        0  rt_semaphore.o(i.rt_sem_psh)
    i.rt_sem_send                            0x00002c5c   Section        0  rt_semaphore.o(i.rt_sem_send)
    i.rt_sem_wait                            0x00002c94   Section        0  rt_semaphore.o(i.rt_sem_wait)
    i.rt_stk_check                           0x00002cd0   Section        0  rt_system.o(i.rt_stk_check)
    i.rt_switch_req                          0x00002cf4   Section        0  rt_task.o(i.rt_switch_req)
    i.rt_sys_init                            0x00002d1c   Section        0  rt_task.o(i.rt_sys_init)
    i.rt_systick                             0x00002e74   Section        0  rt_system.o(i.rt_systick)
    i.rt_time_get                            0x00002eb0   Section        0  rt_time.o(i.rt_time_get)
    i.rt_tmr_tick                            0x00002ebc   Section        0  rt_timer.o(i.rt_tmr_tick)
    i.rt_tsk_create                          0x00002efc   Section        0  rt_task.o(i.rt_tsk_create)
    i.rt_tsk_delete                          0x00002f90   Section        0  rt_task.o(i.rt_tsk_delete)
    i.rt_tsk_prio                            0x0000304c   Section        0  rt_task.o(i.rt_tsk_prio)
    .constdata                               0x000030cc   Section       40  rtx_conf_cm.o(.constdata)
    __tagsym$$used                           0x000030e0   Number         0  rtx_conf_cm.o(.constdata)
    __tagsym$$used                           0x000030e4   Number         0  rtx_conf_cm.o(.constdata)
    .constdata                               0x000030f4   Section       64  ctype_c.o(.constdata)
    .data                                    0x10000000   Section        4  system_lpc17xx.o(.data)
    .data                                    0x10000004   Section       12  retarget.o(.data)
    .data                                    0x10000010   Section       32  uart.o(.data)
    .data                                    0x10000030   Section        8  main.o(.data)
    .data                                    0x10000038   Section       16  quicksort.o(.data)
    .data                                    0x10000048   Section        4  rtx_conf_cm.o(.data)
    .data                                    0x1000004c   Section        8  rt_task.o(.data)
    .data                                    0x10000054   Section        4  rt_time.o(.data)
    .data                                    0x10000058   Section        1  hal_cm3.o(.data)
    .data                                    0x1000005c   Section        8  rt_system.o(.data)
    os_lock                                  0x1000005c   Data           1  rt_system.o(.data)
    os_psh_flag                              0x1000005d   Data           1  rt_system.o(.data)
    pend_flags                               0x1000005e   Data           1  rt_system.o(.data)
    .data                                    0x10000064   Section        8  rt_robin.o(.data)
    .data                                    0x1000006c   Section        8  rt_timer.o(.data)
    .data                                    0x10000074   Section        4  rand.o(.data)
    _rand_state                              0x10000074   Data           4  rand.o(.data)
    .data                                    0x10000078   Section        4  mvars.o(.data)
    .data                                    0x1000007c   Section        4  mvars.o(.data)
    .data                                    0x10000080   Section        3  fgetc_b.o(.data)
    ungetc_sp                                0x10000080   Data           1  fgetc_b.o(.data)
    ungetc_stack                             0x10000081   Data           2  fgetc_b.o(.data)
    .bss                                     0x10000084   Section      128  uart.o(.bss)
    .bss                                     0x10000104   Section       12  quicksort.o(.bss)
    .bss                                     0x10000110   Section    21112  rtx_conf_cm.o(.bss)
    .bss                                     0x10005388   Section       48  rt_task.o(.bss)
    .bss                                     0x100053b8   Section       48  rt_list.o(.bss)
    HEAP                                     0x100053e8   Section     4096  startup_lpc17xx.o(HEAP)
    STACK                                    0x100063e8   Section     4096  startup_lpc17xx.o(STACK)

    Global Symbols

    Symbol Name                              Value     Ov Type        Size  Object(Section)

    BuildAttributes$$THM_ISAv4$P$D$K$B$S$PE$A:L22UL41UL21$X:L11$S22US41US21$IEEE1$IW$USESV6$~STKCKD$USESV7$~SHL$OSPACE$ROPI$EBA8$MICROLIB$REQ8$PRES8$EABIv2 0x00000000   Number         0  anon$$obj.o ABSOLUTE
    __ARM_use_no_argv                        0x00000000   Number         0  main.o ABSOLUTE
    __Vectors                                0x00000000   Data           4  startup_lpc17xx.o(RESET)
    _printf_a                                0x00000000   Number         0  stubs.o ABSOLUTE
    _printf_c                                0x00000000   Number         0  stubs.o ABSOLUTE
    _printf_charcount                        0x00000000   Number         0  stubs.o ABSOLUTE
    _printf_d                                0x00000000   Number         0  stubs.o ABSOLUTE
    _printf_e                                0x00000000   Number         0  stubs.o ABSOLUTE
    _printf_f                                0x00000000   Number         0  stubs.o ABSOLUTE
    _printf_flags                            0x00000000   Number         0  stubs.o ABSOLUTE
    _printf_fp_dec                           0x00000000   Number         0  stubs.o ABSOLUTE
    _printf_fp_hex                           0x00000000   Number         0  stubs.o ABSOLUTE
    _printf_g                                0x00000000   Number         0  stubs.o ABSOLUTE
    _printf_i                                0x00000000   Number         0  stubs.o ABSOLUTE
    _printf_int_dec                          0x00000000   Number         0  stubs.o ABSOLUTE
    _printf_l                                0x00000000   Number         0  stubs.o ABSOLUTE
    _printf_lc                               0x00000000   Number         0  stubs.o ABSOLUTE
    _printf_ll                               0x00000000   Number         0  stubs.o ABSOLUTE
    _printf_lld                              0x00000000   Number         0  stubs.o ABSOLUTE
    _printf_lli                              0x00000000   Number         0  stubs.o ABSOLUTE
    _printf_llo                              0x00000000   Number         0  stubs.o ABSOLUTE
    _printf_llu                              0x00000000   Number         0  stubs.o ABSOLUTE
    _printf_llx                              0x00000000   Number         0  stubs.o ABSOLUTE
    _printf_longlong_dec                     0x00000000   Number         0  stubs.o ABSOLUTE
    _printf_longlong_hex                     0x00000000   Number         0  stubs.o ABSOLUTE
    _printf_longlong_oct                     0x00000000   Number         0  stubs.o ABSOLUTE
    _printf_ls                               0x00000000   Number         0  stubs.o ABSOLUTE
    _printf_mbtowc                           0x00000000   Number         0  stubs.o ABSOLUTE
    _printf_n                                0x00000000   Number         0  stubs.o ABSOLUTE
    _printf_o                                0x00000000   Number         0  stubs.o ABSOLUTE
    _printf_p                                0x00000000   Number         0  stubs.o ABSOLUTE
    _printf_percent                          0x00000000   Number         0  stubs.o ABSOLUTE
    _printf_pre_padding                      0x00000000   Number         0  stubs.o ABSOLUTE
    _printf_return_value                     0x00000000   Number         0  stubs.o ABSOLUTE
    _printf_s                                0x00000000   Number         0  stubs.o ABSOLUTE
    _printf_sizespec                         0x00000000   Number         0  stubs.o ABSOLUTE
    _printf_str                              0x00000000   Number         0  stubs.o ABSOLUTE
    _printf_truncate_signed                  0x00000000   Number         0  stubs.o ABSOLUTE
    _printf_truncate_unsigned                0x00000000   Number         0  stubs.o ABSOLUTE
    _printf_u                                0x00000000   Number         0  stubs.o ABSOLUTE
    _printf_wc                               0x00000000   Number         0  stubs.o ABSOLUTE
    _printf_wctomb                           0x00000000   Number         0  stubs.o ABSOLUTE
    _printf_widthprec                        0x00000000   Number         0  stubs.o ABSOLUTE
    _printf_x                                0x00000000   Number         0  stubs.o ABSOLUTE
    __decompress                              - Undefined Weak Reference
    _clock_init                               - Undefined Weak Reference
    _scanf_longlong                           - Undefined Weak Reference
    _scanf_real                               - Undefined Weak Reference
    _scanf_string                             - Undefined Weak Reference
    __main                                   0x000000cd   Thumb Code     0  entry.o(.ARM.Collect$$$$00000000)
    _main_stk                                0x000000cd   Thumb Code     0  entry2.o(.ARM.Collect$$$$00000001)
    _main_scatterload                        0x000000d1   Thumb Code     0  entry5.o(.ARM.Collect$$$$00000004)
    __main_after_scatterload                 0x000000d5   Thumb Code     0  entry5.o(.ARM.Collect$$$$00000004)
    _main_clock                              0x000000d5   Thumb Code     0  entry7b.o(.ARM.Collect$$$$00000008)
    _main_init                               0x000000d5   Thumb Code     0  entry8.o(.ARM.Collect$$$$00000009)
    rt_set_PSP                               0x000000e1   Thumb Code     6  hal_cm3.o(.emb_text)
    rt_get_PSP                               0x000000e7   Thumb Code     6  hal_cm3.o(.emb_text)
    os_set_env                               0x000000ed   Thumb Code    24  hal_cm3.o(.emb_text)
    _alloc_box                               0x00000109   Thumb Code    28  hal_cm3.o(.emb_text)
    _free_box                                0x00000129   Thumb Code    28  hal_cm3.o(.emb_text)
    SVC_Handler                              0x00000149   Thumb Code   124  hal_cm3.o(.emb_text)
    PendSV_Handler                           0x000001d1   Thumb Code    76  hal_cm3.o(.emb_text)
    SysTick_Handler                          0x00000221   Thumb Code     8  hal_cm3.o(.emb_text)
    OS_Tick_Handler                          0x00000229   Thumb Code    12  hal_cm3.o(.emb_text)
    Reset_Handler                            0x00000235   Thumb Code     8  startup_lpc17xx.o(.text)
    NMI_Handler                              0x0000023d   Thumb Code     2  startup_lpc17xx.o(.text)
    HardFault_Handler                        0x0000023f   Thumb Code     2  startup_lpc17xx.o(.text)
    MemManage_Handler                        0x00000241   Thumb Code     2  startup_lpc17xx.o(.text)
    BusFault_Handler                         0x00000243   Thumb Code     2  startup_lpc17xx.o(.text)
    UsageFault_Handler                       0x00000245   Thumb Code     2  startup_lpc17xx.o(.text)
    DebugMon_Handler                         0x00000249   Thumb Code     2  startup_lpc17xx.o(.text)
    ADC_IRQHandler                           0x0000024f   Thumb Code     0  startup_lpc17xx.o(.text)
    BOD_IRQHandler                           0x0000024f   Thumb Code     0  startup_lpc17xx.o(.text)
    CANActivity_IRQHandler                   0x0000024f   Thumb Code     0  startup_lpc17xx.o(.text)
    CAN_IRQHandler                           0x0000024f   Thumb Code     0  startup_lpc17xx.o(.text)
    DMA_IRQHandler                           0x0000024f   Thumb Code     0  startup_lpc17xx.o(.text)
    EINT0_IRQHandler                         0x0000024f   Thumb Code     0  startup_lpc17xx.o(.text)
    EINT1_IRQHandler                         0x0000024f   Thumb Code     0  startup_lpc17xx.o(.text)
    EINT2_IRQHandler                         0x0000024f   Thumb Code     0  startup_lpc17xx.o(.text)
    EINT3_IRQHandler                         0x0000024f   Thumb Code     0  startup_lpc17xx.o(.text)
    ENET_IRQHandler                          0x0000024f   Thumb Code     0  startup_lpc17xx.o(.text)
    I2C0_IRQHandler                          0x0000024f   Thumb Code     0  startup_lpc17xx.o(.text)
    I2C1_IRQHandler                          0x0000024f   Thumb Code     0  startup_lpc17xx.o(.text)
    I2C2_IRQHandler                          0x0000024f   Thumb Code     0  startup_lpc17xx.o(.text)
    I2S_IRQHandler                           0x0000024f   Thumb Code     0  startup_lpc17xx.o(.text)
    MCPWM_IRQHandler                         0x0000024f   Thumb Code     0  startup_lpc17xx.o(.text)
    PLL0_IRQHandler                          0x0000024f   Thumb Code     0  startup_lpc17xx.o(.text)
    PLL1_IRQHandler                          0x0000024f   Thumb Code     0  startup_lpc17xx.o(.text)
    PWM1_IRQHandler                          0x0000024f   Thumb Code     0  startup_lpc17xx.o(.text)
    QEI_IRQHandler                           0x0000024f   Thumb Code     0  startup_lpc17xx.o(.text)
    RIT_IRQHandler                           0x0000024f   Thumb Code     0  startup_lpc17xx.o(.text)
    RTC_IRQHandler                           0x0000024f   Thumb Code     0  startup_lpc17xx.o(.text)
    SPI_IRQHandler                           0x0000024f   Thumb Code     0  startup_lpc17xx.o(.text)
    SSP0_IRQHandler                          0x0000024f   Thumb Code     0  startup_lpc17xx.o(.text)
    SSP1_IRQHandler                          0x0000024f   Thumb Code     0  startup_lpc17xx.o(.text)
    TIMER0_IRQHandler                        0x0000024f   Thumb Code     0  startup_lpc17xx.o(.text)
    TIMER1_IRQHandler                        0x0000024f   Thumb Code     0  startup_lpc17xx.o(.text)
    TIMER2_IRQHandler                        0x0000024f   Thumb Code     0  startup_lpc17xx.o(.text)
    TIMER3_IRQHandler                        0x0000024f   Thumb Code     0  startup_lpc17xx.o(.text)
    UART2_IRQHandler                         0x0000024f   Thumb Code     0  startup_lpc17xx.o(.text)
    UART3_IRQHandler                         0x0000024f   Thumb Code     0  startup_lpc17xx.o(.text)
    USBActivity_IRQHandler                   0x0000024f   Thumb Code     0  startup_lpc17xx.o(.text)
    USB_IRQHandler                           0x0000024f   Thumb Code     0  startup_lpc17xx.o(.text)
    WDT_IRQHandler                           0x0000024f   Thumb Code     0  startup_lpc17xx.o(.text)
    sendchar                                 0x00000259   Thumb Code    64  retarget.o(.text)
    getkey                                   0x00000299   Thumb Code    32  retarget.o(.text)
    fputc                                    0x000002b9   Thumb Code    14  retarget.o(.text)
    fgetc                                    0x000002c7   Thumb Code    20  retarget.o(.text)
    ferror                                   0x000002db   Thumb Code     8  retarget.o(.text)
    _ttywrch                                 0x000002e3   Thumb Code    12  retarget.o(.text)
    _sys_exit                                0x000002ef   Thumb Code     4  retarget.o(.text)
    SVC_Count                                0x000002f8   Data           4  SVC_Table.o(SVC_TABLE)
    __I$use$fp                               0x000002f9   Thumb Code     0  iusefp.o(.text)
    __I$use$semihosting$fgetc                0x000002f9   Thumb Code     0  iusesemig.o(.text)
    __semihosting_library_function           0x000002f9   Thumb Code     0  semi.o(.text)
    SVC_Table                                0x000002fc   Data           0  SVC_Table.o(SVC_TABLE)
    SystemCoreClockUpdate                    0x00000301   Thumb Code   424  system_lpc17xx.o(.text)
    __RL_RTX_VER                             0x00000460   Number         0  rt_system.o ABSOLUTE
    SystemInit                               0x000004a9   Thumb Code   290  system_lpc17xx.o(.text)
    Free                                     0x00000619   Thumb Code     6  uart.o(.text)
    Lock                                     0x0000061f   Thumb Code    28  uart.o(.text)
    LockRcv                                  0x0000063b   Thumb Code    28  uart.o(.text)
    LockSnd                                  0x00000657   Thumb Code    28  uart.o(.text)
    FreeRcv                                  0x00000673   Thumb Code    28  uart.o(.text)
    FreeSnd                                  0x0000068f   Thumb Code    28  uart.o(.text)
    UART0_IRQHandler                         0x000006ab   Thumb Code    86  uart.o(.text)
    UART1_IRQHandler                         0x00000701   Thumb Code    88  uart.o(.text)
    getFrequency                             0x00000759   Thumb Code    64  uart.o(.text)
    UARTInit                                 0x00000799   Thumb Code   176  uart.o(.text)
    UARTSend                                 0x00000849   Thumb Code   112  uart.o(.text)
    UARTSendChar                             0x000008b9   Thumb Code    24  uart.o(.text)
    UARTRecieve                              0x000008d1   Thumb Code   134  uart.o(.text)
    UARTReceiveChar                          0x00000957   Thumb Code    26  uart.o(.text)
    generate_array                           0x00000a91   Thumb Code    88  array_tools.o(.text)
    print_array                              0x00000ae9   Thumb Code    36  array_tools.o(.text)
    is_sorted_array                          0x00000b0d   Thumb Code    58  array_tools.o(.text)
    base_task                                0x00000bf5   Thumb Code   108  main.o(.text)
    main                                     0x00000c61   Thumb Code    42  main.o(.text)
    increase_counter                         0x00000cd1   Thumb Code    32  quicksort.o(.text)
    decrease_counter                         0x00000cf1   Thumb Code    46  quicksort.o(.text)
    swap                                     0x00000d1f   Thumb Code    10  quicksort.o(.text)
    median_of_three                          0x00000d29   Thumb Code    60  quicksort.o(.text)
    insertion_sort                           0x00000d65   Thumb Code    68  quicksort.o(.text)
    partition                                0x00000da9   Thumb Code    90  quicksort.o(.text)
    quick_sort_task_sem                      0x00000e03   Thumb Code   312  quicksort.o(.text)
    quicksort_sem                            0x00000f3b   Thumb Code   106  quicksort.o(.text)
    quick_sort_task                          0x00000fa5   Thumb Code   150  quicksort.o(.text)
    quicksort                                0x0000103b   Thumb Code    92  quicksort.o(.text)
    os_idle_demon                            0x000010c9   Thumb Code     4  rtx_conf_cm.o(.text)
    os_tmr_call                              0x000010cd   Thumb Code     2  rtx_conf_cm.o(.text)
    os_error                                 0x000010cf   Thumb Code     4  rtx_conf_cm.o(.text)
    __aeabi_uldivmod                         0x000010d3   Thumb Code    98  uldiv.o(.text)
    rand                                     0x00001135   Thumb Code    20  rand.o(.text)
    srand                                    0x00001149   Thumb Code     6  rand.o(.text)
    __0scanf                                 0x00001159   Thumb Code    26  __0scanf.o(.text)
    _scanf_int                               0x00001179   Thumb Code   336  _scanf_int.o(.text)
    __aeabi_dadd                             0x000012c9   Thumb Code   322  dadd.o(.text)
    __aeabi_dsub                             0x0000140b   Thumb Code     6  dadd.o(.text)
    __aeabi_drsub                            0x00001411   Thumb Code     6  dadd.o(.text)
    __aeabi_ui2d                             0x00001417   Thumb Code    26  dfltui.o(.text)
    __aeabi_uidiv                            0x00001431   Thumb Code     0  uidiv.o(.text)
    __aeabi_uidivmod                         0x00001431   Thumb Code    44  uidiv.o(.text)
    __aeabi_llsl                             0x0000145d   Thumb Code    30  llshl.o(.text)
    _ll_shift_l                              0x0000145d   Thumb Code     0  llshl.o(.text)
    __aeabi_llsr                             0x0000147b   Thumb Code    32  llushr.o(.text)
    _ll_ushift_r                             0x0000147b   Thumb Code     0  llushr.o(.text)
    __aeabi_lasr                             0x0000149b   Thumb Code    36  llsshr.o(.text)
    _ll_sshift_r                             0x0000149b   Thumb Code     0  llsshr.o(.text)
    _chval                                   0x000014bf   Thumb Code    28  _chval.o(.text)
    __vfscanf_char_file                      0x000014dd   Thumb Code    12  scanf_char_file.o(.text)
    _double_round                            0x000014f1   Thumb Code    26  depilogue.o(.text)
    _double_epilogue                         0x0000150b   Thumb Code   164  depilogue.o(.text)
    __aeabi_dmul                             0x000015af   Thumb Code   228  dmul.o(.text)
    __aeabi_ddiv                             0x00001693   Thumb Code   222  ddiv.o(.text)
    __aeabi_d2ulz                            0x00001771   Thumb Code    48  dfixul.o(.text)
    __aeabi_cdrcmple                         0x000017a1   Thumb Code    38  cdrcmple.o(.text)
    __scatterload                            0x000017c9   Thumb Code    28  init.o(.text)
    __scatterload_rt2                        0x000017c9   Thumb Code     0  init.o(.text)
    _fgetc$bs                                0x000017ed   Thumb Code    28  fgetc_b.o(.text)
    __backspace                              0x00001809   Thumb Code    10  fgetc_b.o(.text)
    __vfscanf_char                           0x00001825   Thumb Code    20  scanf_char.o(.text)
    isspace                                  0x00001841   Thumb Code    10  isspace_c.o(.text)
    __vfscanf                                0x0000184d   Thumb Code   806  _scanf.o(.text)
    __ctype_lookup                           0x00001b79   Thumb Code    34  ctype_c.o(.text)
    __0printf                                0x00001ba1   Thumb Code    22  printfa.o(i.__0printf)
    __1printf                                0x00001ba1   Thumb Code     0  printfa.o(i.__0printf)
    __2printf                                0x00001ba1   Thumb Code     0  printfa.o(i.__0printf)
    __c89printf                              0x00001ba1   Thumb Code     0  printfa.o(i.__0printf)
    printf                                   0x00001ba1   Thumb Code     0  printfa.o(i.__0printf)
    __scatterload_copy                       0x00001bc1   Thumb Code    14  handlers.o(i.__scatterload_copy)
    __scatterload_null                       0x00001bcf   Thumb Code     2  handlers.o(i.__scatterload_null)
    __scatterload_zeroinit                   0x00001bd1   Thumb Code    14  handlers.o(i.__scatterload_zeroinit)
    _init_box                                0x00001d3d   Thumb Code    70  rt_membox.o(i._init_box)
    dbg_init                                 0x000024cd   Thumb Code    34  hal_cm3.o(i.dbg_init)
    dbg_task_notify                          0x000024fd   Thumb Code    32  hal_cm3.o(i.dbg_task_notify)
    dbg_task_switch                          0x0000251d   Thumb Code    16  hal_cm3.o(i.dbg_task_switch)
    free                                     0x0000252d   Thumb Code    76  malloc.o(i.free)
    malloc                                   0x0000257d   Thumb Code    92  malloc.o(i.malloc)
    os_tick_init                             0x000025e9   Thumb Code    32  rt_system.o(i.os_tick_init)
    os_tick_irqack                           0x00002611   Thumb Code     2  rt_system.o(i.os_tick_irqack)
    rt_alloc_box                             0x00002613   Thumb Code    26  rt_membox.o(i.rt_alloc_box)
    rt_block                                 0x0000262d   Thumb Code    48  rt_task.o(i.rt_block)
    rt_chk_robin                             0x00002665   Thumb Code    60  rt_robin.o(i.rt_chk_robin)
    rt_dec_dly                               0x000026ad   Thumb Code   106  rt_list.o(i.rt_dec_dly)
    rt_dispatch                              0x00002721   Thumb Code    60  rt_task.o(i.rt_dispatch)
    rt_evt_psh                               0x00002765   Thumb Code    72  rt_event.o(i.rt_evt_psh)
    rt_free_box                              0x000027b1   Thumb Code    32  rt_membox.o(i.rt_free_box)
    rt_get_first                             0x000027d1   Thumb Code    40  rt_list.o(i.rt_get_first)
    rt_init_robin                            0x0000283d   Thumb Code    14  rt_robin.o(i.rt_init_robin)
    rt_init_stack                            0x00002855   Thumb Code    70  hal_cm3.o(i.rt_init_stack)
    rt_mbx_psh                               0x000028a5   Thumb Code   188  rt_mailbox.o(i.rt_mbx_psh)
    rt_mut_init                              0x00002965   Thumb Code    16  rt_mutex.o(i.rt_mut_init)
    rt_mut_release                           0x00002975   Thumb Code   164  rt_mutex.o(i.rt_mut_release)
    rt_mut_wait                              0x00002a21   Thumb Code    96  rt_mutex.o(i.rt_mut_wait)
    rt_pop_req                               0x00002a85   Thumb Code   106  rt_system.o(i.rt_pop_req)
    rt_put_dly                               0x00002afd   Thumb Code    68  rt_list.o(i.rt_put_dly)
    rt_put_prio                              0x00002b45   Thumb Code    54  rt_list.o(i.rt_put_prio)
    rt_put_rdy_first                         0x00002b7d   Thumb Code    14  rt_list.o(i.rt_put_rdy_first)
    rt_resort_prio                           0x00002b91   Thumb Code    46  rt_list.o(i.rt_resort_prio)
    rt_rmv_dly                               0x00002bc5   Thumb Code    40  rt_list.o(i.rt_rmv_dly)
    rt_rmv_list                              0x00002bed   Thumb Code    44  rt_list.o(i.rt_rmv_list)
    rt_sem_init                              0x00002c1d   Thumb Code    12  rt_semaphore.o(i.rt_sem_init)
    rt_sem_psh                               0x00002c29   Thumb Code    46  rt_semaphore.o(i.rt_sem_psh)
    rt_sem_send                              0x00002c5d   Thumb Code    52  rt_semaphore.o(i.rt_sem_send)
    rt_sem_wait                              0x00002c95   Thumb Code    56  rt_semaphore.o(i.rt_sem_wait)
    rt_stk_check                             0x00002cd1   Thumb Code    28  rt_system.o(i.rt_stk_check)
    rt_switch_req                            0x00002cf5   Thumb Code    30  rt_task.o(i.rt_switch_req)
    rt_sys_init                              0x00002d1d   Thumb Code   266  rt_task.o(i.rt_sys_init)
    rt_systick                               0x00002e75   Thumb Code    48  rt_system.o(i.rt_systick)
    rt_time_get                              0x00002eb1   Thumb Code     6  rt_time.o(i.rt_time_get)
    rt_tmr_tick                              0x00002ebd   Thumb Code    56  rt_timer.o(i.rt_tmr_tick)
    rt_tsk_create                            0x00002efd   Thumb Code   126  rt_task.o(i.rt_tsk_create)
    rt_tsk_delete                            0x00002f91   Thumb Code   162  rt_task.o(i.rt_tsk_delete)
    rt_tsk_prio                              0x0000304d   Thumb Code   110  rt_task.o(i.rt_tsk_prio)
    os_maxtaskrun                            0x000030cc   Data           2  rtx_conf_cm.o(.constdata)
    os_stackinfo                             0x000030d0   Data           4  rtx_conf_cm.o(.constdata)
    os_rrobin                                0x000030d4   Data           4  rtx_conf_cm.o(.constdata)
    os_trv                                   0x000030d8   Data           4  rtx_conf_cm.o(.constdata)
    os_flags                                 0x000030dc   Data           1  rtx_conf_cm.o(.constdata)
    os_clockrate                             0x000030e0   Data           4  rtx_conf_cm.o(.constdata)
    os_timernum                              0x000030e4   Data           4  rtx_conf_cm.o(.constdata)
    mp_tcb_size                              0x000030e8   Data           2  rtx_conf_cm.o(.constdata)
    mp_stk_size                              0x000030ec   Data           4  rtx_conf_cm.o(.constdata)
    os_fifo_size                             0x000030f0   Data           1  rtx_conf_cm.o(.constdata)
    mp_tmr_size                              0x000030f2   Data           2  rtx_conf_cm.o(.constdata)
    __ctype_categories                       0x000030f4   Data          64  ctype_c.o(.constdata)
    Region$$Table$$Base                      0x00003134   Number         0  anon$$obj.o(Region$$Table)
    Region$$Table$$Limit                     0x00003154   Number         0  anon$$obj.o(Region$$Table)
    SystemCoreClock                          0x10000000   Data           4  system_lpc17xx.o(.data)
    uart_init_called                         0x10000004   Data           1  retarget.o(.data)
    __stdout                                 0x10000008   Data           4  retarget.o(.data)
    __stdin                                  0x1000000c   Data           4  retarget.o(.data)
    ITM_RxBuffer                             0x10000010   Data           4  uart.o(.data)
    UART0TxEmpty                             0x10000014   Data           1  uart.o(.data)
    UART1TxEmpty                             0x10000015   Data           1  uart.o(.data)
    UART0Count                               0x10000018   Data           4  uart.o(.data)
    UART1Count                               0x1000001c   Data           4  uart.o(.data)
    i                                        0x10000020   Data           4  uart.o(.data)
    UART0Status                              0x10000024   Data           4  uart.o(.data)
    UART1Status                              0x10000028   Data           4  uart.o(.data)
    RcvLock0                                 0x1000002c   Data           1  uart.o(.data)
    SndLock0                                 0x1000002d   Data           1  uart.o(.data)
    RcvLock1                                 0x1000002e   Data           1  uart.o(.data)
    SndLock1                                 0x1000002f   Data           1  uart.o(.data)
    time                                     0x10000030   Data           8  main.o(.data)
    useInsert                                0x10000038   Data           4  quicksort.o(.data)
    mainLock                                 0x1000003c   Data           8  quicksort.o(.data)
    counter                                  0x10000044   Data           4  quicksort.o(.data)
    m_tmr                                    0x10000048   Data           4  rtx_conf_cm.o(.data)
    os_tsk                                   0x1000004c   Data           8  rt_task.o(.data)
    os_time                                  0x10000054   Data           4  rt_time.o(.data)
    dbg_msg                                  0x10000058   Data           1  hal_cm3.o(.data)
    os_tick_irqn                             0x10000060   Data           4  rt_system.o(.data)
    os_robin                                 0x10000064   Data           8  rt_robin.o(.data)
    os_tmr                                   0x1000006c   Data           8  rt_timer.o(.data)
    __microlib_freelist                      0x10000078   Data           4  mvars.o(.data)
    __microlib_freelist_initialised          0x1000007c   Data           4  mvars.o(.data)
    UART0Buffer                              0x10000084   Data          64  uart.o(.bss)
    UART1Buffer                              0x100000c4   Data          64  uart.o(.bss)
    mut                                      0x10000104   Data          12  quicksort.o(.bss)
    mp_tcb                                   0x10000110   Data        1980  rtx_conf_cm.o(.bss)
    mp_stk                                   0x100008d0   Data       18832  rtx_conf_cm.o(.bss)
    os_fifo                                  0x10005260   Data         132  rtx_conf_cm.o(.bss)
    os_active_TCB                            0x100052e4   Data         164  rtx_conf_cm.o(.bss)
    os_idle_TCB                              0x10005388   Data          48  rt_task.o(.bss)
    os_rdy                                   0x100053b8   Data          24  rt_list.o(.bss)
    os_dly                                   0x100053d0   Data          24  rt_list.o(.bss)
    __heap_base                              0x100053e8   Data           0  startup_lpc17xx.o(HEAP)
    __heap_limit                             0x100063e8   Data           0  startup_lpc17xx.o(HEAP)
    __initial_sp                             0x100073e8   Data           0  startup_lpc17xx.o(STACK)



==============================================================================

Memory Map of the image

  Image Entry point : 0x000000cd

  Load Region LR_IROM1 (Base: 0x00000000, Size: 0x000031d8, Max: 0x00080000, ABSOLUTE)

    Execution Region ER_IROM1 (Base: 0x00000000, Size: 0x00003154, Max: 0x00080000, ABSOLUTE)

    Base Addr    Size         Type   Attr      Idx    E Section Name        Object

    0x00000000   0x000000cc   Data   RO            3    RESET               startup_lpc17xx.o
    0x000000cc   0x00000000   Code   RO          801  * .ARM.Collect$$$$00000000  mc_w.l(entry.o)
    0x000000cc   0x00000004   Code   RO         1106    .ARM.Collect$$$$00000001  mc_w.l(entry2.o)
    0x000000d0   0x00000004   Code   RO         1109    .ARM.Collect$$$$00000004  mc_w.l(entry5.o)
    0x000000d4   0x00000000   Code   RO         1111    .ARM.Collect$$$$00000008  mc_w.l(entry7b.o)
    0x000000d4   0x00000008   Code   RO         1112    .ARM.Collect$$$$00000009  mc_w.l(entry8.o)
    0x000000dc   0x00000004   Code   RO         1107    .ARM.Collect$$$$00002712  mc_w.l(entry2.o)
    0x000000e0   0x00000154   Code   RO          422    .emb_text           RTX_CM3.LIB(hal_cm3.o)
    0x00000234   0x00000024   Code   RO            5    .text               startup_lpc17xx.o
    0x00000258   0x000000a0   Code   RO           56    .text               retarget.o
    0x000002f8   0x00000000   Code   RO         1131    .text               mc_w.l(iusefp.o)
    0x000002f8   0x00000000   Code   RO         1149    .text               mc_w.l(semi.o)
    0x000002f8   0x00000000   Code   RO         1154    .text               mc_w.l(iusesemig.o)
    0x000002f8   0x00000004   Code   RO          681    SVC_TABLE           RTX_CM3.LIB(SVC_Table.o)
    0x000002fc   0x00000004   Code   RO            4    .ARM.__at_0x02FC    startup_lpc17xx.o
    0x00000300   0x00000318   Code   RO           15    .text               system_lpc17xx.o
    0x00000618   0x000003ac   Code   RO           83    .text               uart.o
    0x000009c4   0x00000230   Code   RO          118    .text               array_tools.o
    0x00000bf4   0x000000dc   Code   RO          145    .text               main.o
    0x00000cd0   0x000003f8   Code   RO          184    .text               quicksort.o
    0x000010c8   0x0000000a   Code   RO          206    .text               rtx_conf_cm.o
    0x000010d2   0x00000062   Code   RO          804    .text               mc_w.l(uldiv.o)
    0x00001134   0x00000024   Code   RO          806    .text               mc_w.l(rand.o)
    0x00001158   0x00000020   Code   RO         1098    .text               mc_w.l(__0scanf.o)
    0x00001178   0x00000150   Code   RO         1100    .text               mc_w.l(_scanf_int.o)
    0x000012c8   0x0000014e   Code   RO         1102    .text               mf_w.l(dadd.o)
    0x00001416   0x0000001a   Code   RO         1104    .text               mf_w.l(dfltui.o)
    0x00001430   0x0000002c   Code   RO         1113    .text               mc_w.l(uidiv.o)
    0x0000145c   0x0000001e   Code   RO         1115    .text               mc_w.l(llshl.o)
    0x0000147a   0x00000020   Code   RO         1117    .text               mc_w.l(llushr.o)
    0x0000149a   0x00000024   Code   RO         1119    .text               mc_w.l(llsshr.o)
    0x000014be   0x0000001c   Code   RO         1127    .text               mc_w.l(_chval.o)
    0x000014da   0x00000002   PAD
    0x000014dc   0x00000014   Code   RO         1129    .text               mc_w.l(scanf_char_file.o)
    0x000014f0   0x000000be   Code   RO         1132    .text               mf_w.l(depilogue.o)
    0x000015ae   0x000000e4   Code   RO         1134    .text               mf_w.l(dmul.o)
    0x00001692   0x000000de   Code   RO         1136    .text               mf_w.l(ddiv.o)
    0x00001770   0x00000030   Code   RO         1138    .text               mf_w.l(dfixul.o)
    0x000017a0   0x00000028   Code   RO         1140    .text               mf_w.l(cdrcmple.o)
    0x000017c8   0x00000024   Code   RO         1142    .text               mc_w.l(init.o)
    0x000017ec   0x0000002c   Code   RO         1144    .text               mc_w.l(fgetc_b.o)
    0x00001818   0x00000028   Code   RO         1147    .text               mc_w.l(scanf_char.o)
    0x00001840   0x0000000a   Code   RO         1150    .text               mc_w.l(isspace_c.o)
    0x0000184a   0x00000002   PAD
    0x0000184c   0x0000032c   Code   RO         1152    .text               mc_w.l(_scanf.o)
    0x00001b78   0x00000028   Code   RO         1155    .text               mc_w.l(ctype_c.o)
    0x00001ba0   0x00000020   Code   RO         1042    i.__0printf         mc_w.l(printfa.o)
    0x00001bc0   0x0000000e   Code   RO         1160    i.__scatterload_copy  mc_w.l(handlers.o)
    0x00001bce   0x00000002   Code   RO         1161    i.__scatterload_null  mc_w.l(handlers.o)
    0x00001bd0   0x0000000e   Code   RO         1162    i.__scatterload_zeroinit  mc_w.l(handlers.o)
    0x00001bde   0x00000002   PAD
    0x00001be0   0x0000015c   Code   RO         1049    i._fp_digits        mc_w.l(printfa.o)
    0x00001d3c   0x00000046   Code   RO          648    i._init_box         RTX_CM3.LIB(rt_membox.o)
    0x00001d82   0x00000002   PAD
    0x00001d84   0x000006f0   Code   RO         1050    i._printf_core      mc_w.l(printfa.o)
    0x00002474   0x00000026   Code   RO         1051    i._printf_post_padding  mc_w.l(printfa.o)
    0x0000249a   0x00000030   Code   RO         1052    i._printf_pre_padding  mc_w.l(printfa.o)
    0x000024ca   0x00000002   PAD
    0x000024cc   0x00000030   Code   RO          423    i.dbg_init          RTX_CM3.LIB(hal_cm3.o)
    0x000024fc   0x00000020   Code   RO          424    i.dbg_task_notify   RTX_CM3.LIB(hal_cm3.o)
    0x0000251c   0x00000010   Code   RO          425    i.dbg_task_switch   RTX_CM3.LIB(hal_cm3.o)
    0x0000252c   0x00000050   Code   RO         1070    i.free              mc_w.l(malloc.o)
    0x0000257c   0x0000006c   Code   RO         1071    i.malloc            mc_w.l(malloc.o)
    0x000025e8   0x00000028   Code   RO          464    i.os_tick_init      RTX_CM3.LIB(rt_system.o)
    0x00002610   0x00000002   Code   RO          465    i.os_tick_irqack    RTX_CM3.LIB(rt_system.o)
    0x00002612   0x0000001a   Code   RO          649    i.rt_alloc_box      RTX_CM3.LIB(rt_membox.o)
    0x0000262c   0x00000038   Code   RO          226    i.rt_block          RTX_CM3.LIB(rt_task.o)
    0x00002664   0x00000048   Code   RO          626    i.rt_chk_robin      RTX_CM3.LIB(rt_robin.o)
    0x000026ac   0x00000074   Code   RO          547    i.rt_dec_dly        RTX_CM3.LIB(rt_list.o)
    0x00002720   0x00000044   Code   RO          227    i.rt_dispatch       RTX_CM3.LIB(rt_task.o)
    0x00002764   0x0000004c   Code   RO          687    i.rt_evt_psh        RTX_CM3.LIB(rt_event.o)
    0x000027b0   0x00000020   Code   RO          650    i.rt_free_box       RTX_CM3.LIB(rt_membox.o)
    0x000027d0   0x00000028   Code   RO          548    i.rt_get_first      RTX_CM3.LIB(rt_list.o)
    0x000027f8   0x00000044   Code   RO          228    i.rt_init_context   RTX_CM3.LIB(rt_task.o)
    0x0000283c   0x00000018   Code   RO          627    i.rt_init_robin     RTX_CM3.LIB(rt_robin.o)
    0x00002854   0x00000050   Code   RO          426    i.rt_init_stack     RTX_CM3.LIB(hal_cm3.o)
    0x000028a4   0x000000c0   Code   RO          730    i.rt_mbx_psh        RTX_CM3.LIB(rt_mailbox.o)
    0x00002964   0x00000010   Code   RO          398    i.rt_mut_init       RTX_CM3.LIB(rt_mutex.o)
    0x00002974   0x000000ac   Code   RO          399    i.rt_mut_release    RTX_CM3.LIB(rt_mutex.o)
    0x00002a20   0x00000064   Code   RO          400    i.rt_mut_wait       RTX_CM3.LIB(rt_mutex.o)
    0x00002a84   0x00000078   Code   RO          466    i.rt_pop_req        RTX_CM3.LIB(rt_system.o)
    0x00002afc   0x00000048   Code   RO          551    i.rt_put_dly        RTX_CM3.LIB(rt_list.o)
    0x00002b44   0x00000036   Code   RO          552    i.rt_put_prio       RTX_CM3.LIB(rt_list.o)
    0x00002b7a   0x00000002   PAD
    0x00002b7c   0x00000014   Code   RO          553    i.rt_put_rdy_first  RTX_CM3.LIB(rt_list.o)
    0x00002b90   0x00000034   Code   RO          554    i.rt_resort_prio    RTX_CM3.LIB(rt_list.o)
    0x00002bc4   0x00000028   Code   RO          555    i.rt_rmv_dly        RTX_CM3.LIB(rt_list.o)
    0x00002bec   0x00000030   Code   RO          556    i.rt_rmv_list       RTX_CM3.LIB(rt_list.o)
    0x00002c1c   0x0000000c   Code   RO          326    i.rt_sem_init       RTX_CM3.LIB(rt_semaphore.o)
    0x00002c28   0x00000034   Code   RO          327    i.rt_sem_psh        RTX_CM3.LIB(rt_semaphore.o)
    0x00002c5c   0x00000038   Code   RO          328    i.rt_sem_send       RTX_CM3.LIB(rt_semaphore.o)
    0x00002c94   0x0000003c   Code   RO          329    i.rt_sem_wait       RTX_CM3.LIB(rt_semaphore.o)
    0x00002cd0   0x00000024   Code   RO          469    i.rt_stk_check      RTX_CM3.LIB(rt_system.o)
    0x00002cf4   0x00000028   Code   RO          229    i.rt_switch_req     RTX_CM3.LIB(rt_task.o)
    0x00002d1c   0x00000158   Code   RO          230    i.rt_sys_init       RTX_CM3.LIB(rt_task.o)
    0x00002e74   0x0000003c   Code   RO          471    i.rt_systick        RTX_CM3.LIB(rt_system.o)
    0x00002eb0   0x0000000c   Code   RO          368    i.rt_time_get       RTX_CM3.LIB(rt_time.o)
    0x00002ebc   0x00000040   Code   RO          776    i.rt_tmr_tick       RTX_CM3.LIB(rt_timer.o)
    0x00002efc   0x00000094   Code   RO          231    i.rt_tsk_create     RTX_CM3.LIB(rt_task.o)
    0x00002f90   0x000000bc   Code   RO          232    i.rt_tsk_delete     RTX_CM3.LIB(rt_task.o)
    0x0000304c   0x00000080   Code   RO          234    i.rt_tsk_prio       RTX_CM3.LIB(rt_task.o)
    0x000030cc   0x00000028   Data   RO          208    .constdata          rtx_conf_cm.o
    0x000030f4   0x00000040   Data   RO         1156    .constdata          mc_w.l(ctype_c.o)
    0x00003134   0x00000020   Data   RO         1158    Region$$Table       anon$$obj.o


    Execution Region RW_IRAM1 (Base: 0x10000000, Size: 0x000073e8, Max: 0x00008000, ABSOLUTE)

    Base Addr    Size         Type   Attr      Idx    E Section Name        Object

    0x10000000   0x00000004   Data   RW           16    .data               system_lpc17xx.o
    0x10000004   0x0000000c   Data   RW           57    .data               retarget.o
    0x10000010   0x00000020   Data   RW           85    .data               uart.o
    0x10000030   0x00000008   Data   RW          146    .data               main.o
    0x10000038   0x00000010   Data   RW          186    .data               quicksort.o
    0x10000048   0x00000004   Data   RW          209    .data               rtx_conf_cm.o
    0x1000004c   0x00000008   Data   RW          237    .data               RTX_CM3.LIB(rt_task.o)
    0x10000054   0x00000004   Data   RW          369    .data               RTX_CM3.LIB(rt_time.o)
    0x10000058   0x00000001   Data   RW          427    .data               RTX_CM3.LIB(hal_cm3.o)
    0x10000059   0x00000003   PAD
    0x1000005c   0x00000008   Data   RW          474    .data               RTX_CM3.LIB(rt_system.o)
    0x10000064   0x00000008   Data   RW          628    .data               RTX_CM3.LIB(rt_robin.o)
    0x1000006c   0x00000008   Data   RW          777    .data               RTX_CM3.LIB(rt_timer.o)
    0x10000074   0x00000004   Data   RW          807    .data               mc_w.l(rand.o)
    0x10000078   0x00000004   Data   RW         1125    .data               mc_w.l(mvars.o)
    0x1000007c   0x00000004   Data   RW         1126    .data               mc_w.l(mvars.o)
    0x10000080   0x00000003   Data   RW         1145    .data               mc_w.l(fgetc_b.o)
    0x10000083   0x00000001   PAD
    0x10000084   0x00000080   Zero   RW           84    .bss                uart.o
    0x10000104   0x0000000c   Zero   RW          185    .bss                quicksort.o
    0x10000110   0x00005278   Zero   RW          207    .bss                rtx_conf_cm.o
    0x10005388   0x00000030   Zero   RW          236    .bss                RTX_CM3.LIB(rt_task.o)
    0x100053b8   0x00000030   Zero   RW          557    .bss                RTX_CM3.LIB(rt_list.o)
    0x100053e8   0x00001000   Zero   RW            2    HEAP                startup_lpc17xx.o
    0x100063e8   0x00001000   Zero   RW            1    STACK               startup_lpc17xx.o


==============================================================================

Image component sizes


      Code (inc. data)   RO Data    RW Data    ZI Data      Debug   Object Name

       560        174          0          0          0       3457   array_tools.o
       220         70          0          8          0       7824   main.o
      1016         50          0         16         12       4143   quicksort.o
       160          6          0         12          0       3135   retarget.o
        10          0         40          4      21112       1728   rtx_conf_cm.o
        40         12        204          0       8192        856   startup_lpc17xx.o
       792         78          0          4          0       5225   system_lpc17xx.o
       940         60          0         32        128      45535   uart.o

    ----------------------------------------------------------------------
      3738        450        276         76      29444      71903   Object Totals
         0          0         32          0          0          0   (incl. Generated)
         0          0          0          0          0          0   (incl. Padding)

    ----------------------------------------------------------------------

      Code (inc. data)   RO Data    RW Data    ZI Data      Debug   Library Member Name

         4          4          0          0          0        136   SVC_Table.o
       516         56          0          1          0       2465   hal_cm3.o
        76          4          0          0          0        541   rt_event.o
       442         30          0          0         48       3794   rt_list.o
       192          4          0          0          0        605   rt_mailbox.o
       128          0          0          0          0       1489   rt_membox.o
       288         12          0          0          0       1601   rt_mutex.o
        96         22          0          8          0        962   rt_robin.o
       180         14          0          0          0       1883   rt_semaphore.o
       258         42          0          8          0       2962   rt_system.o
      1040        174          0          8         48       6884   rt_task.o
        12          6          0          4          0        512   rt_time.o
        64          8          0          8          0        583   rt_timer.o
        32          6          0          0          0         84   __0scanf.o
        28          0          0          0          0         68   _chval.o
       812          6          0          0          0        112   _scanf.o
       336          0          0          0          0         92   _scanf_int.o
        40          6         64          0          0         68   ctype_c.o
         0          0          0          0          0          0   entry.o
         8          4          0          0          0          0   entry2.o
         4          0          0          0          0          0   entry5.o
         0          0          0          0          0          0   entry7b.o
         8          4          0          0          0          0   entry8.o
        44          6          0          3          0        144   fgetc_b.o
        30          0          0          0          0          0   handlers.o
        36          8          0          0          0         68   init.o
        10          0          0          0          0         68   isspace_c.o
         0          0          0          0          0          0   iusefp.o
         0          0          0          0          0          0   iusesemig.o
        30          0          0          0          0         68   llshl.o
        36          0          0          0          0         68   llsshr.o
        32          0          0          0          0         68   llushr.o
       188         20          0          0          0        160   malloc.o
         0          0          0          8          0          0   mvars.o
      2242         90          0          0          0        444   printfa.o
        36         10          0          4          0        136   rand.o
        40          8          0          0          0         84   scanf_char.o
        20          8          0          0          0         68   scanf_char_file.o
         0          0          0          0          0          0   semi.o
        44          0          0          0          0         80   uidiv.o
        98          0          0          0          0         92   uldiv.o
        40          2          0          0          0         68   cdrcmple.o
       334          0          0          0          0        144   dadd.o
       222          0          0          0          0        100   ddiv.o
       190          0          0          0          0        176   depilogue.o
        48          0          0          0          0         68   dfixul.o
        26          0          0          0          0         76   dfltui.o
       228          0          0          0          0         92   dmul.o

    ----------------------------------------------------------------------
      8550        554         64         56         96      27113   Library Totals
        12          0          0          4          0          0   (incl. Padding)

    ----------------------------------------------------------------------

      Code (inc. data)   RO Data    RW Data    ZI Data      Debug   Library Name

      3296        376          0         37         96      24417   RTX_CM3.LIB
      4154        176         64         15          0       1972   mc_w.l
      1088          2          0          0          0        724   mf_w.l

    ----------------------------------------------------------------------
      8550        554         64         56         96      27113   Library Totals

    ----------------------------------------------------------------------

==============================================================================


      Code (inc. data)   RO Data    RW Data    ZI Data      Debug   

     12288       1004        340        132      29540      94908   Grand Totals
     12288       1004        340        132      29540      94908   ELF Image Totals
     12288       1004        340        132          0          0   ROM Totals

==============================================================================

    Total RO  Size (Code + RO Data)                12628 (  12.33kB)
    Total RW  Size (RW Data + ZI Data)             29672 (  28.98kB)
    Total ROM Size (Code + RO Data + RW Data)      12760 (  12.46kB)

==============================================================================

