<html>
<body>
<pre>
<h1>µVision Build Log</h1>
<h2>Project:</h2>
N:\MTE-241\Project3_Final\Project3.uvproj
Project File Date:  11/08/2015

<h2>Output:</h2>
Rebuild target 'Target 1'
assembling startup_LPC17xx.s...
compiling system_LPC17xx.c...
compiling Retarget.c...
compiling uart.c...
compiling array_tools.c...
array_tools.c(92): warning:  #181-D: argument is incompatible with corresponding format string conversion
compiling main.c...
main.c(41): warning:  #223-D: function "quicksort_sem" declared implicitly
compiling quicksort.c...
compiling RTX_Conf_CM.c...
linking...
Program Size: Code=12288 RO-data=340 RW-data=132 ZI-data=29540  
"Project3.axf" - 0 Error(s), 2 Warning(s).
Load "N:\\MTE-241\\Project3_Final\\Project3.AXF" 
Erase Done.
Programming Done.
Verify OK.
Rebuild target 'Target 1'
assembling startup_LPC17xx.s...
compiling system_LPC17xx.c...
compiling Retarget.c...
compiling uart.c...
compiling array_tools.c...
array_tools.c(92): warning:  #181-D: argument is incompatible with corresponding format string conversion
compiling main.c...
compiling quicksort.c...
compiling RTX_Conf_CM.c...
linking...
Program Size: Code=12288 RO-data=340 RW-data=132 ZI-data=29540  
"Project3.axf" - 0 Error(s), 1 Warning(s).
Load "N:\\MTE-241\\Project3_Final\\Project3.AXF" 
Erase Done.
Programming Done.
Verify OK.
Rebuild target 'Target 1'
assembling startup_LPC17xx.s...
compiling system_LPC17xx.c...
compiling Retarget.c...
compiling uart.c...
compiling array_tools.c...
array_tools.c(92): warning:  #181-D: argument is incompatible with corresponding format string conversion
compiling main.c...
main.c(41): warning:  #223-D: function "quicksort_sem" declared implicitly
compiling quicksort.c...
compiling RTX_Conf_CM.c...
linking...
Program Size: Code=12288 RO-data=340 RW-data=132 ZI-data=29540  
"Project3.axf" - 0 Error(s), 2 Warning(s).
Load "N:\\MTE-241\\Project3_Final\\Project3.AXF" 
Erase Done.
Programming Done.
Verify OK.
